Component: Arm Compiler for Embedded 6.19 Tool: armlink [5e73cb00]

==============================================================================

Section Cross References

    keil_startup_hk32f030m.o(STACK) refers (Special) to heapauxi.o(.text) for __use_two_region_memory
    keil_startup_hk32f030m.o(HEAP) refers (Special) to heapauxi.o(.text) for __use_two_region_memory
    keil_startup_hk32f030m.o(RESET) refers (Special) to heapauxi.o(.text) for __use_two_region_memory
    keil_startup_hk32f030m.o(RESET) refers to keil_startup_hk32f030m.o(STACK) for __initial_sp
    keil_startup_hk32f030m.o(RESET) refers to keil_startup_hk32f030m.o(.text) for Reset_Handler
    keil_startup_hk32f030m.o(RESET) refers to hk32f030m_it.o(.text.NMI_Handler) for NMI_Handler
    keil_startup_hk32f030m.o(RESET) refers to hk32f030m_it.o(.text.HardFault_Handler) for HardFault_Handler
    keil_startup_hk32f030m.o(RESET) refers to hk32f030m_it.o(.text.SVC_Handler) for SVC_Handler
    keil_startup_hk32f030m.o(RESET) refers to hk32f030m_it.o(.text.PendSV_Handler) for PendSV_Handler
    keil_startup_hk32f030m.o(RESET) refers to hk32f030m_it.o(.text.SysTick_Handler) for SysTick_Handler
    keil_startup_hk32f030m.o(RESET) refers to hk32f030m_it.o(.text.TIM6_IRQHandler) for TIM6_IRQHandler
    keil_startup_hk32f030m.o(RESET) refers to hk32f030m_it.o(.text.USART1_IRQHandler) for USART1_IRQHandler
    keil_startup_hk32f030m.o(.text) refers (Special) to heapauxi.o(.text) for __use_two_region_memory
    keil_startup_hk32f030m.o(.text) refers to system_hk32f030m.o(.text.SystemInit) for SystemInit
    keil_startup_hk32f030m.o(.text) refers to __main.o(!!!main) for __main
    keil_startup_hk32f030m.o(.text) refers to keil_startup_hk32f030m.o(HEAP) for Heap_Mem
    keil_startup_hk32f030m.o(.text) refers to keil_startup_hk32f030m.o(STACK) for Stack_Mem
    main.o(.text.main) refers to led.o(.text.LED_Init) for LED_Init
    main.o(.text.main) refers to buzzer.o(.text.Buzzer_Init) for Buzzer_Init
    main.o(.text.main) refers to adc.o(.text.ADC1_Init) for ADC1_Init
    main.o(.text.main) refers to ws2812.o(.text.WS2812_Init) for WS2812_Init
    main.o(.text.main) refers to power.o(.text.Power_Init) for Power_Init
    main.o(.text.main) refers to key.o(.text.KEY_Init) for KEY_Init
    main.o(.text.main) refers to usart.o(.text.USART1_Init) for USART1_Init
    main.o(.text.main) refers to led_pwm.o(.text.LED_PWM_Init) for LED_PWM_Init
    main.o(.text.main) refers to time.o(.text.Time6_Init) for Time6_Init
    main.o(.text.main) refers to task.o(.text.KEY1_Task) for KEY1_Task
    main.o(.text.main) refers to task.o(.text.WS2812_Task) for WS2812_Task
    main.o(.text.main) refers to task.o(.text.Power_Task) for Power_Task
    main.o(.text.main) refers to task.o(.text.Charge_Task) for Charge_Task
    main.o(.text.main) refers to task.o(.text.Flashlight_Task) for Flashlight_Task
    main.o(.text.main) refers to task.o(.text.Flashlight_Detection) for Flashlight_Detection
    main.o(.text.main) refers to task.o(.text.Buzzer_Task) for Buzzer_Task
    main.o(.text.main) refers to task.o(.text.Usart_Task) for Usart_Task
    main.o(.text.main) refers to task.o(.text.ADC_Task) for ADC_Task
    main.o(.text.main) refers to task.o(.text.Conditional_Judgment) for Conditional_Judgment
    main.o(.text.main) refers to key.o(.bss.KEY1_State) for KEY1_State
    main.o(.ARM.exidx.text.main) refers to main.o(.text.main) for [Anonymous Symbol]
    hk32f030m_it.o(.ARM.exidx.text.NMI_Handler) refers to hk32f030m_it.o(.text.NMI_Handler) for [Anonymous Symbol]
    hk32f030m_it.o(.ARM.exidx.text.HardFault_Handler) refers to hk32f030m_it.o(.text.HardFault_Handler) for [Anonymous Symbol]
    hk32f030m_it.o(.ARM.exidx.text.SVC_Handler) refers to hk32f030m_it.o(.text.SVC_Handler) for [Anonymous Symbol]
    hk32f030m_it.o(.ARM.exidx.text.PendSV_Handler) refers to hk32f030m_it.o(.text.PendSV_Handler) for [Anonymous Symbol]
    hk32f030m_it.o(.ARM.exidx.text.SysTick_Handler) refers to hk32f030m_it.o(.text.SysTick_Handler) for [Anonymous Symbol]
    hk32f030m_it.o(.text.TIM6_IRQHandler) refers to hk32f030m_tim.o(.text.TIM_GetITStatus) for TIM_GetITStatus
    hk32f030m_it.o(.text.TIM6_IRQHandler) refers to hk32f030m_tim.o(.text.TIM_ClearITPendingBit) for TIM_ClearITPendingBit
    hk32f030m_it.o(.text.TIM6_IRQHandler) refers to key.o(.text.KEY1_Scan) for KEY1_Scan
    hk32f030m_it.o(.text.TIM6_IRQHandler) refers to buzzer.o(.text.Buzzer_Scan) for Buzzer_Scan
    hk32f030m_it.o(.text.TIM6_IRQHandler) refers to led.o(.bss.LED_Counter) for LED_Counter
    hk32f030m_it.o(.text.TIM6_IRQHandler) refers to ws2812.o(.bss.WS2812_Counter) for WS2812_Counter
    hk32f030m_it.o(.text.TIM6_IRQHandler) refers to flag_bit.o(.bss.VESC_Boot_Time) for VESC_Boot_Time
    hk32f030m_it.o(.text.TIM6_IRQHandler) refers to flag_bit.o(.bss.Buzzer_Time) for Buzzer_Time
    hk32f030m_it.o(.text.TIM6_IRQHandler) refers to flag_bit.o(.bss.Charge_Time) for Charge_Time
[...]
    __arm_cp.12_5                            0x08001800   Number         4  task.o(.text.Flashlight_Detection)
    __arm_cp.12_6                            0x08001804   Number         4  task.o(.text.Flashlight_Detection)
    __arm_cp.12_8                            0x08001808   Number         4  task.o(.text.Flashlight_Detection)
    [Anonymous Symbol]                       0x0800180c   Section        0  task.o(.text.Flashlight_Task)
    __arm_cp.11_1                            0x0800188c   Number         4  task.o(.text.Flashlight_Task)
    __arm_cp.11_2                            0x08001890   Number         4  task.o(.text.Flashlight_Task)
    __arm_cp.11_3                            0x08001894   Number         4  task.o(.text.Flashlight_Task)
    __arm_cp.11_4                            0x08001898   Number         4  task.o(.text.Flashlight_Task)
    __arm_cp.11_5                            0x0800189c   Number         4  task.o(.text.Flashlight_Task)
    __arm_cp.11_6                            0x080018a0   Number         4  task.o(.text.Flashlight_Task)
    [Anonymous Symbol]                       0x080018a4   Section        0  hk32f030m_gpio.o(.text.GPIO_Init)
    [Anonymous Symbol]                       0x0800192c   Section        0  hk32f030m_gpio.o(.text.GPIO_PinAFConfig)
    [Anonymous Symbol]                       0x0800194c   Section        0  vesc_uasrt.o(.text.Get_Vesc_Pack_Data)
    __arm_cp.1_0                             0x08001980   Number         4  vesc_uasrt.o(.text.Get_Vesc_Pack_Data)
    [Anonymous Symbol]                       0x08001984   Section        0  hk32f030m_it.o(.text.HardFault_Handler)
    [Anonymous Symbol]                       0x08001988   Section        0  io_ws2812.o(.text.IO_WS2812_Init)
    __arm_cp.0_0                             0x080019b0   Number         4  io_ws2812.o(.text.IO_WS2812_Init)
    [Anonymous Symbol]                       0x080019b4   Section        0  key.o(.text.KEY1_Scan)
    __arm_cp.1_0                             0x08001a9c   Number         4  key.o(.text.KEY1_Scan)
    __arm_cp.1_1                             0x08001aa0   Number         4  key.o(.text.KEY1_Scan)
    __arm_cp.1_2                             0x08001aa4   Number         4  key.o(.text.KEY1_Scan)
    __arm_cp.1_4                             0x08001aa8   Number         4  key.o(.text.KEY1_Scan)
    __arm_cp.1_5                             0x08001aac   Number         4  key.o(.text.KEY1_Scan)
    __arm_cp.1_6                             0x08001ab0   Number         4  key.o(.text.KEY1_Scan)
    __arm_cp.1_7                             0x08001ab4   Number         4  key.o(.text.KEY1_Scan)
    [Anonymous Symbol]                       0x08001ab8   Section        0  task.o(.text.KEY1_Task)
    __arm_cp.1_0                             0x08001b1c   Number         4  task.o(.text.KEY1_Task)
    __arm_cp.1_1                             0x08001b20   Number         4  task.o(.text.KEY1_Task)
    __arm_cp.1_3                             0x08001b24   Number         4  task.o(.text.KEY1_Task)
    __arm_cp.1_4                             0x08001b28   Number         4  task.o(.text.KEY1_Task)
    __arm_cp.1_5                             0x08001b2c   Number         4  task.o(.text.KEY1_Task)
    [Anonymous Symbol]                       0x08001b30   Section        0  key.o(.text.KEY_Init)
    [Anonymous Symbol]                       0x08001b54   Section        0  led.o(.text.LED_Init)
    [Anonymous Symbol]                       0x08001bb0   Section        0  led_pwm.o(.text.LED_PWM_Init)
    __arm_cp.0_0                             0x08001c2c   Number         4  led_pwm.o(.text.LED_PWM_Init)
    __arm_cp.0_1                             0x08001c30   Number         4  led_pwm.o(.text.LED_PWM_Init)
    __arm_cp.0_2                             0x08001c34   Number         4  led_pwm.o(.text.LED_PWM_Init)
    __arm_cp.0_3                             0x08001c38   Number         4  led_pwm.o(.text.LED_PWM_Init)
    __arm_cp.0_4                             0x08001c3c   Number         4  led_pwm.o(.text.LED_PWM_Init)
    [Anonymous Symbol]                       0x08001c40   Section        0  hk32f030m_it.o(.text.NMI_Handler)
    [Anonymous Symbol]                       0x08001c44   Section        0  hk32f030m_misc.o(.text.NVIC_Init)
    __arm_cp.0_0                             0x08001c88   Number         4  hk32f030m_misc.o(.text.NVIC_Init)
    __arm_cp.0_1                             0x08001c8c   Number         4  hk32f030m_misc.o(.text.NVIC_Init)
    __arm_cp.0_2                             0x08001c90   Number         4  hk32f030m_misc.o(.text.NVIC_Init)
    [Anonymous Symbol]                       0x08001c94   Section        0  hk32f030m_it.o(.text.PendSV_Handler)
    [Anonymous Symbol]                       0x08001c98   Section        0  task.o(.text.Power_Display)
    __arm_cp.2_0                             0x08001cdc   Number         4  task.o(.text.Power_Display)
    __arm_cp.2_1                             0x08001ce0   Number         4  task.o(.text.Power_Display)
    [Anonymous Symbol]                       0x08001ce4   Section        0  power.o(.text.Power_Init)
    __arm_cp.0_0                             0x08001d24   Number         4  power.o(.text.Power_Init)
    [Anonymous Symbol]                       0x08001d28   Section        0  task.o(.text.Power_Task)
    __arm_cp.8_0                             0x08001d88   Number         4  task.o(.text.Power_Task)
    __arm_cp.8_1                             0x08001d8c   Number         4  task.o(.text.Power_Task)
    __arm_cp.8_2                             0x08001d90   Number         4  task.o(.text.Power_Task)
    __arm_cp.8_3                             0x08001d94   Number         4  task.o(.text.Power_Task)
    __arm_cp.8_4                             0x08001d98   Number         4  task.o(.text.Power_Task)
    __arm_cp.8_5                             0x08001d9c   Number         4  task.o(.text.Power_Task)
    __arm_cp.8_6                             0x08001da0   Number         4  task.o(.text.Power_Task)
    __arm_cp.8_7                             0x08001da4   Number         4  task.o(.text.Power_Task)
    __arm_cp.8_8                             0x08001da8   Number         4  task.o(.text.Power_Task)
    [Anonymous Symbol]                       0x08001dac   Section        0  vesc_uasrt.o(.text.Protocol_Parse)
    __arm_cp.8_0                             0x08001f30   Number         4  vesc_uasrt.o(.text.Protocol_Parse)
    __arm_cp.8_1                             0x08001f34   Number         4  vesc_uasrt.o(.text.Protocol_Parse)
    __arm_cp.8_2                             0x08001f38   Number         4  vesc_uasrt.o(.text.Protocol_Parse)
    __arm_cp.8_3                             0x08001f3c   Number         4  vesc_uasrt.o(.text.Protocol_Parse)
    __arm_cp.8_4                             0x08001f40   Number         4  vesc_uasrt.o(.text.Protocol_Parse)
    [Anonymous Symbol]                       0x08001f44   Section        0  hk32f030m_rcc.o(.text.RCC_AHBPeriphClockCmd)
    __arm_cp.7_0                             0x08001f5c   Number         4  hk32f030m_rcc.o(.text.RCC_AHBPeriphClockCmd)
    [Anonymous Symbol]                       0x08001f60   Section        0  hk32f030m_rcc.o(.text.RCC_APB1PeriphClockCmd)
    __arm_cp.19_0                            0x08001f78   Number         4  hk32f030m_rcc.o(.text.RCC_APB1PeriphClockCmd)
    [Anonymous Symbol]                       0x08001f7c   Section        0  hk32f030m_rcc.o(.text.RCC_APB2PeriphClockCmd)
    __arm_cp.18_0                            0x08001f94   Number         4  hk32f030m_rcc.o(.text.RCC_APB2PeriphClockCmd)
    [Anonymous Symbol]                       0x08001f98   Section        0  hk32f030m_rcc.o(.text.RCC_APB2PeriphResetCmd)
    __arm_cp.21_0                            0x08001fb0   Number         4  hk32f030m_rcc.o(.text.RCC_APB2PeriphResetCmd)
    [Anonymous Symbol]                       0x08001fb4   Section        0  hk32f030m_rcc.o(.text.RCC_GetClocksFreq)
    __arm_cp.17_0                            0x0800205c   Number         4  hk32f030m_rcc.o(.text.RCC_GetClocksFreq)
    __arm_cp.17_1                            0x08002060   Number         4  hk32f030m_rcc.o(.text.RCC_GetClocksFreq)
    __arm_cp.17_2                            0x08002064   Number         4  hk32f030m_rcc.o(.text.RCC_GetClocksFreq)
    __arm_cp.17_3                            0x08002068   Number         4  hk32f030m_rcc.o(.text.RCC_GetClocksFreq)
    __arm_cp.17_4                            0x0800206c   Number         4  hk32f030m_rcc.o(.text.RCC_GetClocksFreq)
    __arm_cp.17_5                            0x08002070   Number         4  hk32f030m_rcc.o(.text.RCC_GetClocksFreq)
    __arm_cp.17_7                            0x08002074   Number         4  hk32f030m_rcc.o(.text.RCC_GetClocksFreq)
    [Anonymous Symbol]                       0x08002078   Section        0  adc.o(.text.Read_ADC_Value)
    __arm_cp.1_0                             0x080020cc   Number         4  adc.o(.text.Read_ADC_Value)
    [Anonymous Symbol]                       0x080020dc   Section        0  hk32f030m_it.o(.text.SVC_Handler)
    [Anonymous Symbol]                       0x080020e0   Section        0  task.o(.text.Sensor_Activation_Diplay)
    __arm_cp.3_0                             0x080021a8   Number         4  task.o(.text.Sensor_Activation_Diplay)
    __arm_cp.3_1                             0x080021ac   Number         4  task.o(.text.Sensor_Activation_Diplay)
    [Anonymous Symbol]                       0x080021b0   Section        0  hk32f030m_it.o(.text.SysTick_Handler)
    [Anonymous Symbol]                       0x080021b4   Section        0  system_hk32f030m.o(.text.SystemInit)
    __arm_cp.0_0                             0x08002290   Number         4  system_hk32f030m.o(.text.SystemInit)
    __arm_cp.0_1                             0x08002294   Number         4  system_hk32f030m.o(.text.SystemInit)
    __arm_cp.0_2                             0x08002298   Number         4  system_hk32f030m.o(.text.SystemInit)
    __arm_cp.0_3                             0x0800229c   Number         4  system_hk32f030m.o(.text.SystemInit)
    __arm_cp.0_5                             0x080022a0   Number         4  system_hk32f030m.o(.text.SystemInit)
    [Anonymous Symbol]                       0x080022a4   Section        0  hk32f030m_it.o(.text.TIM6_IRQHandler)
    __arm_cp.5_1                             0x08002328   Number         4  hk32f030m_it.o(.text.TIM6_IRQHandler)
    __arm_cp.5_2                             0x0800232c   Number         4  hk32f030m_it.o(.text.TIM6_IRQHandler)
    __arm_cp.5_3                             0x08002330   Number         4  hk32f030m_it.o(.text.TIM6_IRQHandler)
    __arm_cp.5_4                             0x08002334   Number         4  hk32f030m_it.o(.text.TIM6_IRQHandler)
    __arm_cp.5_5                             0x08002338   Number         4  hk32f030m_it.o(.text.TIM6_IRQHandler)
    __arm_cp.5_6                             0x0800233c   Number         4  hk32f030m_it.o(.text.TIM6_IRQHandler)
    __arm_cp.5_7                             0x08002340   Number         4  hk32f030m_it.o(.text.TIM6_IRQHandler)
    __arm_cp.5_8                             0x08002344   Number         4  hk32f030m_it.o(.text.TIM6_IRQHandler)
    __arm_cp.5_9                             0x08002348   Number         4  hk32f030m_it.o(.text.TIM6_IRQHandler)
    __arm_cp.5_10                            0x0800234c   Number         4  hk32f030m_it.o(.text.TIM6_IRQHandler)
    __arm_cp.5_11                            0x08002350   Number         4  hk32f030m_it.o(.text.TIM6_IRQHandler)
    __arm_cp.5_12                            0x08002354   Number         4  hk32f030m_it.o(.text.TIM6_IRQHandler)
    [Anonymous Symbol]                       0x08002358   Section        0  hk32f030m_tim.o(.text.TIM_ClearITPendingBit)
    [Anonymous Symbol]                       0x08002360   Section        0  hk32f030m_tim.o(.text.TIM_Cmd)
    __arm_cp.14_0                            0x08002378   Number         4  hk32f030m_tim.o(.text.TIM_Cmd)
    [Anonymous Symbol]                       0x0800237c   Section        0  hk32f030m_tim.o(.text.TIM_CtrlPWMOutputs)
    __arm_cp.17_0                            0x08002394   Number         4  hk32f030m_tim.o(.text.TIM_CtrlPWMOutputs)
    [Anonymous Symbol]                       0x08002398   Section        0  hk32f030m_tim.o(.text.TIM_GetITStatus)
    [Anonymous Symbol]                       0x080023ac   Section        0  hk32f030m_tim.o(.text.TIM_ITConfig)
    __arm_cp.67_0                            0x080023c4   Number         4  hk32f030m_tim.o(.text.TIM_ITConfig)
    [Anonymous Symbol]                       0x080023c8   Section        0  hk32f030m_tim.o(.text.TIM_OC2Init)
    __arm_cp.19_0                            0x08002434   Number         4  hk32f030m_tim.o(.text.TIM_OC2Init)
    __arm_cp.19_2                            0x08002438   Number         4  hk32f030m_tim.o(.text.TIM_OC2Init)
    __arm_cp.19_3                            0x0800243c   Number         4  hk32f030m_tim.o(.text.TIM_OC2Init)
    __arm_cp.19_4                            0x08002440   Number         4  hk32f030m_tim.o(.text.TIM_OC2Init)
    [Anonymous Symbol]                       0x08002444   Section        0  hk32f030m_tim.o(.text.TIM_SetCompare2)
    [Anonymous Symbol]                       0x08002448   Section        0  hk32f030m_tim.o(.text.TIM_TimeBaseInit)
    __arm_cp.1_0                             0x08002494   Number         4  hk32f030m_tim.o(.text.TIM_TimeBaseInit)
    [Anonymous Symbol]                       0x08002498   Section        0  time.o(.text.Time6_Init)
    __arm_cp.0_0                             0x080024e0   Number         4  time.o(.text.Time6_Init)
    __arm_cp.0_1                             0x080024e4   Number         4  time.o(.text.Time6_Init)
    [Anonymous Symbol]                       0x080024e8   Section        0  hk32f030m_it.o(.text.USART1_IRQHandler)
    __arm_cp.6_1                             0x08002540   Number         4  hk32f030m_it.o(.text.USART1_IRQHandler)
    [Anonymous Symbol]                       0x08002544   Section        0  usart.o(.text.USART1_Init)
    __arm_cp.0_0                             0x080025dc   Number         4  usart.o(.text.USART1_Init)
    __arm_cp.0_2                             0x080025e0   Number         4  usart.o(.text.USART1_Init)
    __arm_cp.0_3                             0x080025e4   Number         4  usart.o(.text.USART1_Init)
    [Anonymous Symbol]                       0x080025e8   Section        0  usart.o(.text.USART1_Send_Bytes)
    __arm_cp.2_0                             0x08002604   Number         4  usart.o(.text.USART1_Send_Bytes)
    [Anonymous Symbol]                       0x08002608   Section        0  hk32f030m_usart.o(.text.USART_ClearFlag)
    [Anonymous Symbol]                       0x0800260c   Section        0  hk32f030m_usart.o(.text.USART_Cmd)
    [Anonymous Symbol]                       0x0800261c   Section        0  hk32f030m_usart.o(.text.USART_ITConfig)
    [Anonymous Symbol]                       0x0800264c   Section        0  hk32f030m_usart.o(.text.USART_Init)
    __arm_cp.1_0                             0x080026e0   Number         4  hk32f030m_usart.o(.text.USART_Init)
    __arm_cp.1_1                             0x080026e4   Number         4  hk32f030m_usart.o(.text.USART_Init)
    __arm_cp.1_2                             0x080026e8   Number         4  hk32f030m_usart.o(.text.USART_Init)
    [Anonymous Symbol]                       0x080026ec   Section        0  hk32f030m_usart.o(.text.USART_ReceiveData)
    __arm_cp.21_0                            0x080026f4   Number         4  hk32f030m_usart.o(.text.USART_ReceiveData)
    [Anonymous Symbol]                       0x080026f8   Section        0  task.o(.text.Usart_Task)
    __arm_cp.14_1                            0x08002790   Number         4  task.o(.text.Usart_Task)
    __arm_cp.14_2                            0x08002794   Number         4  task.o(.text.Usart_Task)
    __arm_cp.14_3                            0x08002798   Number         4  task.o(.text.Usart_Task)
    __arm_cp.14_4                            0x0800279c   Number         4  task.o(.text.Usart_Task)
    __arm_cp.14_5                            0x080027a0   Number         4  task.o(.text.Usart_Task)
    __arm_cp.14_6                            0x080027a4   Number         4  task.o(.text.Usart_Task)
    [Anonymous Symbol]                       0x080027a8   Section        0  io_ws2812.o(.text.WS2812_0_Code)
    [Anonymous Symbol]                       0x080027b8   Section        0  io_ws2812.o(.text.WS2812_1_Code)
    __arm_cp.2_0                             0x080027d0   Number         4  io_ws2812.o(.text.WS2812_1_Code)
    [Anonymous Symbol]                       0x080027d4   Section        0  task.o(.text.WS2812_Boot)
    __arm_cp.4_0                             0x08002828   Number         4  task.o(.text.WS2812_Boot)
    __arm_cp.4_1                             0x0800282c   Number         4  task.o(.text.WS2812_Boot)
    [Anonymous Symbol]                       0x08002830   Section        0  task.o(.text.WS2812_Charge)
    __arm_cp.6_0                             0x080028b0   Number         4  task.o(.text.WS2812_Charge)
    __arm_cp.6_1                             0x080028b4   Number         4  task.o(.text.WS2812_Charge)
    [Anonymous Symbol]                       0x080028b8   Section        0  ws2812.o(.text.WS2812_Init)
    [Anonymous Symbol]                       0x080028cc   Section        0  ws2812.o(.text.WS2812_Refresh)
    __arm_cp.4_0                             0x08002900   Number         4  ws2812.o(.text.WS2812_Refresh)
    [Anonymous Symbol]                       0x08002904   Section        0  ws2812.o(.text.WS2812_Set_Colour)
    __arm_cp.1_0                             0x0800295c   Number         4  ws2812.o(.text.WS2812_Set_Colour)
    [Anonymous Symbol]                       0x08002960   Section        0  task.o(.text.WS2812_Task)
    __arm_cp.7_0                             0x08002a08   Number         4  task.o(.text.WS2812_Task)
    __arm_cp.7_1                             0x08002a0c   Number         4  task.o(.text.WS2812_Task)
    __arm_cp.7_2                             0x08002a10   Number         4  task.o(.text.WS2812_Task)
    __arm_cp.7_3                             0x08002a14   Number         4  task.o(.text.WS2812_Task)
    __arm_cp.7_4                             0x08002a18   Number         4  task.o(.text.WS2812_Task)
    __arm_cp.7_5                             0x08002a1c   Number         4  task.o(.text.WS2812_Task)
    __arm_cp.7_6                             0x08002a20   Number         4  task.o(.text.WS2812_Task)
    __arm_cp.7_7                             0x08002a24   Number         4  task.o(.text.WS2812_Task)
    __arm_cp.7_8                             0x08002a28   Number         4  task.o(.text.WS2812_Task)
    [Anonymous Symbol]                       0x08002a2c   Section        0  crc.o(.text.crc16)
    __arm_cp.0_0                             0x08002a54   Number         4  crc.o(.text.crc16)
    [Anonymous Symbol]                       0x08002a58   Section        0  main.o(.text.main)
    __arm_cp.0_0                             0x08002ab8   Number         4  main.o(.text.main)
    __arm_cp.0_1                             0x08002abc   Number         4  main.o(.text.main)
    .text_divfast                            0x08002ac0   Section      502  aeabi_sdivfast.o(.text_divfast)
    i._dgeq                                  0x08002cb6   Section        0  dcmp.o(i._dgeq)
    i._dgr                                   0x08002ccc   Section        0  dcmp.o(i._dgr)
    i._dleq                                  0x08002ce2   Section        0  dcmp.o(i._dleq)
    i._dls                                   0x08002cfc   Section        0  dcmp.o(i._dls)
    i._fgeq                                  0x08002d12   Section        0  fcmp.o(i._fgeq)
    i._fleq                                  0x08002d28   Section        0  fcmp.o(i._fleq)
    i._fls                                   0x08002d42   Section        0  fcmp.o(i._fls)
    x$fpl$dgeqf                              0x08002d58   Section      100  dgef.o(x$fpl$dgeqf)
    x$fpl$dleqf                              0x08002dbc   Section      100  dlef.o(x$fpl$dleqf)
    x$fpl$fadd                               0x08002e20   Section      140  faddsub.o(x$fpl$fadd)
    _fadd1                                   0x08002e2d   Thumb Code     0  faddsub.o(x$fpl$fadd)
    x$fpl$fgeqf                              0x08002eac   Section       84  fgef.o(x$fpl$fgeqf)
    x$fpl$fleqf                              0x08002f00   Section       84  flef.o(x$fpl$fleqf)
    x$fpl$fmul                               0x08002f54   Section      176  fmul.o(x$fpl$fmul)
    x$fpl$fsub                               0x08003004   Section      208  faddsub.o(x$fpl$fsub)
    _fsub1                                   0x08003011   Thumb Code     0  faddsub.o(x$fpl$fsub)
    fdiv_tab                                 0x080030d4   Data          64  fdiv.o(.constdata)
    .constdata                               0x080030d4   Section       64  fdiv.o(.constdata)
    x$fpl$usenofp                            0x080030d4   Section        0  usenofp.o(x$fpl$usenofp)
    [Anonymous Symbol]                       0x08003114   Section        0  task.o(.rodata..L__const.Apply_BatteryPowerFlag.battVoltages)
    [Anonymous Symbol]                       0x08003364   Section        0  task.o(.rodata.str4.4)
    .bss                                     0x20000008   Section       96  libspace.o(.bss)
    ADC_Task.adc1_val_sum_ave                0x20000070   Data           2  task.o(.bss.ADC_Task.adc1_val_sum_ave)
    [Anonymous Symbol]                       0x20000070   Section        0  task.o(.bss.ADC_Task.adc1_val_sum_ave)
    ADC_Task.adc_charge_sum_ave              0x20000072   Data           2  task.o(.bss.ADC_Task.adc_charge_sum_ave)
    [Anonymous Symbol]                       0x20000072   Section        0  task.o(.bss.ADC_Task.adc_charge_sum_ave)
    ADC_Task.adc_step                        0x20000074   Data           1  task.o(.bss.ADC_Task.adc_step)
    [Anonymous Symbol]                       0x20000074   Section        0  task.o(.bss.ADC_Task.adc_step)
    Buzzer_Scan.buzzer_lock                  0x2000007e   Data           1  buzzer.o(.bss.Buzzer_Scan.buzzer_lock)
    [Anonymous Symbol]                       0x2000007e   Section        0  buzzer.o(.bss.Buzzer_Scan.buzzer_lock)
    Buzzer_Task.buzzer_step                  0x2000007f   Data           1  task.o(.bss.Buzzer_Task.buzzer_step)
    [Anonymous Symbol]                       0x2000007f   Section        0  task.o(.bss.Buzzer_Task.buzzer_step)
    Buzzer_Task.gear_position_last           0x20000080   Data           1  task.o(.bss.Buzzer_Task.gear_position_last)
    [Anonymous Symbol]                       0x20000080   Section        0  task.o(.bss.Buzzer_Task.gear_position_last)
    Buzzer_Task.ring_frequency               0x20000081   Data           1  task.o(.bss.Buzzer_Task.ring_frequency)
    [Anonymous Symbol]                       0x20000081   Section        0  task.o(.bss.Buzzer_Task.ring_frequency)
    Buzzer_Task.sound_frequency              0x20000082   Data           2  task.o(.bss.Buzzer_Task.sound_frequency)
    [Anonymous Symbol]                       0x20000082   Section        0  task.o(.bss.Buzzer_Task.sound_frequency)
    Charge_Task.charge_step                  0x2000008d   Data           1  task.o(.bss.Charge_Task.charge_step)
    [Anonymous Symbol]                       0x2000008d   Section        0  task.o(.bss.Charge_Task.charge_step)
    Conditional_Judgment.battery_voltage_last 0x20000098   Data           4  task.o(.bss.Conditional_Judgment.battery_voltage_last)
    [Anonymous Symbol]                       0x20000098   Section        0  task.o(.bss.Conditional_Judgment.battery_voltage_last)
    Flashlight_Bright.flashlight_bright_step 0x2000009c   Data           1  task.o(.bss.Flashlight_Bright.flashlight_bright_step)
    [Anonymous Symbol]                       0x2000009c   Section        0  task.o(.bss.Flashlight_Bright.flashlight_bright_step)
    Flashlight_Detection.gear_position_last  0x2000009d   Data           1  task.o(.bss.Flashlight_Detection.gear_position_last)
    [Anonymous Symbol]                       0x2000009d   Section        0  task.o(.bss.Flashlight_Detection.gear_position_last)
    Flashlight_Task.flashlight_flag_last     0x200000a1   Data           1  task.o(.bss.Flashlight_Task.flashlight_flag_last)
    [Anonymous Symbol]                       0x200000a1   Section        0  task.o(.bss.Flashlight_Task.flashlight_flag_last)
    KEY1_Scan.key1_cnt                       0x200000a6   Data           2  key.o(.bss.KEY1_Scan.key1_cnt)
    [Anonymous Symbol]                       0x200000a6   Section        0  key.o(.bss.KEY1_Scan.key1_cnt)
    KEY1_Scan.key1_cnt_2                     0x200000a8   Data           2  key.o(.bss.KEY1_Scan.key1_cnt_2)
    [Anonymous Symbol]                       0x200000a8   Section        0  key.o(.bss.KEY1_Scan.key1_cnt_2)
    KEY1_Scan.key1_num                       0x200000aa   Data           2  key.o(.bss.KEY1_Scan.key1_num)
    [Anonymous Symbol]                       0x200000aa   Section        0  key.o(.bss.KEY1_Scan.key1_num)
    KEY1_Scan.key1_st                        0x200000ac   Data           1  key.o(.bss.KEY1_Scan.key1_st)
    [Anonymous Symbol]                       0x200000ac   Section        0  key.o(.bss.KEY1_Scan.key1_st)
    Power_Task.power_flag_last               0x200000b3   Data           1  task.o(.bss.Power_Task.power_flag_last)
    [Anonymous Symbol]                       0x200000b3   Section        0  task.o(.bss.Power_Task.power_flag_last)
    Power_Task.power_step                    0x200000b4   Data           1  task.o(.bss.Power_Task.power_step)
    [Anonymous Symbol]                       0x200000b4   Section        0  task.o(.bss.Power_Task.power_step)
    USART1_IRQHandler.count                  0x200000bc   Data           1  hk32f030m_it.o(.bss.USART1_IRQHandler.count)
    [Anonymous Symbol]                       0x200000bc   Section        0  hk32f030m_it.o(.bss.USART1_IRQHandler.count)
    Usart_Task.usart_step                    0x200000be   Data           1  task.o(.bss.Usart_Task.usart_step)
    [Anonymous Symbol]                       0x200000be   Section        0  task.o(.bss.Usart_Task.usart_step)
    WS2812_Charge.cnt                        0x200002b8   Data           1  task.o(.bss.WS2812_Charge.cnt)
    [Anonymous Symbol]                       0x200002b8   Section        0  task.o(.bss.WS2812_Charge.cnt)
    Heap_Mem                                 0x200003f0   Data         512  keil_startup_hk32f030m.o(HEAP)
    HEAP                                     0x200003f0   Section      512  keil_startup_hk32f030m.o(HEAP)
    Stack_Mem                                0x200005f0   Data         512  keil_startup_hk32f030m.o(STACK)
    STACK                                    0x200005f0   Section      512  keil_startup_hk32f030m.o(STACK)
    __initial_sp                             0x200007f0   Data           0  keil_startup_hk32f030m.o(STACK)

    Global Symbols

    Symbol Name                              Value     Ov Type        Size  Object(Section)

    BuildAttributes$$THM_ISAv3M$S$PE$A:L22$X:L11$S22$IEEE1$IW$~IW$USESV6$~STKCKD$USESV7$~SHL$OTIME$ROPI$EBA8$UX$STANDARDLIB$REQ8$PRES8$EABIv2 0x00000000   Number         0  anon$$obj.o ABSOLUTE
    __ARM_exceptions_init                     - Undefined Weak Reference
    __alloca_initialize                       - Undefined Weak Reference
    __arm_preinit_                            - Undefined Weak Reference
    __arm_relocate_pie_                       - Undefined Weak Reference
    __cpp_initialize__aeabi_                  - Undefined Weak Reference
    __cxa_finalize                            - Undefined Weak Reference
    __rt_locale                               - Undefined Weak Reference
    __sigvec_lookup                           - Undefined Weak Reference
    _atexit_init                              - Undefined Weak Reference
    _call_atexit_fns                          - Undefined Weak Reference
    _clock_init                               - Undefined Weak Reference
    _fp_trap_init                             - Undefined Weak Reference
    _fp_trap_shutdown                         - Undefined Weak Reference
    _get_lc_collate                           - Undefined Weak Reference
    _get_lc_ctype                             - Undefined Weak Reference
    _get_lc_monetary                          - Undefined Weak Reference
    _get_lc_numeric                           - Undefined Weak Reference
    _get_lc_time                              - Undefined Weak Reference
    _getenv_init                              - Undefined Weak Reference
    _handle_redirection                       - Undefined Weak Reference
    _init_alloc                               - Undefined Weak Reference
    _init_user_alloc                          - Undefined Weak Reference
    _initio                                   - Undefined Weak Reference
    _rand_init                                - Undefined Weak Reference
    _signal_finish                            - Undefined Weak Reference
    _signal_init                              - Undefined Weak Reference
    _terminate_alloc                          - Undefined Weak Reference
    _terminate_user_alloc                     - Undefined Weak Reference
    _terminateio                              - Undefined Weak Reference
    __Vectors_Size                           0x000000c0   Number         0  keil_startup_hk32f030m.o ABSOLUTE
    __Vectors                                0x08000000   Data           4  keil_startup_hk32f030m.o(RESET)
    __Vectors_End                            0x080000c0   Data           0  keil_startup_hk32f030m.o(RESET)
    __main                                   0x080000c1   Thumb Code     8  __main.o(!!!main)
    __scatterload                            0x080000c9   Thumb Code     0  __scatter.o(!!!scatter)
    __scatterload_rt2                        0x080000c9   Thumb Code    52  __scatter.o(!!!scatter)
    __scatterload_rt2_thumb_only             0x080000c9   Thumb Code     0  __scatter.o(!!!scatter)
    __scatterload_null                       0x080000d9   Thumb Code     0  __scatter.o(!!!scatter)
    __scatterload_copy                       0x08000105   Thumb Code    26  __scatter_copy.o(!!handler_copy)
    __scatterload_zeroinit                   0x08000121   Thumb Code    28  __scatter_zi.o(!!handler_zi)
    __rt_lib_init                            0x0800013d   Thumb Code     0  libinit.o(.ARM.Collect$$libinit$$00000000)
    __rt_lib_init_alloca_1                   0x0800013f   Thumb Code     0  libinit2.o(.ARM.Collect$$libinit$$00000030)
    __rt_lib_init_argv_1                     0x0800013f   Thumb Code     0  libinit2.o(.ARM.Collect$$libinit$$0000002E)
    __rt_lib_init_atexit_1                   0x0800013f   Thumb Code     0  libinit2.o(.ARM.Collect$$libinit$$0000001D)
    __rt_lib_init_clock_1                    0x0800013f   Thumb Code     0  libinit2.o(.ARM.Collect$$libinit$$00000023)
    __rt_lib_init_cpp_1                      0x0800013f   Thumb Code     0  libinit2.o(.ARM.Collect$$libinit$$00000034)
    __rt_lib_init_exceptions_1               0x0800013f   Thumb Code     0  libinit2.o(.ARM.Collect$$libinit$$00000032)
    __rt_lib_init_fp_1                       0x0800013f   Thumb Code     0  libinit2.o(.ARM.Collect$$libinit$$00000002)
    __rt_lib_init_fp_trap_1                  0x0800013f   Thumb Code     0  libinit2.o(.ARM.Collect$$libinit$$00000021)
    __rt_lib_init_getenv_1                   0x0800013f   Thumb Code     0  libinit2.o(.ARM.Collect$$libinit$$00000025)
    __rt_lib_init_heap_1                     0x0800013f   Thumb Code     0  libinit2.o(.ARM.Collect$$libinit$$0000000C)
    __rt_lib_init_lc_collate_1               0x0800013f   Thumb Code     0  libinit2.o(.ARM.Collect$$libinit$$00000013)
    __rt_lib_init_lc_ctype_1                 0x0800013f   Thumb Code     0  libinit2.o(.ARM.Collect$$libinit$$00000015)
    __rt_lib_init_lc_monetary_1              0x0800013f   Thumb Code     0  libinit2.o(.ARM.Collect$$libinit$$00000017)
    __rt_lib_init_lc_numeric_1               0x0800013f   Thumb Code     0  libinit2.o(.ARM.Collect$$libinit$$00000019)
    __rt_lib_init_lc_time_1                  0x0800013f   Thumb Code     0  libinit2.o(.ARM.Collect$$libinit$$0000001B)
    __rt_lib_init_preinit_1                  0x0800013f   Thumb Code     0  libinit2.o(.ARM.Collect$$libinit$$00000006)
    __rt_lib_init_rand_1                     0x0800013f   Thumb Code     0  libinit2.o(.ARM.Collect$$libinit$$00000010)
    __rt_lib_init_relocate_pie_1             0x0800013f   Thumb Code     0  libinit2.o(.ARM.Collect$$libinit$$00000004)
    __rt_lib_init_return                     0x0800013f   Thumb Code     0  libinit2.o(.ARM.Collect$$libinit$$00000035)
    __rt_lib_init_signal_1                   0x0800013f   Thumb Code     0  libinit2.o(.ARM.Collect$$libinit$$0000001F)
    __rt_lib_init_stdio_1                    0x0800013f   Thumb Code     0  libinit2.o(.ARM.Collect$$libinit$$00000027)
    __rt_lib_init_user_alloc_1               0x0800013f   Thumb Code     0  libinit2.o(.ARM.Collect$$libinit$$0000000E)
    __rt_lib_shutdown                        0x08000141   Thumb Code     0  libshutdown.o(.ARM.Collect$$libshutdown$$00000000)
    __rt_lib_shutdown_cpp_1                  0x08000143   Thumb Code     0  libshutdown2.o(.ARM.Collect$$libshutdown$$00000002)
    __rt_lib_shutdown_fp_trap_1              0x08000143   Thumb Code     0  libshutdown2.o(.ARM.Collect$$libshutdown$$00000007)
    __rt_lib_shutdown_heap_1                 0x08000143   Thumb Code     0  libshutdown2.o(.ARM.Collect$$libshutdown$$0000000F)
    __rt_lib_shutdown_return                 0x08000143   Thumb Code     0  libshutdown2.o(.ARM.Collect$$libshutdown$$00000010)
    __rt_lib_shutdown_signal_1               0x08000143   Thumb Code     0  libshutdown2.o(.ARM.Collect$$libshutdown$$0000000A)
    __rt_lib_shutdown_stdio_1                0x08000143   Thumb Code     0  libshutdown2.o(.ARM.Collect$$libshutdown$$00000004)
    __rt_lib_shutdown_user_alloc_1           0x08000143   Thumb Code     0  libshutdown2.o(.ARM.Collect$$libshutdown$$0000000C)
    __rt_entry                               0x08000145   Thumb Code     0  __rtentry.o(.ARM.Collect$$rtentry$$00000000)
    __rt_entry_presh_1                       0x08000145   Thumb Code     0  __rtentry2.o(.ARM.Collect$$rtentry$$00000002)
    __rt_entry_sh                            0x08000145   Thumb Code     0  __rtentry4.o(.ARM.Collect$$rtentry$$00000004)
    __rt_entry_li                            0x0800014b   Thumb Code     0  __rtentry2.o(.ARM.Collect$$rtentry$$0000000A)
    __rt_entry_postsh_1                      0x0800014b   Thumb Code     0  __rtentry2.o(.ARM.Collect$$rtentry$$00000009)
    __rt_entry_main                          0x0800014f   Thumb Code     0  __rtentry2.o(.ARM.Collect$$rtentry$$0000000D)
    __rt_entry_postli_1                      0x0800014f   Thumb Code     0  __rtentry2.o(.ARM.Collect$$rtentry$$0000000C)
    __rt_exit                                0x08000157   Thumb Code     0  rtexit.o(.ARM.Collect$$rtexit$$00000000)
    __rt_exit_ls                             0x08000159   Thumb Code     0  rtexit2.o(.ARM.Collect$$rtexit$$00000003)
    __rt_exit_prels_1                        0x08000159   Thumb Code     0  rtexit2.o(.ARM.Collect$$rtexit$$00000002)
    __rt_exit_exit                           0x0800015d   Thumb Code     0  rtexit2.o(.ARM.Collect$$rtexit$$00000004)
    Reset_Handler                            0x08000165   Thumb Code     8  keil_startup_hk32f030m.o(.text)
    ADC1_IRQHandler                          0x08000177   Thumb Code     0  keil_startup_hk32f030m.o(.text)
    EXTI0_IRQHandler                         0x08000177   Thumb Code     0  keil_startup_hk32f030m.o(.text)
    EXTI11_IRQHandler                        0x08000177   Thumb Code     0  keil_startup_hk32f030m.o(.text)
    EXTI1_IRQHandler                         0x08000177   Thumb Code     0  keil_startup_hk32f030m.o(.text)
    EXTI2_IRQHandler                         0x08000177   Thumb Code     0  keil_startup_hk32f030m.o(.text)
    EXTI3_IRQHandler                         0x08000177   Thumb Code     0  keil_startup_hk32f030m.o(.text)
    EXTI4_IRQHandler                         0x08000177   Thumb Code     0  keil_startup_hk32f030m.o(.text)
    EXTI5_IRQHandler                         0x08000177   Thumb Code     0  keil_startup_hk32f030m.o(.text)
    EXTI6_IRQHandler                         0x08000177   Thumb Code     0  keil_startup_hk32f030m.o(.text)
    EXTI7_IRQHandler                         0x08000177   Thumb Code     0  keil_startup_hk32f030m.o(.text)
    FLASH_IRQHandler                         0x08000177   Thumb Code     0  keil_startup_hk32f030m.o(.text)
    I2C1_IRQHandler                          0x08000177   Thumb Code     0  keil_startup_hk32f030m.o(.text)
    RCC_IRQHandler                           0x08000177   Thumb Code     0  keil_startup_hk32f030m.o(.text)
    SPI1_IRQHandler                          0x08000177   Thumb Code     0  keil_startup_hk32f030m.o(.text)
    TIM1_BRK_IRQHandler                      0x08000177   Thumb Code     0  keil_startup_hk32f030m.o(.text)
    TIM1_CC_IRQHandler                       0x08000177   Thumb Code     0  keil_startup_hk32f030m.o(.text)
    TIM1_UP_TRG_COM_IRQHandler               0x08000177   Thumb Code     0  keil_startup_hk32f030m.o(.text)
    TIM2_IRQHandler                          0x08000177   Thumb Code     0  keil_startup_hk32f030m.o(.text)
    WWDG_IRQHandler                          0x08000177   Thumb Code     0  keil_startup_hk32f030m.o(.text)
    __user_initial_stackheap                 0x08000179   Thumb Code     0  keil_startup_hk32f030m.o(.text)
    __aeabi_memset4                          0x0800019d   Thumb Code    18  aeabi_memset4.o(.text)
    __aeabi_memset8                          0x0800019d   Thumb Code     0  aeabi_memset4.o(.text)
    __use_two_region_memory                  0x080001af   Thumb Code     2  heapauxi.o(.text)
    __rt_heap_escrow$2region                 0x080001b1   Thumb Code     2  heapauxi.o(.text)
    __rt_heap_expand$2region                 0x080001b3   Thumb Code     2  heapauxi.o(.text)
    __aeabi_d2f                              0x080001b5   Thumb Code     0  d2f.o(.text)
    _d2f                                     0x080001b5   Thumb Code   120  d2f.o(.text)
    __aeabi_dadd                             0x08000529   Thumb Code     0  daddsub.o(.text)
    _dadd                                    0x08000529   Thumb Code    26  daddsub.o(.text)
    __aeabi_dsub                             0x08000543   Thumb Code     0  daddsub.o(.text)
    _dsub                                    0x08000543   Thumb Code    22  daddsub.o(.text)
    __aeabi_drsub                            0x08000559   Thumb Code     0  daddsub.o(.text)
    _drsb                                    0x08000559   Thumb Code    28  daddsub.o(.text)
    __aeabi_d2iz                             0x08000589   Thumb Code     0  dfixi.o(.text)
    _dfix                                    0x08000589   Thumb Code    98  dfixi.o(.text)
    __aeabi_i2d_normalise                    0x080005f5   Thumb Code    66  dflti.o(.text)
    __aeabi_i2d                              0x08000637   Thumb Code    16  dflti.o(.text)
    _dflt                                    0x08000637   Thumb Code     0  dflti.o(.text)
    __aeabi_ui2d                             0x08000647   Thumb Code     6  dflti.o(.text)
    _dfltu                                   0x08000647   Thumb Code     0  dflti.o(.text)
    __aeabi_dmul                             0x0800064d   Thumb Code     0  dmul.o(.text)
    _dmul                                    0x0800064d   Thumb Code   558  dmul.o(.text)
    __aeabi_f2d                              0x08000895   Thumb Code     0  f2d.o(.text)
    _f2d                                     0x08000895   Thumb Code    80  f2d.o(.text)
    __aeabi_fdiv                             0x080008e9   Thumb Code     0  fdiv.o(.text)
    _fdiv                                    0x080008e9   Thumb Code   334  fdiv.o(.text)
    _frdiv                                   0x08000a37   Thumb Code     8  fdiv.o(.text)
    __aeabi_f2iz                             0x08000a49   Thumb Code     0  ffixi.o(.text)
    _ffix                                    0x08000a49   Thumb Code    76  ffixi.o(.text)
    __aeabi_i2f_normalise                    0x08000a95   Thumb Code    72  fflti.o(.text)
    __aeabi_i2f                              0x08000add   Thumb Code    16  fflti.o(.text)
    _fflt                                    0x08000add   Thumb Code     0  fflti.o(.text)
    __aeabi_ui2f                             0x08000aed   Thumb Code     6  fflti.o(.text)
    _ffltu                                   0x08000aed   Thumb Code     0  fflti.o(.text)
    _memset_w                                0x08000af3   Thumb Code    26  rt_memclr.o(.text)
    _memset                                  0x08000b0d   Thumb Code    30  rt_memclr.o(.text)
    __aeabi_memclr                           0x08000b2b   Thumb Code     4  rt_memclr.o(.text)
    __rt_memclr                              0x08000b2b   Thumb Code     0  rt_memclr.o(.text)
    __aeabi_memclr4                          0x08000b2f   Thumb Code     0  rt_memclr.o(.text)
    __aeabi_memclr8                          0x08000b2f   Thumb Code     0  rt_memclr.o(.text)
    __rt_memclr_w                            0x08000b2f   Thumb Code     4  rt_memclr.o(.text)
    __fpl_dcmp_InfNaN                        0x08000b35   Thumb Code   154  dcmpin.o(.text)
    __fpl_fcmp_InfNaN                        0x08000bd5   Thumb Code    96  fcmpin.o(.text)
    __user_setup_stackheap                   0x08000c39   Thumb Code    62  sys_stackheap_outer.o(.text)
    exit                                     0x08000c77   Thumb Code    16  exit.o(.text)
    __fpl_cmpreturn                          0x08000c87   Thumb Code    46  cmpret.o(.text)
    __fpl_dcheck_NaN2                        0x08000cb5   Thumb Code    14  dnan2.o(.text)
    __fpl_fcheck_NaN2                        0x08000cc9   Thumb Code    10  fnan2.o(.text)
    __user_libspace                          0x08000cd9   Thumb Code     8  libspace.o(.text)
    __user_perproc_libspace                  0x08000cd9   Thumb Code     0  libspace.o(.text)
    __user_perthread_libspace                0x08000cd9   Thumb Code     0  libspace.o(.text)
    __fpl_return_NaN                         0x08000ce1   Thumb Code    94  retnan.o(.text)
    _sys_exit                                0x08000d41   Thumb Code     8  sys_exit.o(.text)
    __I$use$semihosting                      0x08000d4d   Thumb Code     0  use_no_semi.o(.text)
    __use_no_semihosting_swi                 0x08000d4d   Thumb Code     2  use_no_semi.o(.text)
    __semihosting_library_function           0x08000d4f   Thumb Code     0  indicate_semi.o(.text)
    ADC1_Init                                0x08000d51   Thumb Code   152  adc.o(.text.ADC1_Init)
    ADC_ChannelConfig                        0x08000df1   Thumb Code     6  hk32f030m_adc.o(.text.ADC_ChannelConfig)
    ADC_ClearFlag                            0x08000df7   Thumb Code     4  hk32f030m_adc.o(.text.ADC_ClearFlag)
    ADC_Cmd                                  0x08000dfb   Thumb Code    18  hk32f030m_adc.o(.text.ADC_Cmd)
    ADC_DeInit                               0x08000e0d   Thumb Code    32  hk32f030m_adc.o(.text.ADC_DeInit)
    ADC_GetConversionValue                   0x08000e31   Thumb Code     6  hk32f030m_adc.o(.text.ADC_GetConversionValue)
    ADC_GetFlagStatus                        0x08000e37   Thumb Code    24  hk32f030m_adc.o(.text.ADC_GetFlagStatus)
    ADC_Init                                 0x08000e51   Thumb Code    32  hk32f030m_adc.o(.text.ADC_Init)
    ADC_StartOfConversion                    0x08000e75   Thumb Code    10  hk32f030m_adc.o(.text.ADC_StartOfConversion)
    ADC_StopOfConversion                     0x08000e7f   Thumb Code    10  hk32f030m_adc.o(.text.ADC_StopOfConversion)
    ADC_StructInit                           0x08000e89   Thumb Code    14  hk32f030m_adc.o(.text.ADC_StructInit)
    ADC_Task                                 0x08000e99   Thumb Code   192  task.o(.text.ADC_Task)
    Buzzer_Init                              0x08000f91   Thumb Code    40  buzzer.o(.text.Buzzer_Init)
    Buzzer_Ring                              0x08000fb9   Thumb Code     8  buzzer.o(.text.Buzzer_Ring)
    Buzzer_Scan                              0x08000fc1   Thumb Code    44  buzzer.o(.text.Buzzer_Scan)
    Buzzer_Task                              0x08000ff5   Thumb Code   224  task.o(.text.Buzzer_Task)
    Charge_Task                              0x08001109   Thumb Code   144  task.o(.text.Charge_Task)
    Conditional_Judgment                     0x080011b1   Thumb Code   948  task.o(.text.Conditional_Judgment)
    Flashlight_Bright                        0x080015fd   Thumb Code   316  task.o(.text.Flashlight_Bright)
    Flashlight_Detection                     0x08001761   Thumb Code   140  task.o(.text.Flashlight_Detection)
    Flashlight_Task                          0x0800180d   Thumb Code   128  task.o(.text.Flashlight_Task)
    GPIO_Init                                0x080018a5   Thumb Code   136  hk32f030m_gpio.o(.text.GPIO_Init)
    GPIO_PinAFConfig                         0x0800192d   Thumb Code    32  hk32f030m_gpio.o(.text.GPIO_PinAFConfig)
    Get_Vesc_Pack_Data                       0x0800194d   Thumb Code    52  vesc_uasrt.o(.text.Get_Vesc_Pack_Data)
    HardFault_Handler                        0x08001985   Thumb Code     2  hk32f030m_it.o(.text.HardFault_Handler)
    IO_WS2812_Init                           0x08001989   Thumb Code    40  io_ws2812.o(.text.IO_WS2812_Init)
    KEY1_Scan                                0x080019b5   Thumb Code   232  key.o(.text.KEY1_Scan)
    KEY1_Task                                0x08001ab9   Thumb Code   100  task.o(.text.KEY1_Task)
    KEY_Init                                 0x08001b31   Thumb Code    36  key.o(.text.KEY_Init)
    LED_Init                                 0x08001b55   Thumb Code    92  led.o(.text.LED_Init)
    LED_PWM_Init                             0x08001bb1   Thumb Code   124  led_pwm.o(.text.LED_PWM_Init)
    NMI_Handler                              0x08001c41   Thumb Code     2  hk32f030m_it.o(.text.NMI_Handler)
    NVIC_Init                                0x08001c45   Thumb Code    68  hk32f030m_misc.o(.text.NVIC_Init)
    PendSV_Handler                           0x08001c95   Thumb Code     2  hk32f030m_it.o(.text.PendSV_Handler)
    Power_Display                            0x08001c99   Thumb Code    68  task.o(.text.Power_Display)
    Power_Init                               0x08001ce5   Thumb Code    64  power.o(.text.Power_Init)
    Power_Task                               0x08001d29   Thumb Code    96  task.o(.text.Power_Task)
    Protocol_Parse                           0x08001dad   Thumb Code   388  vesc_uasrt.o(.text.Protocol_Parse)
    RCC_AHBPeriphClockCmd                    0x08001f45   Thumb Code    24  hk32f030m_rcc.o(.text.RCC_AHBPeriphClockCmd)
    RCC_APB1PeriphClockCmd                   0x08001f61   Thumb Code    24  hk32f030m_rcc.o(.text.RCC_APB1PeriphClockCmd)
    RCC_APB2PeriphClockCmd                   0x08001f7d   Thumb Code    24  hk32f030m_rcc.o(.text.RCC_APB2PeriphClockCmd)
    RCC_APB2PeriphResetCmd                   0x08001f99   Thumb Code    24  hk32f030m_rcc.o(.text.RCC_APB2PeriphResetCmd)
    RCC_GetClocksFreq                        0x08001fb5   Thumb Code   168  hk32f030m_rcc.o(.text.RCC_GetClocksFreq)
    Read_ADC_Value                           0x08002079   Thumb Code    84  adc.o(.text.Read_ADC_Value)
    SVC_Handler                              0x080020dd   Thumb Code     2  hk32f030m_it.o(.text.SVC_Handler)
    Sensor_Activation_Diplay                 0x080020e1   Thumb Code   200  task.o(.text.Sensor_Activation_Diplay)
    SysTick_Handler                          0x080021b1   Thumb Code     2  hk32f030m_it.o(.text.SysTick_Handler)
    SystemInit                               0x080021b5   Thumb Code   220  system_hk32f030m.o(.text.SystemInit)
    TIM6_IRQHandler                          0x080022a5   Thumb Code   132  hk32f030m_it.o(.text.TIM6_IRQHandler)
    TIM_ClearITPendingBit                    0x08002359   Thumb Code     8  hk32f030m_tim.o(.text.TIM_ClearITPendingBit)
    TIM_Cmd                                  0x08002361   Thumb Code    24  hk32f030m_tim.o(.text.TIM_Cmd)
    TIM_CtrlPWMOutputs                       0x0800237d   Thumb Code    24  hk32f030m_tim.o(.text.TIM_CtrlPWMOutputs)
    TIM_GetITStatus                          0x08002399   Thumb Code    20  hk32f030m_tim.o(.text.TIM_GetITStatus)
    TIM_ITConfig                             0x080023ad   Thumb Code    24  hk32f030m_tim.o(.text.TIM_ITConfig)
    TIM_OC2Init                              0x080023c9   Thumb Code   108  hk32f030m_tim.o(.text.TIM_OC2Init)
    TIM_SetCompare2                          0x08002445   Thumb Code     4  hk32f030m_tim.o(.text.TIM_SetCompare2)
    TIM_TimeBaseInit                         0x08002449   Thumb Code    76  hk32f030m_tim.o(.text.TIM_TimeBaseInit)
    Time6_Init                               0x08002499   Thumb Code    72  time.o(.text.Time6_Init)
    USART1_IRQHandler                        0x080024e9   Thumb Code    88  hk32f030m_it.o(.text.USART1_IRQHandler)
    USART1_Init                              0x08002545   Thumb Code   152  usart.o(.text.USART1_Init)
    USART1_Send_Bytes                        0x080025e9   Thumb Code    28  usart.o(.text.USART1_Send_Bytes)
    USART_ClearFlag                          0x08002609   Thumb Code     4  hk32f030m_usart.o(.text.USART_ClearFlag)
    USART_Cmd                                0x0800260d   Thumb Code    16  hk32f030m_usart.o(.text.USART_Cmd)
    USART_ITConfig                           0x0800261d   Thumb Code    46  hk32f030m_usart.o(.text.USART_ITConfig)
    USART_Init                               0x0800264d   Thumb Code   148  hk32f030m_usart.o(.text.USART_Init)
    USART_ReceiveData                        0x080026ed   Thumb Code     8  hk32f030m_usart.o(.text.USART_ReceiveData)
    Usart_Task                               0x080026f9   Thumb Code   152  task.o(.text.Usart_Task)
    WS2812_0_Code                            0x080027a9   Thumb Code    16  io_ws2812.o(.text.WS2812_0_Code)
    WS2812_1_Code                            0x080027b9   Thumb Code    24  io_ws2812.o(.text.WS2812_1_Code)
    WS2812_Boot                              0x080027d5   Thumb Code    84  task.o(.text.WS2812_Boot)
    WS2812_Charge                            0x08002831   Thumb Code   128  task.o(.text.WS2812_Charge)
    WS2812_Init                              0x080028b9   Thumb Code    20  ws2812.o(.text.WS2812_Init)
    WS2812_Refresh                           0x080028cd   Thumb Code    52  ws2812.o(.text.WS2812_Refresh)
    WS2812_Set_Colour                        0x08002905   Thumb Code    88  ws2812.o(.text.WS2812_Set_Colour)
    WS2812_Task                              0x08002961   Thumb Code   168  task.o(.text.WS2812_Task)
    crc16                                    0x08002a2d   Thumb Code    40  crc.o(.text.crc16)
    main                                     0x08002a59   Thumb Code    96  main.o(.text.main)
    __aeabi_uidiv                            0x08002ac1   Thumb Code    68  aeabi_sdivfast.o(.text_divfast)
    __aeabi_idiv                             0x08002b05   Thumb Code   434  aeabi_sdivfast.o(.text_divfast)
    __aeabi_dcmpge                           0x08002cb7   Thumb Code     0  dcmp.o(i._dgeq)
    _dgeq                                    0x08002cb7   Thumb Code    22  dcmp.o(i._dgeq)
    __aeabi_dcmpgt                           0x08002ccd   Thumb Code     0  dcmp.o(i._dgr)
    _dgr                                     0x08002ccd   Thumb Code    22  dcmp.o(i._dgr)
    __aeabi_dcmple                           0x08002ce3   Thumb Code     0  dcmp.o(i._dleq)
    _dleq                                    0x08002ce3   Thumb Code    26  dcmp.o(i._dleq)
    __aeabi_dcmplt                           0x08002cfd   Thumb Code     0  dcmp.o(i._dls)
    _dls                                     0x08002cfd   Thumb Code    22  dcmp.o(i._dls)
    __aeabi_fcmpge                           0x08002d13   Thumb Code     0  fcmp.o(i._fgeq)
    _fgeq                                    0x08002d13   Thumb Code    22  fcmp.o(i._fgeq)
    __aeabi_fcmple                           0x08002d29   Thumb Code     0  fcmp.o(i._fleq)
    _fleq                                    0x08002d29   Thumb Code    26  fcmp.o(i._fleq)
    __aeabi_fcmplt                           0x08002d43   Thumb Code     0  fcmp.o(i._fls)
    _fls                                     0x08002d43   Thumb Code    22  fcmp.o(i._fls)
    _dcmpge                                  0x08002d59   Thumb Code    94  dgef.o(x$fpl$dgeqf)
    __aeabi_cdcmple                          0x08002dbd   Thumb Code     0  dlef.o(x$fpl$dleqf)
    _dcmple                                  0x08002dbd   Thumb Code    94  dlef.o(x$fpl$dleqf)
    __aeabi_fadd                             0x08002e21   Thumb Code     0  faddsub.o(x$fpl$fadd)
    _fadd                                    0x08002e21   Thumb Code   134  faddsub.o(x$fpl$fadd)
    _fcmpge                                  0x08002ead   Thumb Code    78  fgef.o(x$fpl$fgeqf)
    __aeabi_cfcmple                          0x08002f01   Thumb Code     0  flef.o(x$fpl$fleqf)
    _fcmple                                  0x08002f01   Thumb Code    78  flef.o(x$fpl$fleqf)
    __aeabi_fmul                             0x08002f55   Thumb Code     0  fmul.o(x$fpl$fmul)
    _fmul                                    0x08002f55   Thumb Code   172  fmul.o(x$fpl$fmul)
    __aeabi_fsub                             0x08003005   Thumb Code     0  faddsub.o(x$fpl$fsub)
    _fsub                                    0x08003005   Thumb Code   204  faddsub.o(x$fpl$fsub)
    __I$use$fp                               0x080030d4   Number         0  usenofp.o(x$fpl$usenofp)
    AHBPrescTable                            0x0800313c   Data          32  hk32f030m_rcc.o(.rodata.AHBPrescTable)
    APBPrescTable                            0x0800315c   Data           8  hk32f030m_rcc.o(.rodata.APBPrescTable)
    crc16_tab                                0x08003164   Data         512  crc.o(.rodata.crc16_tab)
    Region$$Table$$Base                      0x08003370   Number         0  anon$$obj.o(Region$$Table)
    Region$$Table$$Limit                     0x08003390   Number         0  anon$$obj.o(Region$$Table)
    V_I                                      0x20000000   Data           1  flag_bit.o(.data.V_I)
    brightness                               0x20000001   Data           1  task.o(.data.brightness)
    __libspace_start                         0x20000008   Data          96  libspace.o(.bss)
    ADC1_Val                                 0x20000068   Data           4  flag_bit.o(.bss.ADC1_Val)
    __temporary_stack_top$libspace           0x20000068   Data           0  libspace.o(.bss)
    ADC2_Val                                 0x2000006c   Data           4  flag_bit.o(.bss.ADC2_Val)
    ADC_Time                                 0x20000076   Data           2  flag_bit.o(.bss.ADC_Time)
    Brightness_Flag                          0x20000078   Data           1  flag_bit.o(.bss.Brightness_Flag)
    Buzzer_Counter                           0x2000007a   Data           2  buzzer.o(.bss.Buzzer_Counter)
    Buzzer_Flag                              0x2000007c   Data           1  flag_bit.o(.bss.Buzzer_Flag)
    Buzzer_Frequency                         0x2000007d   Data           1  flag_bit.o(.bss.Buzzer_Frequency)
    Buzzer_Time                              0x20000084   Data           2  flag_bit.o(.bss.Buzzer_Time)
    Charge_Current                           0x20000088   Data           4  flag_bit.o(.bss.Charge_Current)
    Charge_Flag                              0x2000008c   Data           1  flag_bit.o(.bss.Charge_Flag)
    Charge_Time                              0x2000008e   Data           2  flag_bit.o(.bss.Charge_Time)
    Charge_Voltage                           0x20000090   Data           4  flag_bit.o(.bss.Charge_Voltage)
    Charger_Detection_1ms                    0x20000094   Data           2  flag_bit.o(.bss.Charger_Detection_1ms)
    Flashlight_Detection_Time                0x2000009e   Data           2  flag_bit.o(.bss.Flashlight_Detection_Time)
    Flashlight_Flag                          0x200000a0   Data           1  flag_bit.o(.bss.Flashlight_Flag)
    Flashlight_Time                          0x200000a2   Data           2  flag_bit.o(.bss.Flashlight_Time)
    Footpad_Activation_Flag                  0x200000a4   Data           1  flag_bit.o(.bss.Footpad_Activation_Flag)
    Gear_Position                            0x200000a5   Data           1  flag_bit.o(.bss.Gear_Position)
    KEY1_State                               0x200000ad   Data           1  key.o(.bss.KEY1_State)
    LED_Counter                              0x200000ae   Data           2  led.o(.bss.LED_Counter)
    Lightbar_Mode_Flag                       0x200000b0   Data           1  flag_bit.o(.bss.Lightbar_Mode_Flag)
    Power_Display_Flag                       0x200000b1   Data           1  flag_bit.o(.bss.Power_Display_Flag)
    Power_Flag                               0x200000b2   Data           1  flag_bit.o(.bss.Power_Flag)
    Power_Time                               0x200000b6   Data           2  flag_bit.o(.bss.Power_Time)
    Shutdown_Cnt                             0x200000b8   Data           1  flag_bit.o(.bss.Shutdown_Cnt)
    Shutdown_Time_M                          0x200000b9   Data           1  flag_bit.o(.bss.Shutdown_Time_M)
    Shutdown_Time_S                          0x200000ba   Data           2  flag_bit.o(.bss.Shutdown_Time_S)
    Usart_Flag                               0x200000bd   Data           1  flag_bit.o(.bss.Usart_Flag)
    Usart_Time                               0x200000c0   Data           2  flag_bit.o(.bss.Usart_Time)
    VESC_Boot_Time                           0x200000c2   Data           2  flag_bit.o(.bss.VESC_Boot_Time)
    VESC_RX_Buff                             0x200000c4   Data         256  vesc_uasrt.o(.bss.VESC_RX_Buff)
    VESC_RX_Flag                             0x200001c4   Data           1  vesc_uasrt.o(.bss.VESC_RX_Flag)
    WS2812_Buff                              0x200001c8   Data         240  ws2812.o(.bss.WS2812_Buff)
    WS2812_Counter                           0x200002ba   Data           2  ws2812.o(.bss.WS2812_Counter)
    WS2812_Measure                           0x200002bc   Data           1  flag_bit.o(.bss.WS2812_Measure)
    data                                     0x200002c0   Data          44  vesc_uasrt.o(.bss.data)
    flashlight_flag_last_2                   0x200002ec   Data           1  task.o(.bss.flashlight_flag_last_2)
    protocol_buff                            0x200002ed   Data         256  vesc_uasrt.o(.bss.protocol_buff)
    val                                      0x200003ed   Data           1  task.o(.bss.val)



==============================================================================

Memory Map of the image

  Image Entry point : 0x080000c1

  Load Region LR_IROM1 (Base: 0x08000000, Size: 0x00003398, Max: 0x00004000, ABSOLUTE)

    Execution Region ER_IROM1 (Exec base: 0x08000000, Load base: 0x08000000, Size: 0x00003390, Max: 0x00004000, ABSOLUTE)

    Exec Addr    Load Addr    Size         Type   Attr      Idx    E Section Name        Object

    0x08000000   0x08000000   0x000000c0   Data   RO            3    RESET               keil_startup_hk32f030m.o
    0x080000c0   0x080000c0   0x00000008   Code   RO          948  * !!!main             c_p.l(__main.o)
    0x080000c8   0x080000c8   0x0000003c   Code   RO         1203    !!!scatter          c_p.l(__scatter.o)
    0x08000104   0x08000104   0x0000001a   Code   RO         1205    !!handler_copy      c_p.l(__scatter_copy.o)
    0x0800011e   0x0800011e   0x00000002   PAD
    0x08000120   0x08000120   0x0000001c   Code   RO         1207    !!handler_zi        c_p.l(__scatter_zi.o)
    0x0800013c   0x0800013c   0x00000002   Code   RO         1056    .ARM.Collect$$libinit$$00000000  c_p.l(libinit.o)
    0x0800013e   0x0800013e   0x00000000   Code   RO         1076    .ARM.Collect$$libinit$$00000002  c_p.l(libinit2.o)
    0x0800013e   0x0800013e   0x00000000   Code   RO         1078    .ARM.Collect$$libinit$$00000004  c_p.l(libinit2.o)
    0x0800013e   0x0800013e   0x00000000   Code   RO         1080    .ARM.Collect$$libinit$$00000006  c_p.l(libinit2.o)
    0x0800013e   0x0800013e   0x00000000   Code   RO         1083    .ARM.Collect$$libinit$$0000000C  c_p.l(libinit2.o)
    0x0800013e   0x0800013e   0x00000000   Code   RO         1085    .ARM.Collect$$libinit$$0000000E  c_p.l(libinit2.o)
    0x0800013e   0x0800013e   0x00000000   Code   RO         1087    .ARM.Collect$$libinit$$00000010  c_p.l(libinit2.o)
    0x0800013e   0x0800013e   0x00000000   Code   RO         1090    .ARM.Collect$$libinit$$00000013  c_p.l(libinit2.o)
    0x0800013e   0x0800013e   0x00000000   Code   RO         1092    .ARM.Collect$$libinit$$00000015  c_p.l(libinit2.o)
    0x0800013e   0x0800013e   0x00000000   Code   RO         1094    .ARM.Collect$$libinit$$00000017  c_p.l(libinit2.o)
    0x0800013e   0x0800013e   0x00000000   Code   RO         1096    .ARM.Collect$$libinit$$00000019  c_p.l(libinit2.o)
    0x0800013e   0x0800013e   0x00000000   Code   RO         1098    .ARM.Collect$$libinit$$0000001B  c_p.l(libinit2.o)
    0x0800013e   0x0800013e   0x00000000   Code   RO         1100    .ARM.Collect$$libinit$$0000001D  c_p.l(libinit2.o)
    0x0800013e   0x0800013e   0x00000000   Code   RO         1102    .ARM.Collect$$libinit$$0000001F  c_p.l(libinit2.o)
    0x0800013e   0x0800013e   0x00000000   Code   RO         1104    .ARM.Collect$$libinit$$00000021  c_p.l(libinit2.o)
    0x0800013e   0x0800013e   0x00000000   Code   RO         1106    .ARM.Collect$$libinit$$00000023  c_p.l(libinit2.o)
    0x0800013e   0x0800013e   0x00000000   Code   RO         1108    .ARM.Collect$$libinit$$00000025  c_p.l(libinit2.o)
    0x0800013e   0x0800013e   0x00000000   Code   RO         1110    .ARM.Collect$$libinit$$00000027  c_p.l(libinit2.o)
    0x0800013e   0x0800013e   0x00000000   Code   RO         1114    .ARM.Collect$$libinit$$0000002E  c_p.l(libinit2.o)
    0x0800013e   0x0800013e   0x00000000   Code   RO         1116    .ARM.Collect$$libinit$$00000030  c_p.l(libinit2.o)
    0x0800013e   0x0800013e   0x00000000   Code   RO         1118    .ARM.Collect$$libinit$$00000032  c_p.l(libinit2.o)
    0x0800013e   0x0800013e   0x00000000   Code   RO         1120    .ARM.Collect$$libinit$$00000034  c_p.l(libinit2.o)
    0x0800013e   0x0800013e   0x00000002   Code   RO         1121    .ARM.Collect$$libinit$$00000035  c_p.l(libinit2.o)
    0x08000140   0x08000140   0x00000002   Code   RO         1158    .ARM.Collect$$libshutdown$$00000000  c_p.l(libshutdown.o)
    0x08000142   0x08000142   0x00000000   Code   RO         1186    .ARM.Collect$$libshutdown$$00000002  c_p.l(libshutdown2.o)
    0x08000142   0x08000142   0x00000000   Code   RO         1188    .ARM.Collect$$libshutdown$$00000004  c_p.l(libshutdown2.o)
    0x08000142   0x08000142   0x00000000   Code   RO         1191    .ARM.Collect$$libshutdown$$00000007  c_p.l(libshutdown2.o)
    0x08000142   0x08000142   0x00000000   Code   RO         1194    .ARM.Collect$$libshutdown$$0000000A  c_p.l(libshutdown2.o)
    0x08000142   0x08000142   0x00000000   Code   RO         1196    .ARM.Collect$$libshutdown$$0000000C  c_p.l(libshutdown2.o)
    0x08000142   0x08000142   0x00000000   Code   RO         1199    .ARM.Collect$$libshutdown$$0000000F  c_p.l(libshutdown2.o)
    0x08000142   0x08000142   0x00000002   Code   RO         1200    .ARM.Collect$$libshutdown$$00000010  c_p.l(libshutdown2.o)
    0x08000144   0x08000144   0x00000000   Code   RO         1001    .ARM.Collect$$rtentry$$00000000  c_p.l(__rtentry.o)
    0x08000144   0x08000144   0x00000000   Code   RO         1022    .ARM.Collect$$rtentry$$00000002  c_p.l(__rtentry2.o)
    0x08000144   0x08000144   0x00000006   Code   RO         1034    .ARM.Collect$$rtentry$$00000004  c_p.l(__rtentry4.o)
    0x0800014a   0x0800014a   0x00000000   Code   RO         1024    .ARM.Collect$$rtentry$$00000009  c_p.l(__rtentry2.o)
    0x0800014a   0x0800014a   0x00000004   Code   RO         1025    .ARM.Collect$$rtentry$$0000000A  c_p.l(__rtentry2.o)
    0x0800014e   0x0800014e   0x00000000   Code   RO         1027    .ARM.Collect$$rtentry$$0000000C  c_p.l(__rtentry2.o)
    0x0800014e   0x0800014e   0x00000008   Code   RO         1028    .ARM.Collect$$rtentry$$0000000D  c_p.l(__rtentry2.o)
    0x08000156   0x08000156   0x00000002   Code   RO         1067    .ARM.Collect$$rtexit$$00000000  c_p.l(rtexit.o)
    0x08000158   0x08000158   0x00000000   Code   RO         1129    .ARM.Collect$$rtexit$$00000002  c_p.l(rtexit2.o)
    0x08000158   0x08000158   0x00000004   Code   RO         1130    .ARM.Collect$$rtexit$$00000003  c_p.l(rtexit2.o)
    0x0800015c   0x0800015c   0x00000006   Code   RO         1131    .ARM.Collect$$rtexit$$00000004  c_p.l(rtexit2.o)
    0x08000162   0x08000162   0x00000002   PAD
    0x08000164   0x08000164   0x00000038   Code   RO            4    .text               keil_startup_hk32f030m.o
    0x0800019c   0x0800019c   0x00000012   Code   RO          936    .text               c_p.l(aeabi_memset4.o)
    0x080001ae   0x080001ae   0x00000006   Code   RO          946    .text               c_p.l(heapauxi.o)
    0x080001b4   0x080001b4   0x0000007c   Code   RO          950    .text               fz_ps.l(d2f.o)
    0x08000230   0x08000230   0x00000358   Code   RO          952    .text               fz_ps.l(daddsub.o)
    0x08000588   0x08000588   0x0000006c   Code   RO          966    .text               fz_ps.l(dfixi.o)
    0x080005f4   0x080005f4   0x00000058   Code   RO          968    .text               fz_ps.l(dflti.o)
    0x0800064c   0x0800064c   0x00000248   Code   RO          970    .text               fz_ps.l(dmul.o)
    0x08000894   0x08000894   0x00000054   Code   RO          972    .text               fz_ps.l(f2d.o)
    0x080008e8   0x080008e8   0x00000160   Code   RO          992    .text               fz_ps.l(fdiv.o)
    0x08000a48   0x08000a48   0x0000004c   Code   RO          995    .text               fz_ps.l(ffixi.o)
    0x08000a94   0x08000a94   0x0000005e   Code   RO          997    .text               fz_ps.l(fflti.o)
    0x08000af2   0x08000af2   0x00000040   Code   RO         1006    .text               c_p.l(rt_memclr.o)
    0x08000b32   0x08000b32   0x00000002   PAD
    0x08000b34   0x08000b34   0x000000a0   Code   RO         1038    .text               fz_ps.l(dcmpin.o)
    0x08000bd4   0x08000bd4   0x00000064   Code   RO         1040    .text               fz_ps.l(fcmpin.o)
    0x08000c38   0x08000c38   0x0000003e   Code   RO         1042    .text               c_p.l(sys_stackheap_outer.o)
    0x08000c76   0x08000c76   0x00000010   Code   RO         1045    .text               c_p.l(exit.o)
    0x08000c86   0x08000c86   0x0000002e   Code   RO         1057    .text               fz_ps.l(cmpret.o)
    0x08000cb4   0x08000cb4   0x00000014   Code   RO         1059    .text               fz_ps.l(dnan2.o)
    0x08000cc8   0x08000cc8   0x00000010   Code   RO         1061    .text               fz_ps.l(fnan2.o)
    0x08000cd8   0x08000cd8   0x00000008   Code   RO         1063    .text               c_p.l(libspace.o)
    0x08000ce0   0x08000ce0   0x0000005e   Code   RO         1122    .text               fz_ps.l(retnan.o)
    0x08000d3e   0x08000d3e   0x00000002   PAD
    0x08000d40   0x08000d40   0x0000000c   Code   RO         1124    .text               c_p.l(sys_exit.o)
    0x08000d4c   0x08000d4c   0x00000002   Code   RO         1147    .text               c_p.l(use_no_semi.o)
    0x08000d4e   0x08000d4e   0x00000000   Code   RO         1149    .text               c_p.l(indicate_semi.o)
    0x08000d4e   0x08000d4e   0x00000002   PAD
    0x08000d50   0x08000d50   0x000000a0   Code   RO          335    .text.ADC1_Init     adc.o
    0x08000df0   0x08000df0   0x00000006   Code   RO          386    .text.ADC_ChannelConfig  hk32f030m_adc.o
    0x08000df6   0x08000df6   0x00000004   Code   RO          406    .text.ADC_ClearFlag  hk32f030m_adc.o
    0x08000dfa   0x08000dfa   0x00000012   Code   RO          366    .text.ADC_Cmd       hk32f030m_adc.o
    0x08000e0c   0x08000e0c   0x00000024   Code   RO          360    .text.ADC_DeInit    hk32f030m_adc.o
    0x08000e30   0x08000e30   0x00000006   Code   RO          400    .text.ADC_GetConversionValue  hk32f030m_adc.o
    0x08000e36   0x08000e36   0x00000018   Code   RO          404    .text.ADC_GetFlagStatus  hk32f030m_adc.o
    0x08000e4e   0x08000e4e   0x00000002   PAD
    0x08000e50   0x08000e50   0x00000024   Code   RO          362    .text.ADC_Init      hk32f030m_adc.o
    0x08000e74   0x08000e74   0x0000000a   Code   RO          398    .text.ADC_StartOfConversion  hk32f030m_adc.o
    0x08000e7e   0x08000e7e   0x0000000a   Code   RO          396    .text.ADC_StopOfConversion  hk32f030m_adc.o
    0x08000e88   0x08000e88   0x0000000e   Code   RO          364    .text.ADC_StructInit  hk32f030m_adc.o
    0x08000e96   0x08000e96   0x00000002   PAD
    0x08000e98   0x08000e98   0x000000f8   Code   RO          176    .text.ADC_Task      task.o
    0x08000f90   0x08000f90   0x00000028   Code   RO          306    .text.Buzzer_Init   buzzer.o
    0x08000fb8   0x08000fb8   0x00000008   Code   RO          310    .text.Buzzer_Ring   buzzer.o
    0x08000fc0   0x08000fc0   0x00000034   Code   RO          308    .text.Buzzer_Scan   buzzer.o
    0x08000ff4   0x08000ff4   0x00000114   Code   RO          172    .text.Buzzer_Task   task.o
    0x08001108   0x08001108   0x000000a8   Code   RO          164    .text.Charge_Task   task.o
    0x080011b0   0x080011b0   0x0000044c   Code   RO          180    .text.Conditional_Judgment  task.o
    0x080015fc   0x080015fc   0x00000164   Code   RO          166    .text.Flashlight_Bright  task.o
    0x08001760   0x08001760   0x000000ac   Code   RO          170    .text.Flashlight_Detection  task.o
    0x0800180c   0x0800180c   0x00000098   Code   RO          168    .text.Flashlight_Task  task.o
    0x080018a4   0x080018a4   0x00000088   Code   RO          428    .text.GPIO_Init     hk32f030m_gpio.o
    0x0800192c   0x0800192c   0x00000020   Code   RO          452    .text.GPIO_PinAFConfig  hk32f030m_gpio.o
    0x0800194c   0x0800194c   0x00000038   Code   RO           87    .text.Get_Vesc_Pack_Data  vesc_uasrt.o
    0x08001984   0x08001984   0x00000002   Code   RO           22    .text.HardFault_Handler  hk32f030m_it.o
    0x08001986   0x08001986   0x00000002   PAD
    0x08001988   0x08001988   0x0000002c   Code   RO          347    .text.IO_WS2812_Init  io_ws2812.o
    0x080019b4   0x080019b4   0x00000104   Code   RO          292    .text.KEY1_Scan     key.o
    0x08001ab8   0x08001ab8   0x00000078   Code   RO          148    .text.KEY1_Task     task.o
    0x08001b30   0x08001b30   0x00000024   Code   RO          290    .text.KEY_Init      key.o
    0x08001b54   0x08001b54   0x0000005c   Code   RO          245    .text.LED_Init      led.o
    0x08001bb0   0x08001bb0   0x00000090   Code   RO          282    .text.LED_PWM_Init  led_pwm.o
    0x08001c40   0x08001c40   0x00000002   Code   RO           20    .text.NMI_Handler   hk32f030m_it.o
    0x08001c42   0x08001c42   0x00000002   PAD
    0x08001c44   0x08001c44   0x00000050   Code   RO          491    .text.NVIC_Init     hk32f030m_misc.o
    0x08001c94   0x08001c94   0x00000002   Code   RO           26    .text.PendSV_Handler  hk32f030m_it.o
    0x08001c96   0x08001c96   0x00000002   PAD
    0x08001c98   0x08001c98   0x0000004c   Code   RO          150    .text.Power_Display  task.o
    0x08001ce4   0x08001ce4   0x00000044   Code   RO          274    .text.Power_Init    power.o
    0x08001d28   0x08001d28   0x00000084   Code   RO          162    .text.Power_Task    task.o
    0x08001dac   0x08001dac   0x00000198   Code   RO          101    .text.Protocol_Parse  vesc_uasrt.o
    0x08001f44   0x08001f44   0x0000001c   Code   RO          519    .text.RCC_AHBPeriphClockCmd  hk32f030m_rcc.o
    0x08001f60   0x08001f60   0x0000001c   Code   RO          543    .text.RCC_APB1PeriphClockCmd  hk32f030m_rcc.o
    0x08001f7c   0x08001f7c   0x0000001c   Code   RO          541    .text.RCC_APB2PeriphClockCmd  hk32f030m_rcc.o
    0x08001f98   0x08001f98   0x0000001c   Code   RO          547    .text.RCC_APB2PeriphResetCmd  hk32f030m_rcc.o
    0x08001fb4   0x08001fb4   0x000000c4   Code   RO          539    .text.RCC_GetClocksFreq  hk32f030m_rcc.o
    0x08002078   0x08002078   0x00000064   Code   RO          337    .text.Read_ADC_Value  adc.o
    0x080020dc   0x080020dc   0x00000002   Code   RO           24    .text.SVC_Handler   hk32f030m_it.o
    0x080020de   0x080020de   0x00000002   PAD
    0x080020e0   0x080020e0   0x000000d0   Code   RO          152    .text.Sensor_Activation_Diplay  task.o
    0x080021b0   0x080021b0   0x00000002   Code   RO           28    .text.SysTick_Handler  hk32f030m_it.o
    0x080021b2   0x080021b2   0x00000002   PAD
    0x080021b4   0x080021b4   0x000000f0   Code   RO           42    .text.SystemInit    system_hk32f030m.o
    0x080022a4   0x080022a4   0x000000b4   Code   RO           30    .text.TIM6_IRQHandler  hk32f030m_it.o
    0x08002358   0x08002358   0x00000008   Code   RO          795    .text.TIM_ClearITPendingBit  hk32f030m_tim.o
    0x08002360   0x08002360   0x0000001c   Code   RO          679    .text.TIM_Cmd       hk32f030m_tim.o
    0x0800237c   0x0800237c   0x0000001c   Code   RO          685    .text.TIM_CtrlPWMOutputs  hk32f030m_tim.o
    0x08002398   0x08002398   0x00000014   Code   RO          793    .text.TIM_GetITStatus  hk32f030m_tim.o
    0x080023ac   0x080023ac   0x0000001c   Code   RO          785    .text.TIM_ITConfig  hk32f030m_tim.o
    0x080023c8   0x080023c8   0x0000007c   Code   RO          689    .text.TIM_OC2Init   hk32f030m_tim.o
    0x08002444   0x08002444   0x00000004   Code   RO          701    .text.TIM_SetCompare2  hk32f030m_tim.o
    0x08002448   0x08002448   0x00000050   Code   RO          653    .text.TIM_TimeBaseInit  hk32f030m_tim.o
    0x08002498   0x08002498   0x00000050   Code   RO          254    .text.Time6_Init    time.o
    0x080024e8   0x080024e8   0x0000005c   Code   RO           32    .text.USART1_IRQHandler  hk32f030m_it.o
    0x08002544   0x08002544   0x000000a4   Code   RO          321    .text.USART1_Init   usart.o
    0x080025e8   0x080025e8   0x00000020   Code   RO          325    .text.USART1_Send_Bytes  usart.o
    0x08002608   0x08002608   0x00000004   Code   RO          917    .text.USART_ClearFlag  hk32f030m_usart.o
    0x0800260c   0x0800260c   0x00000010   Code   RO          839    .text.USART_Cmd     hk32f030m_usart.o
    0x0800261c   0x0800261c   0x0000002e   Code   RO          909    .text.USART_ITConfig  hk32f030m_usart.o
    0x0800264a   0x0800264a   0x00000002   PAD
    0x0800264c   0x0800264c   0x000000a0   Code   RO          831    .text.USART_Init    hk32f030m_usart.o
    0x080026ec   0x080026ec   0x0000000c   Code   RO          871    .text.USART_ReceiveData  hk32f030m_usart.o
    0x080026f8   0x080026f8   0x000000b0   Code   RO          174    .text.Usart_Task    task.o
    0x080027a8   0x080027a8   0x00000010   Code   RO          349    .text.WS2812_0_Code  io_ws2812.o
    0x080027b8   0x080027b8   0x0000001c   Code   RO          351    .text.WS2812_1_Code  io_ws2812.o
    0x080027d4   0x080027d4   0x0000005c   Code   RO          154    .text.WS2812_Boot   task.o
    0x08002830   0x08002830   0x00000088   Code   RO          158    .text.WS2812_Charge  task.o
    0x080028b8   0x080028b8   0x00000014   Code   RO           55    .text.WS2812_Init   ws2812.o
    0x080028cc   0x080028cc   0x00000038   Code   RO           63    .text.WS2812_Refresh  ws2812.o
    0x08002904   0x08002904   0x0000005c   Code   RO           57    .text.WS2812_Set_Colour  ws2812.o
    0x08002960   0x08002960   0x000000cc   Code   RO          160    .text.WS2812_Task   task.o
    0x08002a2c   0x08002a2c   0x0000002c   Code   RO           75    .text.crc16         crc.o
    0x08002a58   0x08002a58   0x00000068   Code   RO           11    .text.main          main.o
    0x08002ac0   0x08002ac0   0x000001f6   Code   RO          939    .text_divfast       c_p.l(aeabi_sdivfast.o)
    0x08002cb6   0x08002cb6   0x00000016   Code   RO          955    i._dgeq             fz_ps.l(dcmp.o)
    0x08002ccc   0x08002ccc   0x00000016   Code   RO          956    i._dgr              fz_ps.l(dcmp.o)
    0x08002ce2   0x08002ce2   0x0000001a   Code   RO          957    i._dleq             fz_ps.l(dcmp.o)
    0x08002cfc   0x08002cfc   0x00000016   Code   RO          958    i._dls              fz_ps.l(dcmp.o)
    0x08002d12   0x08002d12   0x00000016   Code   RO          981    i._fgeq             fz_ps.l(fcmp.o)
    0x08002d28   0x08002d28   0x0000001a   Code   RO          983    i._fleq             fz_ps.l(fcmp.o)
    0x08002d42   0x08002d42   0x00000016   Code   RO          984    i._fls              fz_ps.l(fcmp.o)
    0x08002d58   0x08002d58   0x00000064   Code   RO         1010    x$fpl$dgeqf         fz_ps.l(dgef.o)
    0x08002dbc   0x08002dbc   0x00000064   Code   RO         1012    x$fpl$dleqf         fz_ps.l(dlef.o)
    0x08002e20   0x08002e20   0x0000008c   Code   RO          974    x$fpl$fadd          fz_ps.l(faddsub.o)
    0x08002eac   0x08002eac   0x00000054   Code   RO         1016    x$fpl$fgeqf         fz_ps.l(fgef.o)
    0x08002f00   0x08002f00   0x00000054   Code   RO         1018    x$fpl$fleqf         fz_ps.l(flef.o)
    0x08002f54   0x08002f54   0x000000b0   Code   RO          999    x$fpl$fmul          fz_ps.l(fmul.o)
    0x08003004   0x08003004   0x000000d0   Code   RO          976    x$fpl$fsub          fz_ps.l(faddsub.o)
    0x080030d4   0x080030d4   0x00000000   Code   RO         1020    x$fpl$usenofp       fz_ps.l(usenofp.o)
    0x080030d4   0x080030d4   0x00000040   Data   RO          993    .constdata          fz_ps.l(fdiv.o)
    0x08003114   0x08003114   0x00000028   Data   RO          200    .rodata..L__const.Apply_BatteryPowerFlag.battVoltages  task.o
    0x0800313c   0x0800313c   0x00000020   Data   RO          559    .rodata.AHBPrescTable  hk32f030m_rcc.o
    0x0800315c   0x0800315c   0x00000008   Data   RO          560    .rodata.APBPrescTable  hk32f030m_rcc.o
    0x08003164   0x08003164   0x00000200   Data   RO           77    .rodata.crc16_tab   crc.o
    0x08003364   0x08003364   0x0000000c   Data   RO          202    .rodata.str4.4      task.o
    0x08003370   0x08003370   0x00000020   Data   RO         1202    Region$$Table       anon$$obj.o


    Execution Region RW_IRAM1 (Exec base: 0x20000000, Load base: 0x08003390, Size: 0x000007f0, Max: 0x00000800, ABSOLUTE)

    Exec Addr    Load Addr    Size         Type   Attr      Idx    E Section Name        Object

    0x20000000   0x08003390   0x00000001   Data   RW          237    .data.V_I           flag_bit.o
    0x20000001   0x08003391   0x00000001   Data   RW          182    .data.brightness    task.o
    0x20000002   0x08003392   0x00000006   PAD
    0x20000008        -       0x00000060   Zero   RW         1064    .bss                c_p.l(libspace.o)
    0x20000068        -       0x00000004   Zero   RW          229    .bss.ADC1_Val       flag_bit.o
    0x2000006c        -       0x00000004   Zero   RW          230    .bss.ADC2_Val       flag_bit.o
    0x20000070        -       0x00000002   Zero   RW          199    .bss.ADC_Task.adc1_val_sum_ave  task.o
    0x20000072        -       0x00000002   Zero   RW          198    .bss.ADC_Task.adc_charge_sum_ave  task.o
    0x20000074        -       0x00000001   Zero   RW          197    .bss.ADC_Task.adc_step  task.o
    0x20000075   0x08003392   0x00000001   PAD
    0x20000076        -       0x00000002   Zero   RW          226    .bss.ADC_Time       flag_bit.o
    0x20000078        -       0x00000001   Zero   RW          214    .bss.Brightness_Flag  flag_bit.o
    0x20000079   0x08003392   0x00000001   PAD
    0x2000007a        -       0x00000002   Zero   RW          312    .bss.Buzzer_Counter  buzzer.o
    0x2000007c        -       0x00000001   Zero   RW          218    .bss.Buzzer_Flag    flag_bit.o
    0x2000007d        -       0x00000001   Zero   RW          234    .bss.Buzzer_Frequency  flag_bit.o
    0x2000007e        -       0x00000001   Zero   RW          313    .bss.Buzzer_Scan.buzzer_lock  buzzer.o
    0x2000007f        -       0x00000001   Zero   RW          192    .bss.Buzzer_Task.buzzer_step  task.o
    0x20000080        -       0x00000001   Zero   RW          193    .bss.Buzzer_Task.gear_position_last  task.o
    0x20000081        -       0x00000001   Zero   RW          194    .bss.Buzzer_Task.ring_frequency  task.o
    0x20000082        -       0x00000002   Zero   RW          195    .bss.Buzzer_Task.sound_frequency  task.o
    0x20000084        -       0x00000002   Zero   RW          221    .bss.Buzzer_Time    flag_bit.o
    0x20000086   0x08003392   0x00000002   PAD
    0x20000088        -       0x00000004   Zero   RW          236    .bss.Charge_Current  flag_bit.o
    0x2000008c        -       0x00000001   Zero   RW          212    .bss.Charge_Flag    flag_bit.o
    0x2000008d        -       0x00000001   Zero   RW          186    .bss.Charge_Task.charge_step  task.o
    0x2000008e        -       0x00000002   Zero   RW          222    .bss.Charge_Time    flag_bit.o
    0x20000090        -       0x00000004   Zero   RW          231    .bss.Charge_Voltage  flag_bit.o
    0x20000094        -       0x00000002   Zero   RW          239    .bss.Charger_Detection_1ms  flag_bit.o
    0x20000096   0x08003392   0x00000002   PAD
    0x20000098        -       0x00000004   Zero   RW          201    .bss.Conditional_Judgment.battery_voltage_last  task.o
    0x2000009c        -       0x00000001   Zero   RW          189    .bss.Flashlight_Bright.flashlight_bright_step  task.o
    0x2000009d        -       0x00000001   Zero   RW          191    .bss.Flashlight_Detection.gear_position_last  task.o
    0x2000009e        -       0x00000002   Zero   RW          235    .bss.Flashlight_Detection_Time  flag_bit.o
    0x200000a0        -       0x00000001   Zero   RW          213    .bss.Flashlight_Flag  flag_bit.o
    0x200000a1        -       0x00000001   Zero   RW          190    .bss.Flashlight_Task.flashlight_flag_last  task.o
    0x200000a2        -       0x00000002   Zero   RW          223    .bss.Flashlight_Time  flag_bit.o
    0x200000a4        -       0x00000001   Zero   RW          216    .bss.Footpad_Activation_Flag  flag_bit.o
    0x200000a5        -       0x00000001   Zero   RW          232    .bss.Gear_Position  flag_bit.o
    0x200000a6        -       0x00000002   Zero   RW          296    .bss.KEY1_Scan.key1_cnt  key.o
    0x200000a8        -       0x00000002   Zero   RW          297    .bss.KEY1_Scan.key1_cnt_2  key.o
    0x200000aa        -       0x00000002   Zero   RW          298    .bss.KEY1_Scan.key1_num  key.o
    0x200000ac        -       0x00000001   Zero   RW          295    .bss.KEY1_Scan.key1_st  key.o
    0x200000ad        -       0x00000001   Zero   RW          294    .bss.KEY1_State     key.o
    0x200000ae        -       0x00000002   Zero   RW          247    .bss.LED_Counter    led.o
    0x200000b0        -       0x00000001   Zero   RW          215    .bss.Lightbar_Mode_Flag  flag_bit.o
    0x200000b1        -       0x00000001   Zero   RW          217    .bss.Power_Display_Flag  flag_bit.o
    0x200000b2        -       0x00000001   Zero   RW          211    .bss.Power_Flag     flag_bit.o
    0x200000b3        -       0x00000001   Zero   RW          184    .bss.Power_Task.power_flag_last  task.o
    0x200000b4        -       0x00000001   Zero   RW          185    .bss.Power_Task.power_step  task.o
    0x200000b5   0x08003392   0x00000001   PAD
    0x200000b6        -       0x00000002   Zero   RW          224    .bss.Power_Time     flag_bit.o
    0x200000b8        -       0x00000001   Zero   RW          238    .bss.Shutdown_Cnt   flag_bit.o
    0x200000b9        -       0x00000001   Zero   RW          228    .bss.Shutdown_Time_M  flag_bit.o
    0x200000ba        -       0x00000002   Zero   RW          227    .bss.Shutdown_Time_S  flag_bit.o
    0x200000bc        -       0x00000001   Zero   RW           34    .bss.USART1_IRQHandler.count  hk32f030m_it.o
    0x200000bd        -       0x00000001   Zero   RW          219    .bss.Usart_Flag     flag_bit.o
    0x200000be        -       0x00000001   Zero   RW          196    .bss.Usart_Task.usart_step  task.o
    0x200000bf   0x08003392   0x00000001   PAD
    0x200000c0        -       0x00000002   Zero   RW          225    .bss.Usart_Time     flag_bit.o
    0x200000c2        -       0x00000002   Zero   RW          220    .bss.VESC_Boot_Time  flag_bit.o
    0x200000c4        -       0x00000100   Zero   RW          106    .bss.VESC_RX_Buff   vesc_uasrt.o
    0x200001c4        -       0x00000001   Zero   RW          103    .bss.VESC_RX_Flag   vesc_uasrt.o
    0x200001c5   0x08003392   0x00000003   PAD
    0x200001c8        -       0x000000f0   Zero   RW           66    .bss.WS2812_Buff    ws2812.o
    0x200002b8        -       0x00000001   Zero   RW          183    .bss.WS2812_Charge.cnt  task.o
    0x200002b9   0x08003392   0x00000001   PAD
    0x200002ba        -       0x00000002   Zero   RW           65    .bss.WS2812_Counter  ws2812.o
    0x200002bc        -       0x00000001   Zero   RW          233    .bss.WS2812_Measure  flag_bit.o
    0x200002bd   0x08003392   0x00000003   PAD
    0x200002c0        -       0x0000002c   Zero   RW          105    .bss.data           vesc_uasrt.o
    0x200002ec        -       0x00000001   Zero   RW          188    .bss.flashlight_flag_last_2  task.o
    0x200002ed        -       0x00000100   Zero   RW          104    .bss.protocol_buff  vesc_uasrt.o
    0x200003ed        -       0x00000001   Zero   RW          187    .bss.val            task.o
    0x200003ee   0x08003392   0x00000002   PAD
    0x200003f0        -       0x00000200   Zero   RW            2    HEAP                keil_startup_hk32f030m.o
    0x200005f0        -       0x00000200   Zero   RW            1    STACK               keil_startup_hk32f030m.o


==============================================================================

Image component sizes


      Code (inc. data)   RO Data    RW Data    ZI Data      Debug   Object Name

       260         24          0          0          0       3034   adc.o
       100          8          0          0          3       2256   buzzer.o
        44          4        512          0          0        828   crc.o
         0          0          0          1         50       1334   flag_bit.o
       164          8          0          0          0       7580   hk32f030m_adc.o
       168          0          0          0          0       6660   hk32f030m_gpio.o
       282         52          0          0          1       2034   hk32f030m_it.o
        80         12          0          0          0       2674   hk32f030m_misc.o
       308         44         40          0          0       9847   hk32f030m_rcc.o
       320         32          0          0          0      28059   hk32f030m_tim.o
       238         16          0          0          0      11479   hk32f030m_usart.o
        88          8          0          0          0       2123   io_ws2812.o
        56         26        192          0       1024        768   keil_startup_hk32f030m.o
       296         34          0          0          8       2387   key.o
        92          0          0          0          2       1975   led.o
       144         20          0          0          0       2865   led_pwm.o
       104          8          0          0          0       1001   main.o
        68          4          0          0          0       1910   power.o
       240         20          0          0          0       2865   system_hk32f030m.o
      3616        556         52          1         24      12227   task.o
        80          8          0          0          0       2224   time.o
       196         16          0          0          0       3709   usart.o
       464         24          0          0        557       9649   vesc_uasrt.o
       168          8          0          0        242       2505   ws2812.o

    ----------------------------------------------------------------------
      7592        932        828          4       1932     121993   Object Totals
         0          0         32          0          0          0   (incl. Generated)
        16          0          0          2         21          0   (incl. Padding)

    ----------------------------------------------------------------------

      Code (inc. data)   RO Data    RW Data    ZI Data      Debug   Library Member Name

         8          0          0          0          0         68   __main.o
         0          0          0          0          0          0   __rtentry.o
        12          0          0          0          0          0   __rtentry2.o
         6          0          0          0          0          0   __rtentry4.o
        60          8          0          0          0          0   __scatter.o
        26          0          0          0          0          0   __scatter_copy.o
        28          0          0          0          0          0   __scatter_zi.o
        18          0          0          0          0         68   aeabi_memset4.o
       502          0          0          0          0         92   aeabi_sdivfast.o
        16          0          0          0          0         68   exit.o
         6          0          0          0          0        136   heapauxi.o
         0          0          0          0          0          0   indicate_semi.o
         2          0          0          0          0          0   libinit.o
         2          0          0          0          0          0   libinit2.o
         2          0          0          0          0          0   libshutdown.o
         2          0          0          0          0          0   libshutdown2.o
         8          4          0          0         96         68   libspace.o
        64          0          0          0          0        108   rt_memclr.o
         2          0          0          0          0          0   rtexit.o
        10          0          0          0          0          0   rtexit2.o
        12          4          0          0          0         60   sys_exit.o
        62          0          0          0          0         80   sys_stackheap_outer.o
         2          0          0          0          0         68   use_no_semi.o
        46          0          0          0          0         60   cmpret.o
       124          4          0          0          0         72   d2f.o
       856         20          0          0          0        208   daddsub.o
        92          0          0          0          0        272   dcmp.o
       160          6          0          0          0         76   dcmpin.o
       108         10          0          0          0         72   dfixi.o
        88          0          0          0          0         92   dflti.o
       100          4          0          0          0         92   dgef.o
       100          4          0          0          0         92   dlef.o
       584         26          0          0          0         84   dmul.o
        20          6          0          0          0         68   dnan2.o
        84          4          0          0          0         60   f2d.o
       348          8          0          0          0        160   faddsub.o
        70          0          0          0          0        204   fcmp.o
       100          4          0          0          0         68   fcmpin.o
       352         10         64          0          0         92   fdiv.o
        76          0          0          0          0         68   ffixi.o
        94          0          0          0          0         92   fflti.o
        84          4          0          0          0         76   fgef.o
        84          4          0          0          0         76   flef.o
       176          4          0          0          0         80   fmul.o
        16          6          0          0          0         68   fnan2.o
        94          0          0          0          0         68   retnan.o
         0          0          0          0          0          0   usenofp.o

    ----------------------------------------------------------------------
      4716        140         64          0         96       3116   Library Totals
        10          0          0          0          0          0   (incl. Padding)

    ----------------------------------------------------------------------

      Code (inc. data)   RO Data    RW Data    ZI Data      Debug   Library Name

       850         16          0          0         96        816   c_p.l
      3856        124         64          0          0       2300   fz_ps.l

    ----------------------------------------------------------------------
      4716        140         64          0         96       3116   Library Totals

    ----------------------------------------------------------------------

==============================================================================


      Code (inc. data)   RO Data    RW Data    ZI Data      Debug   

     12308       1072        892          4       2028     123125   Grand Totals
     12308       1072        892          4       2028     123125   ELF Image Totals
     12308       1072        892          4          0          0   ROM Totals

==============================================================================

    Total RO  Size (Code + RO Data)                13200 (  12.89kB)
    Total RW  Size (RW Data + ZI Data)              2032 (   1.98kB)
    Total ROM Size (Code + RO Data + RW Data)      13204 (  12.89kB)

==============================================================================

