Component: ARM Compiler 5.06 update 6 (build 750) Tool: armlink [4d35ed]

==============================================================================

Section Cross References

    keil_startup_hk32f030m.o(STACK) refers (Special) to heapauxi.o(.text) for __use_two_region_memory
    keil_startup_hk32f030m.o(HEAP) refers (Special) to heapauxi.o(.text) for __use_two_region_memory
    keil_startup_hk32f030m.o(RESET) refers (Special) to heapauxi.o(.text) for __use_two_region_memory
    keil_startup_hk32f030m.o(RESET) refers to keil_startup_hk32f030m.o(STACK) for __initial_sp
    keil_startup_hk32f030m.o(RESET) refers to keil_startup_hk32f030m.o(.text) for Reset_Handler
    keil_startup_hk32f030m.o(RESET) refers to hk32f030m_it.o(i.NMI_Handler) for NMI_Handler
    keil_startup_hk32f030m.o(RESET) refers to hk32f030m_it.o(i.HardFault_Handler) for HardFault_Handler
    keil_startup_hk32f030m.o(RESET) refers to hk32f030m_it.o(i.SVC_Handler) for SVC_Handler
    keil_startup_hk32f030m.o(RESET) refers to hk32f030m_it.o(i.PendSV_Handler) for PendSV_Handler
    keil_startup_hk32f030m.o(RESET) refers to hk32f030m_it.o(i.SysTick_Handler) for SysTick_Handler
    keil_startup_hk32f030m.o(RESET) refers to hk32f030m_it.o(i.TIM6_IRQHandler) for TIM6_IRQHandler
    keil_startup_hk32f030m.o(RESET) refers to hk32f030m_it.o(i.USART1_IRQHandler) for USART1_IRQHandler
    keil_startup_hk32f030m.o(.text) refers (Special) to heapauxi.o(.text) for __use_two_region_memory
    keil_startup_hk32f030m.o(.text) refers to system_hk32f030m.o(i.SystemInit) for SystemInit
    keil_startup_hk32f030m.o(.text) refers to __main.o(!!!main) for __main
    keil_startup_hk32f030m.o(.text) refers to keil_startup_hk32f030m.o(HEAP) for Heap_Mem
    keil_startup_hk32f030m.o(.text) refers to keil_startup_hk32f030m.o(STACK) for Stack_Mem
    main.o(i.main) refers to led.o(i.LED_Init) for LED_Init
    main.o(i.main) refers to buzzer.o(i.Buzzer_Init) for Buzzer_Init
    main.o(i.main) refers to adc.o(i.ADC1_Init) for ADC1_Init
    main.o(i.main) refers to ws2812.o(i.WS2812_Init) for WS2812_Init
    main.o(i.main) refers to power.o(i.Power_Init) for Power_Init
    main.o(i.main) refers to key.o(i.KEY_Init) for KEY_Init
    main.o(i.main) refers to usart.o(i.USART1_Init) for USART1_Init
    main.o(i.main) refers to led_pwm.o(i.LED_PWM_Init) for LED_PWM_Init
    main.o(i.main) refers to time.o(i.Time6_Init) for Time6_Init
    main.o(i.main) refers to task.o(i.KEY1_Task) for KEY1_Task
    main.o(i.main) refers to task.o(i.WS2812_Task) for WS2812_Task
    main.o(i.main) refers to task.o(i.Power_Task) for Power_Task
    main.o(i.main) refers to task.o(i.Charge_Task) for Charge_Task
    main.o(i.main) refers to task.o(i.Flashlight_Task) for Flashlight_Task
    main.o(i.main) refers to task.o(i.Flashlight_Detection) for Flashlight_Detection
    main.o(i.main) refers to task.o(i.Buzzer_Task) for Buzzer_Task
    main.o(i.main) refers to task.o(i.Usart_Task) for Usart_Task
    main.o(i.main) refers to task.o(i.ADC_Task) for ADC_Task
    main.o(i.main) refers to task.o(i.Conditional_Judgment) for Conditional_Judgment
    main.o(i.main) refers to key.o(.data) for KEY1_State
    hk32f030m_it.o(i.TIM6_IRQHandler) refers to hk32f030m_tim.o(i.TIM_GetITStatus) for TIM_GetITStatus
    hk32f030m_it.o(i.TIM6_IRQHandler) refers to hk32f030m_tim.o(i.TIM_ClearITPendingBit) for TIM_ClearITPendingBit
    hk32f030m_it.o(i.TIM6_IRQHandler) refers to key.o(i.KEY1_Scan) for KEY1_Scan
    hk32f030m_it.o(i.TIM6_IRQHandler) refers to buzzer.o(i.Buzzer_Scan) for Buzzer_Scan
    hk32f030m_it.o(i.TIM6_IRQHandler) refers to led.o(.data) for LED_Counter
    hk32f030m_it.o(i.TIM6_IRQHandler) refers to ws2812.o(.data) for WS2812_Counter
    hk32f030m_it.o(i.TIM6_IRQHandler) refers to flag_bit.o(.data) for VESC_Boot_Time
    hk32f030m_it.o(i.TIM6_IRQHandler) refers to flag_bit.o(.data) for Buzzer_Time
    hk32f030m_it.o(i.TIM6_IRQHandler) refers to flag_bit.o(.data) for Charge_Time
    hk32f030m_it.o(i.TIM6_IRQHandler) refers to flag_bit.o(.data) for Flashlight_Time
    hk32f030m_it.o(i.TIM6_IRQHandler) refers to flag_bit.o(.data) for Power_Time
    hk32f030m_it.o(i.TIM6_IRQHandler) refers to flag_bit.o(.data) for Usart_Time
    hk32f030m_it.o(i.TIM6_IRQHandler) refers to flag_bit.o(.data) for ADC_Time
    hk32f030m_it.o(i.TIM6_IRQHandler) refers to flag_bit.o(.data) for Shutdown_Time_S
    hk32f030m_it.o(i.TIM6_IRQHandler) refers to flag_bit.o(.data) for Flashlight_Detection_Time
    hk32f030m_it.o(i.TIM6_IRQHandler) refers to flag_bit.o(.data) for Charger_Detection_1ms
    hk32f030m_it.o(i.USART1_IRQHandler) refers to hk32f030m_usart.o(i.USART_ClearFlag) for USART_ClearFlag
    hk32f030m_it.o(i.USART1_IRQHandler) refers to hk32f030m_usart.o(i.USART_ReceiveData) for USART_ReceiveData
    hk32f030m_it.o(i.USART1_IRQHandler) refers to hk32f030m_it.o(.data) for .data
    hk32f030m_it.o(i.USART1_IRQHandler) refers to vesc_uasrt.o(.bss) for VESC_RX_Buff
[...]
    ../fplib/cfplib/daddsub.c                0x00000000   Number         0  daddsub.o ABSOLUTE
    ../fplib/cfplib/dcmpin.c                 0x00000000   Number         0  dcmpin.o ABSOLUTE
    ../fplib/cfplib/dmul.c                   0x00000000   Number         0  dmul.o ABSOLUTE
    ../fplib/cfplib/f2d.c                    0x00000000   Number         0  f2d.o ABSOLUTE
    ../fplib/cfplib/fdiv.c                   0x00000000   Number         0  fdiv.o ABSOLUTE
    ../fplib/cfplib/ffix.c                   0x00000000   Number         0  ffixui.o ABSOLUTE
    ../fplib/cfplib/ffix.c                   0x00000000   Number         0  dfixui.o ABSOLUTE
    ../fplib/cfplib/fflt.c                   0x00000000   Number         0  fflti.o ABSOLUTE
    ../fplib/cfplib/fflt.c                   0x00000000   Number         0  dflti.o ABSOLUTE
    ../fplib/cfplib/fpinit.c                 0x00000000   Number         0  fpinit.o ABSOLUTE
    ../fplib/cfplib/nan2.c                   0x00000000   Number         0  dnan2.o ABSOLUTE
    ../fplib/cfplib/retnan.c                 0x00000000   Number         0  retnan.o ABSOLUTE
    ../fplib/dleqf6m.s                       0x00000000   Number         0  dlef.o ABSOLUTE
    ../fplib/drleqf6m.s                      0x00000000   Number         0  drlef.o ABSOLUTE
    ../fplib/faddsub6m.s                     0x00000000   Number         0  faddsub.o ABSOLUTE
    ../fplib/fmul6m.s                        0x00000000   Number         0  fmul.o ABSOLUTE
    ../fplib/usenofp.s                       0x00000000   Number         0  usenofp.o ABSOLUTE
    ..\..\Code\App\crc.c                     0x00000000   Number         0  crc.o ABSOLUTE
    ..\..\Code\App\flag_bit.c                0x00000000   Number         0  flag_bit.o ABSOLUTE
    ..\..\Code\App\task.c                    0x00000000   Number         0  task.o ABSOLUTE
    ..\..\Code\App\test.c                    0x00000000   Number         0  test.o ABSOLUTE
    ..\..\Code\App\vesc_uasrt.c              0x00000000   Number         0  vesc_uasrt.o ABSOLUTE
    ..\..\Code\App\ws2812.c                  0x00000000   Number         0  ws2812.o ABSOLUTE
    ..\..\Code\Drive\adc.c                   0x00000000   Number         0  adc.o ABSOLUTE
    ..\..\Code\Drive\buzzer.c                0x00000000   Number         0  buzzer.o ABSOLUTE
    ..\..\Code\Drive\io_ws2812.c             0x00000000   Number         0  io_ws2812.o ABSOLUTE
    ..\..\Code\Drive\key.c                   0x00000000   Number         0  key.o ABSOLUTE
    ..\..\Code\Drive\led.c                   0x00000000   Number         0  led.o ABSOLUTE
    ..\..\Code\Drive\led_pwm.c               0x00000000   Number         0  led_pwm.o ABSOLUTE
    ..\..\Code\Drive\power.c                 0x00000000   Number         0  power.o ABSOLUTE
    ..\..\Code\Drive\spi.c                   0x00000000   Number         0  spi.o ABSOLUTE
    ..\..\Code\Drive\time.c                  0x00000000   Number         0  time.o ABSOLUTE
    ..\..\Code\Drive\usart.c                 0x00000000   Number         0  usart.o ABSOLUTE
    ..\..\Code\User\hk32f030m_it.c           0x00000000   Number         0  hk32f030m_it.o ABSOLUTE
    ..\..\Code\User\main.c                   0x00000000   Number         0  main.o ABSOLUTE
    ..\..\Library\HK32F030Mxx_Library_V1.1.6\HK32F030M\CMSIS\HK32F030M\Source\ARM\KEIL_Startup_hk32f030m.s 0x00000000   Number         0  keil_startup_hk32f030m.o ABSOLUTE
    ..\..\Library\HK32F030Mxx_Library_V1.1.6\HK32F030M\CMSIS\HK32F030M\Source\system_hk32f030m.c 0x00000000   Number         0  system_hk32f030m.o ABSOLUTE
    ..\..\Library\HK32F030Mxx_Library_V1.1.6\HK32F030M\HK32F030M_Lib\src\hk32f030m_adc.c 0x00000000   Number         0  hk32f030m_adc.o ABSOLUTE
    ..\..\Library\HK32F030Mxx_Library_V1.1.6\HK32F030M\HK32F030M_Lib\src\hk32f030m_gpio.c 0x00000000   Number         0  hk32f030m_gpio.o ABSOLUTE
    ..\..\Library\HK32F030Mxx_Library_V1.1.6\HK32F030M\HK32F030M_Lib\src\hk32f030m_iwdg.c 0x00000000   Number         0  hk32f030m_iwdg.o ABSOLUTE
    ..\..\Library\HK32F030Mxx_Library_V1.1.6\HK32F030M\HK32F030M_Lib\src\hk32f030m_misc.c 0x00000000   Number         0  hk32f030m_misc.o ABSOLUTE
    ..\..\Library\HK32F030Mxx_Library_V1.1.6\HK32F030M\HK32F030M_Lib\src\hk32f030m_rcc.c 0x00000000   Number         0  hk32f030m_rcc.o ABSOLUTE
    ..\..\Library\HK32F030Mxx_Library_V1.1.6\HK32F030M\HK32F030M_Lib\src\hk32f030m_spi.c 0x00000000   Number         0  hk32f030m_spi.o ABSOLUTE
    ..\..\Library\HK32F030Mxx_Library_V1.1.6\HK32F030M\HK32F030M_Lib\src\hk32f030m_syscfg.c 0x00000000   Number         0  hk32f030m_syscfg.o ABSOLUTE
    ..\..\Library\HK32F030Mxx_Library_V1.1.6\HK32F030M\HK32F030M_Lib\src\hk32f030m_tim.c 0x00000000   Number         0  hk32f030m_tim.o ABSOLUTE
    ..\..\Library\HK32F030Mxx_Library_V1.1.6\HK32F030M\HK32F030M_Lib\src\hk32f030m_usart.c 0x00000000   Number         0  hk32f030m_usart.o ABSOLUTE
    ..\\..\\Code\\App\\flag_bit.c            0x00000000   Number         0  flag_bit.o ABSOLUTE
    ..\\..\\Code\\App\\task.c                0x00000000   Number         0  task.o ABSOLUTE
    ..\\..\\Code\\App\\test.c                0x00000000   Number         0  test.o ABSOLUTE
    ..\\..\\Code\\App\\vesc_uasrt.c          0x00000000   Number         0  vesc_uasrt.o ABSOLUTE
    ..\\..\\Code\\App\\ws2812.c              0x00000000   Number         0  ws2812.o ABSOLUTE
    ..\\..\\Code\\Drive\\adc.c               0x00000000   Number         0  adc.o ABSOLUTE
    ..\\..\\Code\\Drive\\buzzer.c            0x00000000   Number         0  buzzer.o ABSOLUTE
    ..\\..\\Code\\Drive\\io_ws2812.c         0x00000000   Number         0  io_ws2812.o ABSOLUTE
    ..\\..\\Code\\Drive\\key.c               0x00000000   Number         0  key.o ABSOLUTE
    ..\\..\\Code\\Drive\\led.c               0x00000000   Number         0  led.o ABSOLUTE
    ..\\..\\Code\\Drive\\led_pwm.c           0x00000000   Number         0  led_pwm.o ABSOLUTE
    ..\\..\\Code\\Drive\\power.c             0x00000000   Number         0  power.o ABSOLUTE
    ..\\..\\Code\\Drive\\spi.c               0x00000000   Number         0  spi.o ABSOLUTE
    ..\\..\\Code\\Drive\\time.c              0x00000000   Number         0  time.o ABSOLUTE
    ..\\..\\Code\\Drive\\usart.c             0x00000000   Number         0  usart.o ABSOLUTE
    ..\\..\\Code\\User\\hk32f030m_it.c       0x00000000   Number         0  hk32f030m_it.o ABSOLUTE
    ..\\..\\Code\\User\\main.c               0x00000000   Number         0  main.o ABSOLUTE
    ..\\..\\Library\\HK32F030Mxx_Library_V1.1.6\\HK32F030M\\CMSIS\\HK32F030M\\Source\\system_hk32f030m.c 0x00000000   Number         0  system_hk32f030m.o ABSOLUTE
    ..\\..\\Library\\HK32F030Mxx_Library_V1.1.6\\HK32F030M\\HK32F030M_Lib\\src\\hk32f030m_adc.c 0x00000000   Number         0  hk32f030m_adc.o ABSOLUTE
    ..\\..\\Library\\HK32F030Mxx_Library_V1.1.6\\HK32F030M\\HK32F030M_Lib\\src\\hk32f030m_gpio.c 0x00000000   Number         0  hk32f030m_gpio.o ABSOLUTE
    ..\\..\\Library\\HK32F030Mxx_Library_V1.1.6\\HK32F030M\\HK32F030M_Lib\\src\\hk32f030m_iwdg.c 0x00000000   Number         0  hk32f030m_iwdg.o ABSOLUTE
    ..\\..\\Library\\HK32F030Mxx_Library_V1.1.6\\HK32F030M\\HK32F030M_Lib\\src\\hk32f030m_misc.c 0x00000000   Number         0  hk32f030m_misc.o ABSOLUTE
    ..\\..\\Library\\HK32F030Mxx_Library_V1.1.6\\HK32F030M\\HK32F030M_Lib\\src\\hk32f030m_rcc.c 0x00000000   Number         0  hk32f030m_rcc.o ABSOLUTE
    ..\\..\\Library\\HK32F030Mxx_Library_V1.1.6\\HK32F030M\\HK32F030M_Lib\\src\\hk32f030m_spi.c 0x00000000   Number         0  hk32f030m_spi.o ABSOLUTE
    ..\\..\\Library\\HK32F030Mxx_Library_V1.1.6\\HK32F030M\\HK32F030M_Lib\\src\\hk32f030m_syscfg.c 0x00000000   Number         0  hk32f030m_syscfg.o ABSOLUTE
    ..\\..\\Library\\HK32F030Mxx_Library_V1.1.6\\HK32F030M\\HK32F030M_Lib\\src\\hk32f030m_tim.c 0x00000000   Number         0  hk32f030m_tim.o ABSOLUTE
    ..\\..\\Library\\HK32F030Mxx_Library_V1.1.6\\HK32F030M\\HK32F030M_Lib\\src\\hk32f030m_usart.c 0x00000000   Number         0  hk32f030m_usart.o ABSOLUTE
    dc.s                                     0x00000000   Number         0  dc.o ABSOLUTE
    RESET                                    0x08000000   Section      192  keil_startup_hk32f030m.o(RESET)
    !!!main                                  0x080000c0   Section        8  __main.o(!!!main)
    !!!scatter                               0x080000c8   Section       60  __scatter.o(!!!scatter)
    !!handler_copy                           0x08000104   Section       26  __scatter_copy.o(!!handler_copy)
    !!handler_zi                             0x08000120   Section       28  __scatter_zi.o(!!handler_zi)
    .ARM.Collect$$libinit$$00000000          0x0800013c   Section        2  libinit.o(.ARM.Collect$$libinit$$00000000)
    .ARM.Collect$$libinit$$00000002          0x0800013e   Section        0  libinit2.o(.ARM.Collect$$libinit$$00000002)
    .ARM.Collect$$libinit$$00000004          0x0800013e   Section        0  libinit2.o(.ARM.Collect$$libinit$$00000004)
    .ARM.Collect$$libinit$$0000000A          0x0800013e   Section        0  libinit2.o(.ARM.Collect$$libinit$$0000000A)
    .ARM.Collect$$libinit$$0000000C          0x0800013e   Section        0  libinit2.o(.ARM.Collect$$libinit$$0000000C)
    .ARM.Collect$$libinit$$0000000E          0x0800013e   Section        0  libinit2.o(.ARM.Collect$$libinit$$0000000E)
    .ARM.Collect$$libinit$$00000011          0x0800013e   Section        0  libinit2.o(.ARM.Collect$$libinit$$00000011)
    .ARM.Collect$$libinit$$00000013          0x0800013e   Section        0  libinit2.o(.ARM.Collect$$libinit$$00000013)
    .ARM.Collect$$libinit$$00000015          0x0800013e   Section        0  libinit2.o(.ARM.Collect$$libinit$$00000015)
    .ARM.Collect$$libinit$$00000017          0x0800013e   Section        0  libinit2.o(.ARM.Collect$$libinit$$00000017)
    .ARM.Collect$$libinit$$00000019          0x0800013e   Section        0  libinit2.o(.ARM.Collect$$libinit$$00000019)
    .ARM.Collect$$libinit$$0000001B          0x0800013e   Section        0  libinit2.o(.ARM.Collect$$libinit$$0000001B)
    .ARM.Collect$$libinit$$0000001D          0x0800013e   Section        0  libinit2.o(.ARM.Collect$$libinit$$0000001D)
    .ARM.Collect$$libinit$$0000001F          0x0800013e   Section        0  libinit2.o(.ARM.Collect$$libinit$$0000001F)
    .ARM.Collect$$libinit$$00000021          0x0800013e   Section        0  libinit2.o(.ARM.Collect$$libinit$$00000021)
    .ARM.Collect$$libinit$$00000023          0x0800013e   Section        0  libinit2.o(.ARM.Collect$$libinit$$00000023)
    .ARM.Collect$$libinit$$00000025          0x0800013e   Section        0  libinit2.o(.ARM.Collect$$libinit$$00000025)
    .ARM.Collect$$libinit$$0000002C          0x0800013e   Section        0  libinit2.o(.ARM.Collect$$libinit$$0000002C)
    .ARM.Collect$$libinit$$0000002E          0x0800013e   Section        0  libinit2.o(.ARM.Collect$$libinit$$0000002E)
    .ARM.Collect$$libinit$$00000030          0x0800013e   Section        0  libinit2.o(.ARM.Collect$$libinit$$00000030)
    .ARM.Collect$$libinit$$00000032          0x0800013e   Section        0  libinit2.o(.ARM.Collect$$libinit$$00000032)
    .ARM.Collect$$libinit$$00000033          0x0800013e   Section        2  libinit2.o(.ARM.Collect$$libinit$$00000033)
    .ARM.Collect$$libshutdown$$00000000      0x08000140   Section        2  libshutdown.o(.ARM.Collect$$libshutdown$$00000000)
    .ARM.Collect$$libshutdown$$00000002      0x08000142   Section        0  libshutdown2.o(.ARM.Collect$$libshutdown$$00000002)
    .ARM.Collect$$libshutdown$$00000004      0x08000142   Section        0  libshutdown2.o(.ARM.Collect$$libshutdown$$00000004)
    .ARM.Collect$$libshutdown$$00000007      0x08000142   Section        0  libshutdown2.o(.ARM.Collect$$libshutdown$$00000007)
    .ARM.Collect$$libshutdown$$0000000A      0x08000142   Section        0  libshutdown2.o(.ARM.Collect$$libshutdown$$0000000A)
    .ARM.Collect$$libshutdown$$0000000C      0x08000142   Section        0  libshutdown2.o(.ARM.Collect$$libshutdown$$0000000C)
    .ARM.Collect$$libshutdown$$0000000F      0x08000142   Section        0  libshutdown2.o(.ARM.Collect$$libshutdown$$0000000F)
    .ARM.Collect$$libshutdown$$00000010      0x08000142   Section        2  libshutdown2.o(.ARM.Collect$$libshutdown$$00000010)
    .ARM.Collect$$rtentry$$00000000          0x08000144   Section        0  __rtentry.o(.ARM.Collect$$rtentry$$00000000)
    .ARM.Collect$$rtentry$$00000002          0x08000144   Section        0  __rtentry2.o(.ARM.Collect$$rtentry$$00000002)
    .ARM.Collect$$rtentry$$00000004          0x08000144   Section        6  __rtentry4.o(.ARM.Collect$$rtentry$$00000004)
    .ARM.Collect$$rtentry$$00000009          0x0800014a   Section        0  __rtentry2.o(.ARM.Collect$$rtentry$$00000009)
    .ARM.Collect$$rtentry$$0000000A          0x0800014a   Section        4  __rtentry2.o(.ARM.Collect$$rtentry$$0000000A)
    .ARM.Collect$$rtentry$$0000000C          0x0800014e   Section        0  __rtentry2.o(.ARM.Collect$$rtentry$$0000000C)
    .ARM.Collect$$rtentry$$0000000D          0x0800014e   Section        8  __rtentry2.o(.ARM.Collect$$rtentry$$0000000D)
    .ARM.Collect$$rtexit$$00000000           0x08000156   Section        2  rtexit.o(.ARM.Collect$$rtexit$$00000000)
    .ARM.Collect$$rtexit$$00000002           0x08000158   Section        0  rtexit2.o(.ARM.Collect$$rtexit$$00000002)
    .ARM.Collect$$rtexit$$00000003           0x08000158   Section        4  rtexit2.o(.ARM.Collect$$rtexit$$00000003)
    .ARM.Collect$$rtexit$$00000004           0x0800015c   Section        6  rtexit2.o(.ARM.Collect$$rtexit$$00000004)
    .emb_text                                0x08000164   Section       56  rt_memcpy.o(.emb_text)
    .text                                    0x0800019c   Section       56  keil_startup_hk32f030m.o(.text)
    .text                                    0x080001d4   Section        0  rt_memcpy.o(.text)
    .text                                    0x08000256   Section      346  aeabi_sdiv.o(.text)
    .text                                    0x080003b0   Section        0  heapauxi.o(.text)
    .text                                    0x080003b8   Section        0  d2f.o(.text)
    .text                                    0x08000434   Section        0  daddsub.o(.text)
    _dadd1                                   0x08000435   Thumb Code   290  daddsub.o(.text)
    _dsub1                                   0x08000557   Thumb Code   470  daddsub.o(.text)
    .text                                    0x0800078c   Section        0  dfixui.o(.text)
    .text                                    0x080007d4   Section        0  dflti.o(.text)
    .text                                    0x0800082c   Section        0  dmul.o(.text)
    .text                                    0x08000a74   Section        0  f2d.o(.text)
    .text                                    0x08000ac8   Section        0  fdiv.o(.text)
    .text                                    0x08000c28   Section        0  ffixui.o(.text)
    .text                                    0x08000c58   Section        0  fflti.o(.text)
    .text                                    0x08000cb8   Section        0  dcmpin.o(.text)
    .text                                    0x08000d48   Section        0  cmpret.o(.text)
    .text                                    0x08000d78   Section        0  dnan2.o(.text)
    .text                                    0x08000d8c   Section       62  sys_stackheap_outer.o(.text)
    .text                                    0x08000dca   Section        0  exit.o(.text)
    .text                                    0x08000dda   Section        0  retnan.o(.text)
    .text                                    0x08000e38   Section        8  libspace.o(.text)
    .text                                    0x08000e40   Section        0  sys_exit.o(.text)
    .text                                    0x08000e4c   Section        2  use_no_semi.o(.text)
    .text                                    0x08000e4e   Section        0  indicate_semi.o(.text)
    i.ADC1_Init                              0x08000e50   Section        0  adc.o(i.ADC1_Init)
    i.ADC_ChannelConfig                      0x08000ef0   Section        0  hk32f030m_adc.o(i.ADC_ChannelConfig)
    i.ADC_ClearFlag                          0x08000ef6   Section        0  hk32f030m_adc.o(i.ADC_ClearFlag)
    i.ADC_Cmd                                0x08000efa   Section        0  hk32f030m_adc.o(i.ADC_Cmd)
    i.ADC_DeInit                             0x08000f14   Section        0  hk32f030m_adc.o(i.ADC_DeInit)
    i.ADC_GetConversionValue                 0x08000f34   Section        0  hk32f030m_adc.o(i.ADC_GetConversionValue)
    i.ADC_GetFlagStatus                      0x08000f3a   Section        0  hk32f030m_adc.o(i.ADC_GetFlagStatus)
    i.ADC_Init                               0x08000f58   Section        0  hk32f030m_adc.o(i.ADC_Init)
    i.ADC_StartOfConversion                  0x08000f80   Section        0  hk32f030m_adc.o(i.ADC_StartOfConversion)
    i.ADC_StopOfConversion                   0x08000f8a   Section        0  hk32f030m_adc.o(i.ADC_StopOfConversion)
    i.ADC_StructInit                         0x08000f94   Section        0  hk32f030m_adc.o(i.ADC_StructInit)
    i.ADC_Task                               0x08000fa4   Section        0  task.o(i.ADC_Task)
    i.Buzzer_Init                            0x08001098   Section        0  buzzer.o(i.Buzzer_Init)
    i.Buzzer_Ring                            0x080010c4   Section        0  buzzer.o(i.Buzzer_Ring)
    i.Buzzer_Scan                            0x080010d0   Section        0  buzzer.o(i.Buzzer_Scan)
    i.Buzzer_Task                            0x08001104   Section        0  task.o(i.Buzzer_Task)
    i.Charge_Task                            0x080011f0   Section        0  task.o(i.Charge_Task)
    i.Conditional_Judgment                   0x08001288   Section        0  task.o(i.Conditional_Judgment)
    i.Flashlight_Bright                      0x080016dc   Section        0  task.o(i.Flashlight_Bright)
    i.Flashlight_Detection                   0x0800186c   Section        0  task.o(i.Flashlight_Detection)
    i.Flashlight_Task                        0x08001938   Section        0  task.o(i.Flashlight_Task)
    i.GPIO_Init                              0x080019d0   Section        0  hk32f030m_gpio.o(i.GPIO_Init)
    i.GPIO_PinAFConfig                       0x08001a5a   Section        0  hk32f030m_gpio.o(i.GPIO_PinAFConfig)
    i.Get_Vesc_Pack_Data                     0x08001a7a   Section        0  vesc_uasrt.o(i.Get_Vesc_Pack_Data)
    i.HardFault_Handler                      0x08001a88   Section        0  hk32f030m_it.o(i.HardFault_Handler)
    i.IO_WS2812_Init                         0x08001a8c   Section        0  io_ws2812.o(i.IO_WS2812_Init)
    i.KEY1_Scan                              0x08001abc   Section        0  key.o(i.KEY1_Scan)
    i.KEY1_Task                              0x08001b8c   Section        0  task.o(i.KEY1_Task)
    i.KEY_Init                               0x08001c10   Section        0  key.o(i.KEY_Init)
    i.LED_Init                               0x08001c34   Section        0  led.o(i.LED_Init)
    i.LED_PWM_Init                           0x08001ca8   Section        0  led_pwm.o(i.LED_PWM_Init)
    i.NMI_Handler                            0x08001d40   Section        0  hk32f030m_it.o(i.NMI_Handler)
    i.NVIC_Init                              0x08001d44   Section        0  hk32f030m_misc.o(i.NVIC_Init)
    i.PendSV_Handler                         0x08001d94   Section        0  hk32f030m_it.o(i.PendSV_Handler)
    i.Power_Display                          0x08001d98   Section        0  task.o(i.Power_Display)
    i.Power_Init                             0x08001fcc   Section        0  power.o(i.Power_Init)
    i.Power_Task                             0x08002018   Section        0  task.o(i.Power_Task)
    i.Protocol_Parse                         0x08002090   Section        0  vesc_uasrt.o(i.Protocol_Parse)
    i.RCC_AHBPeriphClockCmd                  0x0800217c   Section        0  hk32f030m_rcc.o(i.RCC_AHBPeriphClockCmd)
    i.RCC_APB1PeriphClockCmd                 0x08002198   Section        0  hk32f030m_rcc.o(i.RCC_APB1PeriphClockCmd)
    i.RCC_APB2PeriphClockCmd                 0x080021b4   Section        0  hk32f030m_rcc.o(i.RCC_APB2PeriphClockCmd)
    i.RCC_APB2PeriphResetCmd                 0x080021d0   Section        0  hk32f030m_rcc.o(i.RCC_APB2PeriphResetCmd)
    i.RCC_GetClocksFreq                      0x080021ec   Section        0  hk32f030m_rcc.o(i.RCC_GetClocksFreq)
    i.Read_ADC_Value                         0x080022cc   Section        0  adc.o(i.Read_ADC_Value)
    i.SVC_Handler                            0x0800233c   Section        0  hk32f030m_it.o(i.SVC_Handler)
    i.Send_Pack_Data                         0x08002340   Section        0  vesc_uasrt.o(i.Send_Pack_Data)
    i.SetSysClock                            0x080023a4   Section        0  system_hk32f030m.o(i.SetSysClock)
    SetSysClock                              0x080023a5   Thumb Code    42  system_hk32f030m.o(i.SetSysClock)
    i.SetSysClockToHSI_32M                   0x080023d8   Section        0  system_hk32f030m.o(i.SetSysClockToHSI_32M)
    SetSysClockToHSI_32M                     0x080023d9   Thumb Code   174  system_hk32f030m.o(i.SetSysClockToHSI_32M)
    i.SysTick_Handler                        0x08002494   Section        0  hk32f030m_it.o(i.SysTick_Handler)
    i.SystemInit                             0x08002498   Section        0  system_hk32f030m.o(i.SystemInit)
    i.TIM6_IRQHandler                        0x080024d0   Section        0  hk32f030m_it.o(i.TIM6_IRQHandler)
    i.TIM_ClearITPendingBit                  0x08002588   Section        0  hk32f030m_tim.o(i.TIM_ClearITPendingBit)
    i.TIM_Cmd                                0x08002590   Section        0  hk32f030m_tim.o(i.TIM_Cmd)
    i.TIM_CtrlPWMOutputs                     0x080025ac   Section        0  hk32f030m_tim.o(i.TIM_CtrlPWMOutputs)
    i.TIM_GetITStatus                        0x080025c6   Section        0  hk32f030m_tim.o(i.TIM_GetITStatus)
    i.TIM_ITConfig                           0x080025de   Section        0  hk32f030m_tim.o(i.TIM_ITConfig)
    i.TIM_OC2Init                            0x080025f8   Section        0  hk32f030m_tim.o(i.TIM_OC2Init)
    i.TIM_SetCompare2                        0x0800268c   Section        0  hk32f030m_tim.o(i.TIM_SetCompare2)
    i.TIM_TimeBaseInit                       0x08002690   Section        0  hk32f030m_tim.o(i.TIM_TimeBaseInit)
    i.Time6_Init                             0x080026e0   Section        0  time.o(i.Time6_Init)
    i.USART1_IRQHandler                      0x08002734   Section        0  hk32f030m_it.o(i.USART1_IRQHandler)
    i.USART1_Init                            0x08002798   Section        0  usart.o(i.USART1_Init)
    i.USART1_Send_Byte                       0x08002848   Section        0  usart.o(i.USART1_Send_Byte)
    i.USART1_Send_Bytes                      0x08002858   Section        0  usart.o(i.USART1_Send_Bytes)
    i.USART_ClearFlag                        0x08002872   Section        0  hk32f030m_usart.o(i.USART_ClearFlag)
    i.USART_Cmd                              0x08002876   Section        0  hk32f030m_usart.o(i.USART_Cmd)
    i.USART_ITConfig                         0x0800288e   Section        0  hk32f030m_usart.o(i.USART_ITConfig)
    i.USART_Init                             0x080028bc   Section        0  hk32f030m_usart.o(i.USART_Init)
    i.USART_ReceiveData                      0x08002954   Section        0  hk32f030m_usart.o(i.USART_ReceiveData)
    i.Usart_Task                             0x0800295c   Section        0  task.o(i.Usart_Task)
    i.WS2812                                 0x080029fc   Section        0  task.o(i.WS2812)
    i.WS2812_0_Code                          0x08002ac4   Section        0  io_ws2812.o(i.WS2812_0_Code)
    i.WS2812_1_Code                          0x08002ad8   Section        0  io_ws2812.o(i.WS2812_1_Code)
    i.WS2812_Boot                            0x08002af4   Section        0  task.o(i.WS2812_Boot)
    i.WS2812_Cal_Bri                         0x08002d5c   Section        0  task.o(i.WS2812_Cal_Bri)
    i.WS2812_Charge                          0x08002d8c   Section        0  task.o(i.WS2812_Charge)
    i.WS2812_Init                            0x08002fd8   Section        0  ws2812.o(i.WS2812_Init)
    i.WS2812_Refresh                         0x08002ff8   Section        0  ws2812.o(i.WS2812_Refresh)
    i.WS2812_Set_Colour                      0x0800303c   Section        0  ws2812.o(i.WS2812_Set_Colour)
    i.WS2812_Task                            0x08003094   Section        0  task.o(i.WS2812_Task)
    i.__ARM_common_switch8                   0x08003164   Section        0  test.o(i.__ARM_common_switch8)
    i.buffer_get_float16                     0x0800317e   Section        0  vesc_uasrt.o(i.buffer_get_float16)
    i.buffer_get_float32                     0x08003194   Section        0  vesc_uasrt.o(i.buffer_get_float32)
    i.buffer_get_int16                       0x080031aa   Section        0  vesc_uasrt.o(i.buffer_get_int16)
    i.buffer_get_int32                       0x080031be   Section        0  vesc_uasrt.o(i.buffer_get_int32)
    i.crc16                                  0x080031e4   Section        0  crc.o(i.crc16)
    i.delay                                  0x08003210   Section        0  ws2812.o(i.delay)
    i.main                                   0x0800321c   Section        0  main.o(i.main)
    x$fpl$dleqf                              0x08003288   Section      100  dlef.o(x$fpl$dleqf)
    x$fpl$drleqf                             0x080032ec   Section      104  drlef.o(x$fpl$drleqf)
    x$fpl$fadd                               0x08003354   Section      140  faddsub.o(x$fpl$fadd)
    _fadd1                                   0x08003361   Thumb Code     0  faddsub.o(x$fpl$fadd)
    x$fpl$fmul                               0x080033e0   Section      176  fmul.o(x$fpl$fmul)
    x$fpl$fsub                               0x08003490   Section      208  faddsub.o(x$fpl$fsub)
    _fsub1                                   0x0800349d   Thumb Code     0  faddsub.o(x$fpl$fsub)
    .constdata                               0x08003560   Section      512  crc.o(.constdata)
    x$fpl$usenofp                            0x08003560   Section        0  usenofp.o(x$fpl$usenofp)
    .constdata                               0x08003760   Section       40  hk32f030m_rcc.o(.constdata)
    .constdata                               0x08003788   Section       64  fdiv.o(.constdata)
    fdiv_tab                                 0x08003788   Data          64  fdiv.o(.constdata)
    .data                                    0x20000000   Section        1  hk32f030m_it.o(.data)
    count                                    0x20000000   Data           1  hk32f030m_it.o(.data)
    .data                                    0x20000002   Section        2  ws2812.o(.data)
    .data                                    0x20000004   Section        1  vesc_uasrt.o(.data)
    .data                                    0x20000008   Section       28  task.o(.data)
    cnt                                      0x2000000b   Data           1  task.o(.data)
    power_flag_last                          0x2000000c   Data           1  task.o(.data)
    power_step                               0x2000000d   Data           1  task.o(.data)
    charge_step                              0x2000000e   Data           1  task.o(.data)
    flashlight_bright_step                   0x2000000f   Data           1  task.o(.data)
    flashlight_flag_last                     0x20000010   Data           1  task.o(.data)
    gear_position_last                       0x20000011   Data           1  task.o(.data)
    buzzer_step                              0x20000012   Data           1  task.o(.data)
    gear_position_last                       0x20000013   Data           1  task.o(.data)
    ring_frequency                           0x20000014   Data           1  task.o(.data)
    usart_step                               0x20000015   Data           1  task.o(.data)
    adc_step                                 0x20000016   Data           1  task.o(.data)
    sound_frequency                          0x20000018   Data           2  task.o(.data)
    adc_charge_sum_ave                       0x2000001a   Data           2  task.o(.data)
    adc1_val_sum_ave                         0x2000001c   Data           2  task.o(.data)
    adc2_val_sum_ave                         0x2000001e   Data           2  task.o(.data)
    battery_voltage_last                     0x20000020   Data           4  task.o(.data)
    .data                                    0x20000024   Section        1  flag_bit.o(.data)
    .data                                    0x20000025   Section        1  flag_bit.o(.data)
    .data                                    0x20000026   Section        1  flag_bit.o(.data)
    .data                                    0x20000027   Section        1  flag_bit.o(.data)
    .data                                    0x20000028   Section        1  flag_bit.o(.data)
    .data                                    0x20000029   Section        1  flag_bit.o(.data)
    .data                                    0x2000002a   Section        1  flag_bit.o(.data)
    .data                                    0x2000002b   Section        1  flag_bit.o(.data)
    .data                                    0x2000002c   Section        1  flag_bit.o(.data)
    .data                                    0x2000002e   Section        2  flag_bit.o(.data)
    .data                                    0x20000030   Section        2  flag_bit.o(.data)
    .data                                    0x20000032   Section        2  flag_bit.o(.data)
    .data                                    0x20000034   Section        2  flag_bit.o(.data)
    .data                                    0x20000036   Section        2  flag_bit.o(.data)
    .data                                    0x20000038   Section        2  flag_bit.o(.data)
    .data                                    0x2000003a   Section        2  flag_bit.o(.data)
    .data                                    0x2000003c   Section        2  flag_bit.o(.data)
    .data                                    0x2000003e   Section        1  flag_bit.o(.data)
    .data                                    0x20000040   Section        4  flag_bit.o(.data)
    .data                                    0x20000044   Section        4  flag_bit.o(.data)
    .data                                    0x20000048   Section        4  flag_bit.o(.data)
    .data                                    0x2000004c   Section        1  flag_bit.o(.data)
    .data                                    0x2000004d   Section        1  flag_bit.o(.data)
    .data                                    0x2000004e   Section        1  flag_bit.o(.data)
    .data                                    0x20000050   Section        2  flag_bit.o(.data)
    .data                                    0x20000054   Section        4  flag_bit.o(.data)
    .data                                    0x20000058   Section        1  flag_bit.o(.data)
    .data                                    0x20000059   Section        1  flag_bit.o(.data)
    .data                                    0x2000005a   Section        2  flag_bit.o(.data)
    .data                                    0x2000005c   Section        2  led.o(.data)
    .data                                    0x2000005e   Section        8  key.o(.data)
    key1_st                                  0x2000005f   Data           1  key.o(.data)
    key1_cnt                                 0x20000060   Data           2  key.o(.data)
    key1_cnt_2                               0x20000062   Data           2  key.o(.data)
    key1_num                                 0x20000064   Data           2  key.o(.data)
    .data                                    0x20000066   Section        4  buzzer.o(.data)
    buzzer_lock                              0x20000066   Data           1  buzzer.o(.data)
    .bss                                     0x2000006c   Section      240  ws2812.o(.bss)
    .bss                                     0x2000015c   Section      256  vesc_uasrt.o(.bss)
    .bss                                     0x2000025c   Section      300  vesc_uasrt.o(.bss)
    .bss                                     0x20000388   Section       96  libspace.o(.bss)
    HEAP                                     0x200003e8   Section      512  keil_startup_hk32f030m.o(HEAP)
    Heap_Mem                                 0x200003e8   Data         512  keil_startup_hk32f030m.o(HEAP)
    STACK                                    0x200005e8   Section      512  keil_startup_hk32f030m.o(STACK)
    Stack_Mem                                0x200005e8   Data         512  keil_startup_hk32f030m.o(STACK)
    __initial_sp                             0x200007e8   Data           0  keil_startup_hk32f030m.o(STACK)

    Global Symbols

    Symbol Name                              Value     Ov Type        Size  Object(Section)

    BuildAttributes$$THM_ISAv3M$S$PE$A:L22$X:L11$S22$IEEE1$IW$USESV6$~STKCKD$USESV7$~SHL$OSPACE$ROPI$EBA8$UX$STANDARDLIB$REQ8$PRES8$EABIv2 0x00000000   Number         0  anon$$obj.o ABSOLUTE
    __ARM_use_no_argv                        0x00000000   Number         0  main.o ABSOLUTE
    __ARM_exceptions_init                     - Undefined Weak Reference
    __alloca_initialize                       - Undefined Weak Reference
    __arm_preinit_                            - Undefined Weak Reference
    __cpp_initialize__aeabi_                  - Undefined Weak Reference
    __cxa_finalize                            - Undefined Weak Reference
    __rt_locale                               - Undefined Weak Reference
    __sigvec_lookup                           - Undefined Weak Reference
    _atexit_init                              - Undefined Weak Reference
    _call_atexit_fns                          - Undefined Weak Reference
    _clock_init                               - Undefined Weak Reference
    _fp_trap_init                             - Undefined Weak Reference
    _fp_trap_shutdown                         - Undefined Weak Reference
    _get_lc_collate                           - Undefined Weak Reference
    _get_lc_ctype                             - Undefined Weak Reference
    _get_lc_monetary                          - Undefined Weak Reference
    _get_lc_numeric                           - Undefined Weak Reference
    _get_lc_time                              - Undefined Weak Reference
    _getenv_init                              - Undefined Weak Reference
    _handle_redirection                       - Undefined Weak Reference
    _init_alloc                               - Undefined Weak Reference
    _init_user_alloc                          - Undefined Weak Reference
    _initio                                   - Undefined Weak Reference
    _rand_init                                - Undefined Weak Reference
    _signal_finish                            - Undefined Weak Reference
    _signal_init                              - Undefined Weak Reference
    _terminate_alloc                          - Undefined Weak Reference
    _terminate_user_alloc                     - Undefined Weak Reference
    _terminateio                              - Undefined Weak Reference
    __Vectors_Size                           0x000000c0   Number         0  keil_startup_hk32f030m.o ABSOLUTE
    __Vectors                                0x08000000   Data           4  keil_startup_hk32f030m.o(RESET)
    __Vectors_End                            0x080000c0   Data           0  keil_startup_hk32f030m.o(RESET)
    __main                                   0x080000c1   Thumb Code     8  __main.o(!!!main)
    __scatterload                            0x080000c9   Thumb Code     0  __scatter.o(!!!scatter)
    __scatterload_rt2                        0x080000c9   Thumb Code    52  __scatter.o(!!!scatter)
    __scatterload_rt2_thumb_only             0x080000c9   Thumb Code     0  __scatter.o(!!!scatter)
    __scatterload_null                       0x080000d9   Thumb Code     0  __scatter.o(!!!scatter)
    __scatterload_copy                       0x08000105   Thumb Code    26  __scatter_copy.o(!!handler_copy)
    __scatterload_zeroinit                   0x08000121   Thumb Code    28  __scatter_zi.o(!!handler_zi)
    __rt_lib_init                            0x0800013d   Thumb Code     0  libinit.o(.ARM.Collect$$libinit$$00000000)
    __rt_lib_init_alloca_1                   0x0800013f   Thumb Code     0  libinit2.o(.ARM.Collect$$libinit$$0000002E)
    __rt_lib_init_argv_1                     0x0800013f   Thumb Code     0  libinit2.o(.ARM.Collect$$libinit$$0000002C)
    __rt_lib_init_atexit_1                   0x0800013f   Thumb Code     0  libinit2.o(.ARM.Collect$$libinit$$0000001B)
    __rt_lib_init_clock_1                    0x0800013f   Thumb Code     0  libinit2.o(.ARM.Collect$$libinit$$00000021)
    __rt_lib_init_cpp_1                      0x0800013f   Thumb Code     0  libinit2.o(.ARM.Collect$$libinit$$00000032)
    __rt_lib_init_exceptions_1               0x0800013f   Thumb Code     0  libinit2.o(.ARM.Collect$$libinit$$00000030)
    __rt_lib_init_fp_1                       0x0800013f   Thumb Code     0  libinit2.o(.ARM.Collect$$libinit$$00000002)
    __rt_lib_init_fp_trap_1                  0x0800013f   Thumb Code     0  libinit2.o(.ARM.Collect$$libinit$$0000001F)
    __rt_lib_init_getenv_1                   0x0800013f   Thumb Code     0  libinit2.o(.ARM.Collect$$libinit$$00000023)
    __rt_lib_init_heap_1                     0x0800013f   Thumb Code     0  libinit2.o(.ARM.Collect$$libinit$$0000000A)
    __rt_lib_init_lc_collate_1               0x0800013f   Thumb Code     0  libinit2.o(.ARM.Collect$$libinit$$00000011)
    __rt_lib_init_lc_ctype_1                 0x0800013f   Thumb Code     0  libinit2.o(.ARM.Collect$$libinit$$00000013)
    __rt_lib_init_lc_monetary_1              0x0800013f   Thumb Code     0  libinit2.o(.ARM.Collect$$libinit$$00000015)
    __rt_lib_init_lc_numeric_1               0x0800013f   Thumb Code     0  libinit2.o(.ARM.Collect$$libinit$$00000017)
    __rt_lib_init_lc_time_1                  0x0800013f   Thumb Code     0  libinit2.o(.ARM.Collect$$libinit$$00000019)
    __rt_lib_init_preinit_1                  0x0800013f   Thumb Code     0  libinit2.o(.ARM.Collect$$libinit$$00000004)
    __rt_lib_init_rand_1                     0x0800013f   Thumb Code     0  libinit2.o(.ARM.Collect$$libinit$$0000000E)
    __rt_lib_init_return                     0x0800013f   Thumb Code     0  libinit2.o(.ARM.Collect$$libinit$$00000033)
    __rt_lib_init_signal_1                   0x0800013f   Thumb Code     0  libinit2.o(.ARM.Collect$$libinit$$0000001D)
    __rt_lib_init_stdio_1                    0x0800013f   Thumb Code     0  libinit2.o(.ARM.Collect$$libinit$$00000025)
    __rt_lib_init_user_alloc_1               0x0800013f   Thumb Code     0  libinit2.o(.ARM.Collect$$libinit$$0000000C)
    __rt_lib_shutdown                        0x08000141   Thumb Code     0  libshutdown.o(.ARM.Collect$$libshutdown$$00000000)
    __rt_lib_shutdown_cpp_1                  0x08000143   Thumb Code     0  libshutdown2.o(.ARM.Collect$$libshutdown$$00000002)
    __rt_lib_shutdown_fp_trap_1              0x08000143   Thumb Code     0  libshutdown2.o(.ARM.Collect$$libshutdown$$00000007)
    __rt_lib_shutdown_heap_1                 0x08000143   Thumb Code     0  libshutdown2.o(.ARM.Collect$$libshutdown$$0000000F)
    __rt_lib_shutdown_return                 0x08000143   Thumb Code     0  libshutdown2.o(.ARM.Collect$$libshutdown$$00000010)
    __rt_lib_shutdown_signal_1               0x08000143   Thumb Code     0  libshutdown2.o(.ARM.Collect$$libshutdown$$0000000A)
    __rt_lib_shutdown_stdio_1                0x08000143   Thumb Code     0  libshutdown2.o(.ARM.Collect$$libshutdown$$00000004)
    __rt_lib_shutdown_user_alloc_1           0x08000143   Thumb Code     0  libshutdown2.o(.ARM.Collect$$libshutdown$$0000000C)
    __rt_entry                               0x08000145   Thumb Code     0  __rtentry.o(.ARM.Collect$$rtentry$$00000000)
    __rt_entry_presh_1                       0x08000145   Thumb Code     0  __rtentry2.o(.ARM.Collect$$rtentry$$00000002)
    __rt_entry_sh                            0x08000145   Thumb Code     0  __rtentry4.o(.ARM.Collect$$rtentry$$00000004)
    __rt_entry_li                            0x0800014b   Thumb Code     0  __rtentry2.o(.ARM.Collect$$rtentry$$0000000A)
    __rt_entry_postsh_1                      0x0800014b   Thumb Code     0  __rtentry2.o(.ARM.Collect$$rtentry$$00000009)
    __rt_entry_main                          0x0800014f   Thumb Code     0  __rtentry2.o(.ARM.Collect$$rtentry$$0000000D)
    __rt_entry_postli_1                      0x0800014f   Thumb Code     0  __rtentry2.o(.ARM.Collect$$rtentry$$0000000C)
    __rt_exit                                0x08000157   Thumb Code     0  rtexit.o(.ARM.Collect$$rtexit$$00000000)
    __rt_exit_ls                             0x08000159   Thumb Code     0  rtexit2.o(.ARM.Collect$$rtexit$$00000003)
    __rt_exit_prels_1                        0x08000159   Thumb Code     0  rtexit2.o(.ARM.Collect$$rtexit$$00000002)
    __rt_exit_exit                           0x0800015d   Thumb Code     0  rtexit2.o(.ARM.Collect$$rtexit$$00000004)
    __aeabi_memcpy4                          0x08000165   Thumb Code    56  rt_memcpy.o(.emb_text)
    __aeabi_memcpy8                          0x08000165   Thumb Code     0  rt_memcpy.o(.emb_text)
    Reset_Handler                            0x0800019d   Thumb Code     8  keil_startup_hk32f030m.o(.text)
    ADC1_IRQHandler                          0x080001af   Thumb Code     0  keil_startup_hk32f030m.o(.text)
    EXTI0_IRQHandler                         0x080001af   Thumb Code     0  keil_startup_hk32f030m.o(.text)
    EXTI11_IRQHandler                        0x080001af   Thumb Code     0  keil_startup_hk32f030m.o(.text)
    EXTI1_IRQHandler                         0x080001af   Thumb Code     0  keil_startup_hk32f030m.o(.text)
    EXTI2_IRQHandler                         0x080001af   Thumb Code     0  keil_startup_hk32f030m.o(.text)
    EXTI3_IRQHandler                         0x080001af   Thumb Code     0  keil_startup_hk32f030m.o(.text)
    EXTI4_IRQHandler                         0x080001af   Thumb Code     0  keil_startup_hk32f030m.o(.text)
    EXTI5_IRQHandler                         0x080001af   Thumb Code     0  keil_startup_hk32f030m.o(.text)
    EXTI6_IRQHandler                         0x080001af   Thumb Code     0  keil_startup_hk32f030m.o(.text)
    EXTI7_IRQHandler                         0x080001af   Thumb Code     0  keil_startup_hk32f030m.o(.text)
    FLASH_IRQHandler                         0x080001af   Thumb Code     0  keil_startup_hk32f030m.o(.text)
    I2C1_IRQHandler                          0x080001af   Thumb Code     0  keil_startup_hk32f030m.o(.text)
    RCC_IRQHandler                           0x080001af   Thumb Code     0  keil_startup_hk32f030m.o(.text)
    SPI1_IRQHandler                          0x080001af   Thumb Code     0  keil_startup_hk32f030m.o(.text)
    TIM1_BRK_IRQHandler                      0x080001af   Thumb Code     0  keil_startup_hk32f030m.o(.text)
    TIM1_CC_IRQHandler                       0x080001af   Thumb Code     0  keil_startup_hk32f030m.o(.text)
    TIM1_UP_TRG_COM_IRQHandler               0x080001af   Thumb Code     0  keil_startup_hk32f030m.o(.text)
    TIM2_IRQHandler                          0x080001af   Thumb Code     0  keil_startup_hk32f030m.o(.text)
    WWDG_IRQHandler                          0x080001af   Thumb Code     0  keil_startup_hk32f030m.o(.text)
    __user_initial_stackheap                 0x080001b1   Thumb Code     0  keil_startup_hk32f030m.o(.text)
    __aeabi_memcpy                           0x080001d5   Thumb Code   130  rt_memcpy.o(.text)
    __rt_memcpy                              0x080001d5   Thumb Code     0  rt_memcpy.o(.text)
    __aeabi_uidiv                            0x08000257   Thumb Code     0  aeabi_sdiv.o(.text)
    __aeabi_uidivmod                         0x08000257   Thumb Code    20  aeabi_sdiv.o(.text)
    __aeabi_idiv                             0x0800026b   Thumb Code     0  aeabi_sdiv.o(.text)
    __aeabi_idivmod                          0x0800026b   Thumb Code   326  aeabi_sdiv.o(.text)
    __use_two_region_memory                  0x080003b1   Thumb Code     2  heapauxi.o(.text)
    __rt_heap_escrow$2region                 0x080003b3   Thumb Code     2  heapauxi.o(.text)
    __rt_heap_expand$2region                 0x080003b5   Thumb Code     2  heapauxi.o(.text)
    __aeabi_d2f                              0x080003b9   Thumb Code     0  d2f.o(.text)
    _d2f                                     0x080003b9   Thumb Code   120  d2f.o(.text)
    __aeabi_dadd                             0x0800072d   Thumb Code     0  daddsub.o(.text)
    _dadd                                    0x0800072d   Thumb Code    26  daddsub.o(.text)
    __aeabi_dsub                             0x08000747   Thumb Code     0  daddsub.o(.text)
    _dsub                                    0x08000747   Thumb Code    22  daddsub.o(.text)
    __aeabi_drsub                            0x0800075d   Thumb Code     0  daddsub.o(.text)
    _drsb                                    0x0800075d   Thumb Code    28  daddsub.o(.text)
    __aeabi_d2uiz                            0x0800078d   Thumb Code     0  dfixui.o(.text)
    _dfixu                                   0x0800078d   Thumb Code    68  dfixui.o(.text)
    __aeabi_i2d_normalise                    0x080007d5   Thumb Code    66  dflti.o(.text)
    __aeabi_i2d                              0x08000817   Thumb Code    16  dflti.o(.text)
    _dflt                                    0x08000817   Thumb Code     0  dflti.o(.text)
    __aeabi_ui2d                             0x08000827   Thumb Code     6  dflti.o(.text)
    _dfltu                                   0x08000827   Thumb Code     0  dflti.o(.text)
    __aeabi_dmul                             0x0800082d   Thumb Code     0  dmul.o(.text)
    _dmul                                    0x0800082d   Thumb Code   558  dmul.o(.text)
    __aeabi_f2d                              0x08000a75   Thumb Code     0  f2d.o(.text)
    _f2d                                     0x08000a75   Thumb Code    80  f2d.o(.text)
    __aeabi_fdiv                             0x08000ac9   Thumb Code     0  fdiv.o(.text)
    _fdiv                                    0x08000ac9   Thumb Code   334  fdiv.o(.text)
    _frdiv                                   0x08000c17   Thumb Code     8  fdiv.o(.text)
    __aeabi_f2uiz                            0x08000c29   Thumb Code     0  ffixui.o(.text)
    _ffixu                                   0x08000c29   Thumb Code    48  ffixui.o(.text)
    __aeabi_i2f_normalise                    0x08000c59   Thumb Code    72  fflti.o(.text)
    __aeabi_i2f                              0x08000ca1   Thumb Code    16  fflti.o(.text)
    _fflt                                    0x08000ca1   Thumb Code     0  fflti.o(.text)
    __aeabi_ui2f                             0x08000cb1   Thumb Code     6  fflti.o(.text)
    _ffltu                                   0x08000cb1   Thumb Code     0  fflti.o(.text)
    __fpl_dcmp_InfNaN                        0x08000cb9   Thumb Code   140  dcmpin.o(.text)
    __fpl_cmpreturn                          0x08000d49   Thumb Code    46  cmpret.o(.text)
    __fpl_dcheck_NaN2                        0x08000d79   Thumb Code    14  dnan2.o(.text)
    __user_setup_stackheap                   0x08000d8d   Thumb Code    62  sys_stackheap_outer.o(.text)
    exit                                     0x08000dcb   Thumb Code    16  exit.o(.text)
    __fpl_return_NaN                         0x08000ddb   Thumb Code    94  retnan.o(.text)
    __user_libspace                          0x08000e39   Thumb Code     8  libspace.o(.text)
    __user_perproc_libspace                  0x08000e39   Thumb Code     0  libspace.o(.text)
    __user_perthread_libspace                0x08000e39   Thumb Code     0  libspace.o(.text)
    _sys_exit                                0x08000e41   Thumb Code     8  sys_exit.o(.text)
    __I$use$semihosting                      0x08000e4d   Thumb Code     0  use_no_semi.o(.text)
    __use_no_semihosting_swi                 0x08000e4d   Thumb Code     2  use_no_semi.o(.text)
    __semihosting_library_function           0x08000e4f   Thumb Code     0  indicate_semi.o(.text)
    ADC1_Init                                0x08000e51   Thumb Code   146  adc.o(i.ADC1_Init)
    ADC_ChannelConfig                        0x08000ef1   Thumb Code     6  hk32f030m_adc.o(i.ADC_ChannelConfig)
    ADC_ClearFlag                            0x08000ef7   Thumb Code     4  hk32f030m_adc.o(i.ADC_ClearFlag)
    ADC_Cmd                                  0x08000efb   Thumb Code    24  hk32f030m_adc.o(i.ADC_Cmd)
    ADC_DeInit                               0x08000f15   Thumb Code    28  hk32f030m_adc.o(i.ADC_DeInit)
    ADC_GetConversionValue                   0x08000f35   Thumb Code     6  hk32f030m_adc.o(i.ADC_GetConversionValue)
    ADC_GetFlagStatus                        0x08000f3b   Thumb Code    28  hk32f030m_adc.o(i.ADC_GetFlagStatus)
    ADC_Init                                 0x08000f59   Thumb Code    34  hk32f030m_adc.o(i.ADC_Init)
    ADC_StartOfConversion                    0x08000f81   Thumb Code    10  hk32f030m_adc.o(i.ADC_StartOfConversion)
    ADC_StopOfConversion                     0x08000f8b   Thumb Code    10  hk32f030m_adc.o(i.ADC_StopOfConversion)
    ADC_StructInit                           0x08000f95   Thumb Code    14  hk32f030m_adc.o(i.ADC_StructInit)
    ADC_Task                                 0x08000fa5   Thumb Code   186  task.o(i.ADC_Task)
    Buzzer_Init                              0x08001099   Thumb Code    44  buzzer.o(i.Buzzer_Init)
    Buzzer_Ring                              0x080010c5   Thumb Code     6  buzzer.o(i.Buzzer_Ring)
    Buzzer_Scan                              0x080010d1   Thumb Code    46  buzzer.o(i.Buzzer_Scan)
    Buzzer_Task                              0x08001105   Thumb Code   200  task.o(i.Buzzer_Task)
    Charge_Task                              0x080011f1   Thumb Code   132  task.o(i.Charge_Task)
    Conditional_Judgment                     0x08001289   Thumb Code   938  task.o(i.Conditional_Judgment)
    Flashlight_Bright                        0x080016dd   Thumb Code   348  task.o(i.Flashlight_Bright)
    Flashlight_Detection                     0x0800186d   Thumb Code   162  task.o(i.Flashlight_Detection)
    Flashlight_Task                          0x08001939   Thumb Code   128  task.o(i.Flashlight_Task)
    GPIO_Init                                0x080019d1   Thumb Code   138  hk32f030m_gpio.o(i.GPIO_Init)
    GPIO_PinAFConfig                         0x08001a5b   Thumb Code    32  hk32f030m_gpio.o(i.GPIO_PinAFConfig)
    Get_Vesc_Pack_Data                       0x08001a7b   Thumb Code    14  vesc_uasrt.o(i.Get_Vesc_Pack_Data)
    HardFault_Handler                        0x08001a89   Thumb Code     2  hk32f030m_it.o(i.HardFault_Handler)
    IO_WS2812_Init                           0x08001a8d   Thumb Code    42  io_ws2812.o(i.IO_WS2812_Init)
    KEY1_Scan                                0x08001abd   Thumb Code   196  key.o(i.KEY1_Scan)
    KEY1_Task                                0x08001b8d   Thumb Code   108  task.o(i.KEY1_Task)
    KEY_Init                                 0x08001c11   Thumb Code    32  key.o(i.KEY_Init)
    LED_Init                                 0x08001c35   Thumb Code   112  led.o(i.LED_Init)
    LED_PWM_Init                             0x08001ca9   Thumb Code   138  led_pwm.o(i.LED_PWM_Init)
    NMI_Handler                              0x08001d41   Thumb Code     2  hk32f030m_it.o(i.NMI_Handler)
    NVIC_Init                                0x08001d45   Thumb Code    72  hk32f030m_misc.o(i.NVIC_Init)
    PendSV_Handler                           0x08001d95   Thumb Code     2  hk32f030m_it.o(i.PendSV_Handler)
    Power_Display                            0x08001d99   Thumb Code   554  task.o(i.Power_Display)
    Power_Init                               0x08001fcd   Thumb Code    72  power.o(i.Power_Init)
    Power_Task                               0x08002019   Thumb Code    90  task.o(i.Power_Task)
    Protocol_Parse                           0x08002091   Thumb Code   214  vesc_uasrt.o(i.Protocol_Parse)
    RCC_AHBPeriphClockCmd                    0x0800217d   Thumb Code    22  hk32f030m_rcc.o(i.RCC_AHBPeriphClockCmd)
    RCC_APB1PeriphClockCmd                   0x08002199   Thumb Code    22  hk32f030m_rcc.o(i.RCC_APB1PeriphClockCmd)
    RCC_APB2PeriphClockCmd                   0x080021b5   Thumb Code    22  hk32f030m_rcc.o(i.RCC_APB2PeriphClockCmd)
    RCC_APB2PeriphResetCmd                   0x080021d1   Thumb Code    22  hk32f030m_rcc.o(i.RCC_APB2PeriphResetCmd)
    RCC_GetClocksFreq                        0x080021ed   Thumb Code   200  hk32f030m_rcc.o(i.RCC_GetClocksFreq)
    Read_ADC_Value                           0x080022cd   Thumb Code   106  adc.o(i.Read_ADC_Value)
    SVC_Handler                              0x0800233d   Thumb Code     2  hk32f030m_it.o(i.SVC_Handler)
    Send_Pack_Data                           0x08002341   Thumb Code    94  vesc_uasrt.o(i.Send_Pack_Data)
    SysTick_Handler                          0x08002495   Thumb Code     2  hk32f030m_it.o(i.SysTick_Handler)
    SystemInit                               0x08002499   Thumb Code    42  system_hk32f030m.o(i.SystemInit)
    TIM6_IRQHandler                          0x080024d1   Thumb Code   130  hk32f030m_it.o(i.TIM6_IRQHandler)
    TIM_ClearITPendingBit                    0x08002589   Thumb Code     8  hk32f030m_tim.o(i.TIM_ClearITPendingBit)
    TIM_Cmd                                  0x08002591   Thumb Code    24  hk32f030m_tim.o(i.TIM_Cmd)
    TIM_CtrlPWMOutputs                       0x080025ad   Thumb Code    26  hk32f030m_tim.o(i.TIM_CtrlPWMOutputs)
    TIM_GetITStatus                          0x080025c7   Thumb Code    24  hk32f030m_tim.o(i.TIM_GetITStatus)
    TIM_ITConfig                             0x080025df   Thumb Code    24  hk32f030m_tim.o(i.TIM_ITConfig)
    TIM_OC2Init                              0x080025f9   Thumb Code   124  hk32f030m_tim.o(i.TIM_OC2Init)
    TIM_SetCompare2                          0x0800268d   Thumb Code     4  hk32f030m_tim.o(i.TIM_SetCompare2)
    TIM_TimeBaseInit                         0x08002691   Thumb Code    66  hk32f030m_tim.o(i.TIM_TimeBaseInit)
    Time6_Init                               0x080026e1   Thumb Code    74  time.o(i.Time6_Init)
    USART1_IRQHandler                        0x08002735   Thumb Code    84  hk32f030m_it.o(i.USART1_IRQHandler)
    USART1_Init                              0x08002799   Thumb Code   160  usart.o(i.USART1_Init)
    USART1_Send_Byte                         0x08002849   Thumb Code    12  usart.o(i.USART1_Send_Byte)
    USART1_Send_Bytes                        0x08002859   Thumb Code    26  usart.o(i.USART1_Send_Bytes)
    USART_ClearFlag                          0x08002873   Thumb Code     4  hk32f030m_usart.o(i.USART_ClearFlag)
    USART_Cmd                                0x08002877   Thumb Code    24  hk32f030m_usart.o(i.USART_Cmd)
    USART_ITConfig                           0x0800288f   Thumb Code    46  hk32f030m_usart.o(i.USART_ITConfig)
    USART_Init                               0x080028bd   Thumb Code   138  hk32f030m_usart.o(i.USART_Init)
    USART_ReceiveData                        0x08002955   Thumb Code     8  hk32f030m_usart.o(i.USART_ReceiveData)
    Usart_Task                               0x0800295d   Thumb Code   132  task.o(i.Usart_Task)
    WS2812                                   0x080029fd   Thumb Code   192  task.o(i.WS2812)
    WS2812_0_Code                            0x08002ac5   Thumb Code    14  io_ws2812.o(i.WS2812_0_Code)
    WS2812_1_Code                            0x08002ad9   Thumb Code    24  io_ws2812.o(i.WS2812_1_Code)
    WS2812_Boot                              0x08002af5   Thumb Code   592  task.o(i.WS2812_Boot)
    WS2812_Cal_Bri                           0x08002d5d   Thumb Code    42  task.o(i.WS2812_Cal_Bri)
    WS2812_Charge                            0x08002d8d   Thumb Code   578  task.o(i.WS2812_Charge)
    WS2812_Init                              0x08002fd9   Thumb Code    28  ws2812.o(i.WS2812_Init)
    WS2812_Refresh                           0x08002ff9   Thumb Code    58  ws2812.o(i.WS2812_Refresh)
    WS2812_Set_Colour                        0x0800303d   Thumb Code    84  ws2812.o(i.WS2812_Set_Colour)
    WS2812_Task                              0x08003095   Thumb Code   176  task.o(i.WS2812_Task)
    __ARM_common_switch8                     0x08003165   Thumb Code    26  test.o(i.__ARM_common_switch8)
    buffer_get_float16                       0x0800317f   Thumb Code    22  vesc_uasrt.o(i.buffer_get_float16)
    buffer_get_float32                       0x08003195   Thumb Code    22  vesc_uasrt.o(i.buffer_get_float32)
    buffer_get_int16                         0x080031ab   Thumb Code    20  vesc_uasrt.o(i.buffer_get_int16)
    buffer_get_int32                         0x080031bf   Thumb Code    38  vesc_uasrt.o(i.buffer_get_int32)
    crc16                                    0x080031e5   Thumb Code    38  crc.o(i.crc16)
    delay                                    0x08003211   Thumb Code    12  ws2812.o(i.delay)
    main                                     0x0800321d   Thumb Code    98  main.o(i.main)
    __aeabi_cdcmple                          0x08003289   Thumb Code     0  dlef.o(x$fpl$dleqf)
    _dcmple                                  0x08003289   Thumb Code    94  dlef.o(x$fpl$dleqf)
    __aeabi_cdrcmple                         0x080032ed   Thumb Code     0  drlef.o(x$fpl$drleqf)
    _drcmple                                 0x080032ed   Thumb Code   100  drlef.o(x$fpl$drleqf)
    __aeabi_fadd                             0x08003355   Thumb Code     0  faddsub.o(x$fpl$fadd)
    _fadd                                    0x08003355   Thumb Code   134  faddsub.o(x$fpl$fadd)
    __aeabi_fmul                             0x080033e1   Thumb Code     0  fmul.o(x$fpl$fmul)
    _fmul                                    0x080033e1   Thumb Code   172  fmul.o(x$fpl$fmul)
    __aeabi_fsub                             0x08003491   Thumb Code     0  faddsub.o(x$fpl$fsub)
    _fsub                                    0x08003491   Thumb Code   204  faddsub.o(x$fpl$fsub)
    __I$use$fp                               0x08003560   Number         0  usenofp.o(x$fpl$usenofp)
    crc16_tab                                0x08003560   Data         512  crc.o(.constdata)
    APBPrescTable                            0x08003760   Data           8  hk32f030m_rcc.o(.constdata)
    AHBPrescTable                            0x08003768   Data          32  hk32f030m_rcc.o(.constdata)
    Region$$Table$$Base                      0x080037c8   Number         0  anon$$obj.o(Region$$Table)
    Region$$Table$$Limit                     0x080037e8   Number         0  anon$$obj.o(Region$$Table)
    WS2812_Counter                           0x20000002   Data           2  ws2812.o(.data)
    VESC_RX_Flag                             0x20000004   Data           1  vesc_uasrt.o(.data)
    brightness                               0x20000008   Data           1  task.o(.data)
    val                                      0x20000009   Data           1  task.o(.data)
    flashlight_flag_last_2                   0x2000000a   Data           1  task.o(.data)
    Power_Flag                               0x20000024   Data           1  flag_bit.o(.data)
    Charge_Flag                              0x20000025   Data           1  flag_bit.o(.data)
    Flashlight_Flag                          0x20000026   Data           1  flag_bit.o(.data)
    Brightness_Flag                          0x20000027   Data           1  flag_bit.o(.data)
    WS2812_Display_Flag                      0x20000028   Data           1  flag_bit.o(.data)
    WS2812_Flag                              0x20000029   Data           1  flag_bit.o(.data)
    Power_Display_Flag                       0x2000002a   Data           1  flag_bit.o(.data)
    Buzzer_Flag                              0x2000002b   Data           1  flag_bit.o(.data)
    Usart_Flag                               0x2000002c   Data           1  flag_bit.o(.data)
    VESC_Boot_Time                           0x2000002e   Data           2  flag_bit.o(.data)
    Buzzer_Time                              0x20000030   Data           2  flag_bit.o(.data)
    Charge_Time                              0x20000032   Data           2  flag_bit.o(.data)
    Flashlight_Time                          0x20000034   Data           2  flag_bit.o(.data)
    Power_Time                               0x20000036   Data           2  flag_bit.o(.data)
    Usart_Time                               0x20000038   Data           2  flag_bit.o(.data)
    ADC_Time                                 0x2000003a   Data           2  flag_bit.o(.data)
    Shutdown_Time_S                          0x2000003c   Data           2  flag_bit.o(.data)
    Shutdown_Time_M                          0x2000003e   Data           1  flag_bit.o(.data)
    ADC1_Val                                 0x20000040   Data           4  flag_bit.o(.data)
    ADC2_Val                                 0x20000044   Data           4  flag_bit.o(.data)
    Charge_Voltage                           0x20000048   Data           4  flag_bit.o(.data)
    Gear_Position                            0x2000004c   Data           1  flag_bit.o(.data)
    WS2812_Measure                           0x2000004d   Data           1  flag_bit.o(.data)
    Buzzer_Frequency                         0x2000004e   Data           1  flag_bit.o(.data)
    Flashlight_Detection_Time                0x20000050   Data           2  flag_bit.o(.data)
    Charge_Current                           0x20000054   Data           4  flag_bit.o(.data)
    V_I                                      0x20000058   Data           1  flag_bit.o(.data)
    Shutdown_Cnt                             0x20000059   Data           1  flag_bit.o(.data)
    Charger_Detection_1ms                    0x2000005a   Data           2  flag_bit.o(.data)
    LED_Counter                              0x2000005c   Data           2  led.o(.data)
    KEY1_State                               0x2000005e   Data           1  key.o(.data)
    Buzzer_Counter                           0x20000068   Data           2  buzzer.o(.data)
    WS2812_Buff                              0x2000006c   Data         240  ws2812.o(.bss)
    VESC_RX_Buff                             0x2000015c   Data         256  vesc_uasrt.o(.bss)
    data                                     0x2000025c   Data          44  vesc_uasrt.o(.bss)
    protocol_buff                            0x20000288   Data         256  vesc_uasrt.o(.bss)
    __libspace_start                         0x20000388   Data          96  libspace.o(.bss)
    __temporary_stack_top$libspace           0x200003e8   Data           0  libspace.o(.bss)



==============================================================================

Memory Map of the image

  Image Entry point : 0x080000c1

  Load Region LR_IROM1 (Base: 0x08000000, Size: 0x00003854, Max: 0x00004000, ABSOLUTE)

    Execution Region ER_IROM1 (Exec base: 0x08000000, Load base: 0x08000000, Size: 0x000037e8, Max: 0x00004000, ABSOLUTE)

    Exec Addr    Load Addr    Size         Type   Attr      Idx    E Section Name        Object

    0x08000000   0x08000000   0x000000c0   Data   RO            3    RESET               keil_startup_hk32f030m.o
    0x080000c0   0x080000c0   0x00000008   Code   RO         2574  * !!!main             c_p.l(__main.o)
    0x080000c8   0x080000c8   0x0000003c   Code   RO         2783    !!!scatter          c_p.l(__scatter.o)
    0x08000104   0x08000104   0x0000001a   Code   RO         2785    !!handler_copy      c_p.l(__scatter_copy.o)
    0x0800011e   0x0800011e   0x00000002   PAD
    0x08000120   0x08000120   0x0000001c   Code   RO         2787    !!handler_zi        c_p.l(__scatter_zi.o)
    0x0800013c   0x0800013c   0x00000002   Code   RO         2650    .ARM.Collect$$libinit$$00000000  c_p.l(libinit.o)
    0x0800013e   0x0800013e   0x00000000   Code   RO         2666    .ARM.Collect$$libinit$$00000002  c_p.l(libinit2.o)
    0x0800013e   0x0800013e   0x00000000   Code   RO         2668    .ARM.Collect$$libinit$$00000004  c_p.l(libinit2.o)
    0x0800013e   0x0800013e   0x00000000   Code   RO         2671    .ARM.Collect$$libinit$$0000000A  c_p.l(libinit2.o)
    0x0800013e   0x0800013e   0x00000000   Code   RO         2673    .ARM.Collect$$libinit$$0000000C  c_p.l(libinit2.o)
    0x0800013e   0x0800013e   0x00000000   Code   RO         2675    .ARM.Collect$$libinit$$0000000E  c_p.l(libinit2.o)
    0x0800013e   0x0800013e   0x00000000   Code   RO         2678    .ARM.Collect$$libinit$$00000011  c_p.l(libinit2.o)
    0x0800013e   0x0800013e   0x00000000   Code   RO         2680    .ARM.Collect$$libinit$$00000013  c_p.l(libinit2.o)
    0x0800013e   0x0800013e   0x00000000   Code   RO         2682    .ARM.Collect$$libinit$$00000015  c_p.l(libinit2.o)
    0x0800013e   0x0800013e   0x00000000   Code   RO         2684    .ARM.Collect$$libinit$$00000017  c_p.l(libinit2.o)
    0x0800013e   0x0800013e   0x00000000   Code   RO         2686    .ARM.Collect$$libinit$$00000019  c_p.l(libinit2.o)
    0x0800013e   0x0800013e   0x00000000   Code   RO         2688    .ARM.Collect$$libinit$$0000001B  c_p.l(libinit2.o)
    0x0800013e   0x0800013e   0x00000000   Code   RO         2690    .ARM.Collect$$libinit$$0000001D  c_p.l(libinit2.o)
    0x0800013e   0x0800013e   0x00000000   Code   RO         2692    .ARM.Collect$$libinit$$0000001F  c_p.l(libinit2.o)
    0x0800013e   0x0800013e   0x00000000   Code   RO         2694    .ARM.Collect$$libinit$$00000021  c_p.l(libinit2.o)
    0x0800013e   0x0800013e   0x00000000   Code   RO         2696    .ARM.Collect$$libinit$$00000023  c_p.l(libinit2.o)
    0x0800013e   0x0800013e   0x00000000   Code   RO         2698    .ARM.Collect$$libinit$$00000025  c_p.l(libinit2.o)
    0x0800013e   0x0800013e   0x00000000   Code   RO         2702    .ARM.Collect$$libinit$$0000002C  c_p.l(libinit2.o)
    0x0800013e   0x0800013e   0x00000000   Code   RO         2704    .ARM.Collect$$libinit$$0000002E  c_p.l(libinit2.o)
    0x0800013e   0x0800013e   0x00000000   Code   RO         2706    .ARM.Collect$$libinit$$00000030  c_p.l(libinit2.o)
    0x0800013e   0x0800013e   0x00000000   Code   RO         2708    .ARM.Collect$$libinit$$00000032  c_p.l(libinit2.o)
    0x0800013e   0x0800013e   0x00000002   Code   RO         2709    .ARM.Collect$$libinit$$00000033  c_p.l(libinit2.o)
    0x08000140   0x08000140   0x00000002   Code   RO         2740    .ARM.Collect$$libshutdown$$00000000  c_p.l(libshutdown.o)
    0x08000142   0x08000142   0x00000000   Code   RO         2766    .ARM.Collect$$libshutdown$$00000002  c_p.l(libshutdown2.o)
    0x08000142   0x08000142   0x00000000   Code   RO         2768    .ARM.Collect$$libshutdown$$00000004  c_p.l(libshutdown2.o)
    0x08000142   0x08000142   0x00000000   Code   RO         2771    .ARM.Collect$$libshutdown$$00000007  c_p.l(libshutdown2.o)
    0x08000142   0x08000142   0x00000000   Code   RO         2774    .ARM.Collect$$libshutdown$$0000000A  c_p.l(libshutdown2.o)
    0x08000142   0x08000142   0x00000000   Code   RO         2776    .ARM.Collect$$libshutdown$$0000000C  c_p.l(libshutdown2.o)
    0x08000142   0x08000142   0x00000000   Code   RO         2779    .ARM.Collect$$libshutdown$$0000000F  c_p.l(libshutdown2.o)
    0x08000142   0x08000142   0x00000002   Code   RO         2780    .ARM.Collect$$libshutdown$$00000010  c_p.l(libshutdown2.o)
    0x08000144   0x08000144   0x00000000   Code   RO         2607    .ARM.Collect$$rtentry$$00000000  c_p.l(__rtentry.o)
    0x08000144   0x08000144   0x00000000   Code   RO         2616    .ARM.Collect$$rtentry$$00000002  c_p.l(__rtentry2.o)
    0x08000144   0x08000144   0x00000006   Code   RO         2628    .ARM.Collect$$rtentry$$00000004  c_p.l(__rtentry4.o)
    0x0800014a   0x0800014a   0x00000000   Code   RO         2618    .ARM.Collect$$rtentry$$00000009  c_p.l(__rtentry2.o)
    0x0800014a   0x0800014a   0x00000004   Code   RO         2619    .ARM.Collect$$rtentry$$0000000A  c_p.l(__rtentry2.o)
    0x0800014e   0x0800014e   0x00000000   Code   RO         2621    .ARM.Collect$$rtentry$$0000000C  c_p.l(__rtentry2.o)
    0x0800014e   0x0800014e   0x00000008   Code   RO         2622    .ARM.Collect$$rtentry$$0000000D  c_p.l(__rtentry2.o)
    0x08000156   0x08000156   0x00000002   Code   RO         2657    .ARM.Collect$$rtexit$$00000000  c_p.l(rtexit.o)
    0x08000158   0x08000158   0x00000000   Code   RO         2713    .ARM.Collect$$rtexit$$00000002  c_p.l(rtexit2.o)
    0x08000158   0x08000158   0x00000004   Code   RO         2714    .ARM.Collect$$rtexit$$00000003  c_p.l(rtexit2.o)
    0x0800015c   0x0800015c   0x00000006   Code   RO         2715    .ARM.Collect$$rtexit$$00000004  c_p.l(rtexit2.o)
    0x08000162   0x08000162   0x00000002   PAD
    0x08000164   0x08000164   0x00000038   Code   RO         2564    .emb_text           c_p.l(rt_memcpy.o)
    0x0800019c   0x0800019c   0x00000038   Code   RO            4    .text               keil_startup_hk32f030m.o
    0x080001d4   0x080001d4   0x00000082   Code   RO         2565    .text               c_p.l(rt_memcpy.o)
    0x08000256   0x08000256   0x0000015a   Code   RO         2568    .text               c_p.l(aeabi_sdiv.o)
    0x080003b0   0x080003b0   0x00000006   Code   RO         2572    .text               c_p.l(heapauxi.o)
    0x080003b6   0x080003b6   0x00000002   PAD
    0x080003b8   0x080003b8   0x0000007c   Code   RO         2576    .text               fz_ps.l(d2f.o)
    0x08000434   0x08000434   0x00000358   Code   RO         2578    .text               fz_ps.l(daddsub.o)
    0x0800078c   0x0800078c   0x00000048   Code   RO         2580    .text               fz_ps.l(dfixui.o)
    0x080007d4   0x080007d4   0x00000058   Code   RO         2582    .text               fz_ps.l(dflti.o)
    0x0800082c   0x0800082c   0x00000248   Code   RO         2586    .text               fz_ps.l(dmul.o)
    0x08000a74   0x08000a74   0x00000054   Code   RO         2590    .text               fz_ps.l(f2d.o)
    0x08000ac8   0x08000ac8   0x00000160   Code   RO         2598    .text               fz_ps.l(fdiv.o)
    0x08000c28   0x08000c28   0x00000030   Code   RO         2601    .text               fz_ps.l(ffixui.o)
    0x08000c58   0x08000c58   0x0000005e   Code   RO         2603    .text               fz_ps.l(fflti.o)
    0x08000cb6   0x08000cb6   0x00000002   PAD
    0x08000cb8   0x08000cb8   0x00000090   Code   RO         2612    .text               fz_ps.l(dcmpin.o)
    0x08000d48   0x08000d48   0x0000002e   Code   RO         2632    .text               fz_ps.l(cmpret.o)
    0x08000d76   0x08000d76   0x00000002   PAD
    0x08000d78   0x08000d78   0x00000014   Code   RO         2634    .text               fz_ps.l(dnan2.o)
    0x08000d8c   0x08000d8c   0x0000003e   Code   RO         2636    .text               c_p.l(sys_stackheap_outer.o)
    0x08000dca   0x08000dca   0x00000010   Code   RO         2639    .text               c_p.l(exit.o)
    0x08000dda   0x08000dda   0x0000005e   Code   RO         2651    .text               fz_ps.l(retnan.o)
    0x08000e38   0x08000e38   0x00000008   Code   RO         2653    .text               c_p.l(libspace.o)
    0x08000e40   0x08000e40   0x0000000c   Code   RO         2710    .text               c_p.l(sys_exit.o)
    0x08000e4c   0x08000e4c   0x00000002   Code   RO         2729    .text               c_p.l(use_no_semi.o)
    0x08000e4e   0x08000e4e   0x00000000   Code   RO         2731    .text               c_p.l(indicate_semi.o)
    0x08000e4e   0x08000e4e   0x00000002   PAD
    0x08000e50   0x08000e50   0x000000a0   Code   RO          865    i.ADC1_Init         adc.o
    0x08000ef0   0x08000ef0   0x00000006   Code   RO          929    i.ADC_ChannelConfig  hk32f030m_adc.o
    0x08000ef6   0x08000ef6   0x00000004   Code   RO          930    i.ADC_ClearFlag     hk32f030m_adc.o
    0x08000efa   0x08000efa   0x00000018   Code   RO          933    i.ADC_Cmd           hk32f030m_adc.o
    0x08000f12   0x08000f12   0x00000002   PAD
    0x08000f14   0x08000f14   0x00000020   Code   RO          935    i.ADC_DeInit        hk32f030m_adc.o
    0x08000f34   0x08000f34   0x00000006   Code   RO          939    i.ADC_GetConversionValue  hk32f030m_adc.o
    0x08000f3a   0x08000f3a   0x0000001c   Code   RO          940    i.ADC_GetFlagStatus  hk32f030m_adc.o
    0x08000f56   0x08000f56   0x00000002   PAD
    0x08000f58   0x08000f58   0x00000028   Code   RO          943    i.ADC_Init          hk32f030m_adc.o
    0x08000f80   0x08000f80   0x0000000a   Code   RO          947    i.ADC_StartOfConversion  hk32f030m_adc.o
    0x08000f8a   0x08000f8a   0x0000000a   Code   RO          948    i.ADC_StopOfConversion  hk32f030m_adc.o
    0x08000f94   0x08000f94   0x0000000e   Code   RO          949    i.ADC_StructInit    hk32f030m_adc.o
    0x08000fa2   0x08000fa2   0x00000002   PAD
    0x08000fa4   0x08000fa4   0x000000f4   Code   RO          486    i.ADC_Task          task.o
    0x08001098   0x08001098   0x0000002c   Code   RO          798    i.Buzzer_Init       buzzer.o
    0x080010c4   0x080010c4   0x0000000c   Code   RO          799    i.Buzzer_Ring       buzzer.o
    0x080010d0   0x080010d0   0x00000034   Code   RO          800    i.Buzzer_Scan       buzzer.o
    0x08001104   0x08001104   0x000000ec   Code   RO          487    i.Buzzer_Task       task.o
    0x080011f0   0x080011f0   0x00000098   Code   RO          488    i.Charge_Task       task.o
    0x08001288   0x08001288   0x00000454   Code   RO          489    i.Conditional_Judgment  task.o
    0x080016dc   0x080016dc   0x00000190   Code   RO          490    i.Flashlight_Bright  task.o
    0x0800186c   0x0800186c   0x000000cc   Code   RO          491    i.Flashlight_Detection  task.o
    0x08001938   0x08001938   0x00000098   Code   RO          492    i.Flashlight_Task   task.o
    0x080019d0   0x080019d0   0x0000008a   Code   RO         1115    i.GPIO_Init         hk32f030m_gpio.o
    0x08001a5a   0x08001a5a   0x00000020   Code   RO         1116    i.GPIO_PinAFConfig  hk32f030m_gpio.o
    0x08001a7a   0x08001a7a   0x0000000e   Code   RO          351    i.Get_Vesc_Pack_Data  vesc_uasrt.o
    0x08001a88   0x08001a88   0x00000002   Code   RO          179    i.HardFault_Handler  hk32f030m_it.o
    0x08001a8a   0x08001a8a   0x00000002   PAD
    0x08001a8c   0x08001a8c   0x00000030   Code   RO          891    i.IO_WS2812_Init    io_ws2812.o
    0x08001abc   0x08001abc   0x000000d0   Code   RO          766    i.KEY1_Scan         key.o
    0x08001b8c   0x08001b8c   0x00000084   Code   RO          493    i.KEY1_Task         task.o
    0x08001c10   0x08001c10   0x00000024   Code   RO          767    i.KEY_Init          key.o
    0x08001c34   0x08001c34   0x00000074   Code   RO          654    i.LED_Init          led.o
    0x08001ca8   0x08001ca8   0x00000098   Code   RO          746    i.LED_PWM_Init      led_pwm.o
    0x08001d40   0x08001d40   0x00000002   Code   RO          180    i.NMI_Handler       hk32f030m_it.o
    0x08001d42   0x08001d42   0x00000002   PAD
    0x08001d44   0x08001d44   0x00000050   Code   RO         1283    i.NVIC_Init         hk32f030m_misc.o
    0x08001d94   0x08001d94   0x00000002   Code   RO          181    i.PendSV_Handler    hk32f030m_it.o
    0x08001d96   0x08001d96   0x00000002   PAD
    0x08001d98   0x08001d98   0x00000234   Code   RO          495    i.Power_Display     task.o
    0x08001fcc   0x08001fcc   0x0000004c   Code   RO          726    i.Power_Init        power.o
    0x08002018   0x08002018   0x00000078   Code   RO          496    i.Power_Task        task.o
    0x08002090   0x08002090   0x000000ec   Code   RO          352    i.Protocol_Parse    vesc_uasrt.o
    0x0800217c   0x0800217c   0x0000001c   Code   RO         1316    i.RCC_AHBPeriphClockCmd  hk32f030m_rcc.o
    0x08002198   0x08002198   0x0000001c   Code   RO         1318    i.RCC_APB1PeriphClockCmd  hk32f030m_rcc.o
    0x080021b4   0x080021b4   0x0000001c   Code   RO         1320    i.RCC_APB2PeriphClockCmd  hk32f030m_rcc.o
    0x080021d0   0x080021d0   0x0000001c   Code   RO         1321    i.RCC_APB2PeriphResetCmd  hk32f030m_rcc.o
    0x080021ec   0x080021ec   0x000000e0   Code   RO         1328    i.RCC_GetClocksFreq  hk32f030m_rcc.o
    0x080022cc   0x080022cc   0x00000070   Code   RO          866    i.Read_ADC_Value    adc.o
    0x0800233c   0x0800233c   0x00000002   Code   RO          182    i.SVC_Handler       hk32f030m_it.o
    0x0800233e   0x0800233e   0x00000002   PAD
    0x08002340   0x08002340   0x00000064   Code   RO          353    i.Send_Pack_Data    vesc_uasrt.o
    0x080023a4   0x080023a4   0x00000034   Code   RO          239    i.SetSysClock       system_hk32f030m.o
    0x080023d8   0x080023d8   0x000000bc   Code   RO          240    i.SetSysClockToHSI_32M  system_hk32f030m.o
    0x08002494   0x08002494   0x00000002   Code   RO          183    i.SysTick_Handler   hk32f030m_it.o
    0x08002496   0x08002496   0x00000002   PAD
    0x08002498   0x08002498   0x00000038   Code   RO          242    i.SystemInit        system_hk32f030m.o
    0x080024d0   0x080024d0   0x000000b8   Code   RO          184    i.TIM6_IRQHandler   hk32f030m_it.o
    0x08002588   0x08002588   0x00000008   Code   RO         1735    i.TIM_ClearITPendingBit  hk32f030m_tim.o
    0x08002590   0x08002590   0x0000001c   Code   RO         1740    i.TIM_Cmd           hk32f030m_tim.o
    0x080025ac   0x080025ac   0x0000001a   Code   RO         1742    i.TIM_CtrlPWMOutputs  hk32f030m_tim.o
    0x080025c6   0x080025c6   0x00000018   Code   RO         1759    i.TIM_GetITStatus   hk32f030m_tim.o
    0x080025de   0x080025de   0x00000018   Code   RO         1763    i.TIM_ITConfig      hk32f030m_tim.o
    0x080025f6   0x080025f6   0x00000002   PAD
    0x080025f8   0x080025f8   0x00000094   Code   RO         1772    i.TIM_OC2Init       hk32f030m_tim.o
    0x0800268c   0x0800268c   0x00000004   Code   RO         1800    i.TIM_SetCompare2   hk32f030m_tim.o
    0x08002690   0x08002690   0x00000050   Code   RO         1809    i.TIM_TimeBaseInit  hk32f030m_tim.o
    0x080026e0   0x080026e0   0x00000054   Code   RO          680    i.Time6_Init        time.o
    0x08002734   0x08002734   0x00000064   Code   RO          185    i.USART1_IRQHandler  hk32f030m_it.o
    0x08002798   0x08002798   0x000000b0   Code   RO          833    i.USART1_Init       usart.o
    0x08002848   0x08002848   0x00000010   Code   RO          834    i.USART1_Send_Byte  usart.o
    0x08002858   0x08002858   0x0000001a   Code   RO          835    i.USART1_Send_Bytes  usart.o
    0x08002872   0x08002872   0x00000004   Code   RO         2271    i.USART_ClearFlag   hk32f030m_usart.o
    0x08002876   0x08002876   0x00000018   Code   RO         2275    i.USART_Cmd         hk32f030m_usart.o
    0x0800288e   0x0800288e   0x0000002e   Code   RO         2284    i.USART_ITConfig    hk32f030m_usart.o
    0x080028bc   0x080028bc   0x00000098   Code   RO         2285    i.USART_Init        hk32f030m_usart.o
    0x08002954   0x08002954   0x00000008   Code   RO         2297    i.USART_ReceiveData  hk32f030m_usart.o
    0x0800295c   0x0800295c   0x000000a0   Code   RO          497    i.Usart_Task        task.o
    0x080029fc   0x080029fc   0x000000c8   Code   RO          498    i.WS2812            task.o
    0x08002ac4   0x08002ac4   0x00000014   Code   RO          892    i.WS2812_0_Code     io_ws2812.o
    0x08002ad8   0x08002ad8   0x0000001c   Code   RO          893    i.WS2812_1_Code     io_ws2812.o
    0x08002af4   0x08002af4   0x00000268   Code   RO          499    i.WS2812_Boot       task.o
    0x08002d5c   0x08002d5c   0x00000030   Code   RO          500    i.WS2812_Cal_Bri    task.o
    0x08002d8c   0x08002d8c   0x0000024c   Code   RO          501    i.WS2812_Charge     task.o
    0x08002fd8   0x08002fd8   0x00000020   Code   RO          282    i.WS2812_Init       ws2812.o
    0x08002ff8   0x08002ff8   0x00000044   Code   RO          284    i.WS2812_Refresh    ws2812.o
    0x0800303c   0x0800303c   0x00000058   Code   RO          285    i.WS2812_Set_Colour  ws2812.o
    0x08003094   0x08003094   0x000000d0   Code   RO          502    i.WS2812_Task       task.o
    0x08003164   0x08003164   0x0000001a   Code   RO          476    i.__ARM_common_switch8  test.o
    0x0800317e   0x0800317e   0x00000016   Code   RO          354    i.buffer_get_float16  vesc_uasrt.o
    0x08003194   0x08003194   0x00000016   Code   RO          355    i.buffer_get_float32  vesc_uasrt.o
    0x080031aa   0x080031aa   0x00000014   Code   RO          356    i.buffer_get_int16  vesc_uasrt.o
    0x080031be   0x080031be   0x00000026   Code   RO          357    i.buffer_get_int32  vesc_uasrt.o
    0x080031e4   0x080031e4   0x0000002c   Code   RO          334    i.crc16             crc.o
    0x08003210   0x08003210   0x0000000c   Code   RO          286    i.delay             ws2812.o
    0x0800321c   0x0800321c   0x0000006c   Code   RO           12    i.main              main.o
    0x08003288   0x08003288   0x00000064   Code   RO         2584    x$fpl$dleqf         fz_ps.l(dlef.o)
    0x080032ec   0x080032ec   0x00000068   Code   RO         2588    x$fpl$drleqf        fz_ps.l(drlef.o)
    0x08003354   0x08003354   0x0000008c   Code   RO         2592    x$fpl$fadd          fz_ps.l(faddsub.o)
    0x080033e0   0x080033e0   0x000000b0   Code   RO         2605    x$fpl$fmul          fz_ps.l(fmul.o)
    0x08003490   0x08003490   0x000000d0   Code   RO         2594    x$fpl$fsub          fz_ps.l(faddsub.o)
    0x08003560   0x08003560   0x00000000   Code   RO         2614    x$fpl$usenofp       fz_ps.l(usenofp.o)
    0x08003560   0x08003560   0x00000200   Data   RO          335    .constdata          crc.o
    0x08003760   0x08003760   0x00000028   Data   RO         1342    .constdata          hk32f030m_rcc.o
    0x08003788   0x08003788   0x00000040   Data   RO         2599    .constdata          fz_ps.l(fdiv.o)
    0x080037c8   0x080037c8   0x00000020   Data   RO         2781    Region$$Table       anon$$obj.o


    Execution Region RW_IRAM1 (Exec base: 0x20000000, Load base: 0x080037e8, Size: 0x000007e8, Max: 0x00000800, ABSOLUTE)

    Exec Addr    Load Addr    Size         Type   Attr      Idx    E Section Name        Object

    0x20000000   0x080037e8   0x00000001   Data   RW          186    .data               hk32f030m_it.o
    0x20000001   0x080037e9   0x00000001   PAD
    0x20000002   0x080037ea   0x00000002   Data   RW          288    .data               ws2812.o
    0x20000004   0x080037ec   0x00000001   Data   RW          362    .data               vesc_uasrt.o
    0x20000005   0x080037ed   0x00000003   PAD
    0x20000008   0x080037f0   0x0000001c   Data   RW          503    .data               task.o
    0x20000024   0x0800380c   0x00000001   Data   RW          605    .data               flag_bit.o
    0x20000025   0x0800380d   0x00000001   Data   RW          606    .data               flag_bit.o
    0x20000026   0x0800380e   0x00000001   Data   RW          607    .data               flag_bit.o
    0x20000027   0x0800380f   0x00000001   Data   RW          608    .data               flag_bit.o
    0x20000028   0x08003810   0x00000001   Data   RW          609    .data               flag_bit.o
    0x20000029   0x08003811   0x00000001   Data   RW          610    .data               flag_bit.o
    0x2000002a   0x08003812   0x00000001   Data   RW          611    .data               flag_bit.o
    0x2000002b   0x08003813   0x00000001   Data   RW          612    .data               flag_bit.o
    0x2000002c   0x08003814   0x00000001   Data   RW          613    .data               flag_bit.o
    0x2000002d   0x08003815   0x00000001   PAD
    0x2000002e   0x08003816   0x00000002   Data   RW          614    .data               flag_bit.o
    0x20000030   0x08003818   0x00000002   Data   RW          615    .data               flag_bit.o
    0x20000032   0x0800381a   0x00000002   Data   RW          616    .data               flag_bit.o
    0x20000034   0x0800381c   0x00000002   Data   RW          617    .data               flag_bit.o
    0x20000036   0x0800381e   0x00000002   Data   RW          618    .data               flag_bit.o
    0x20000038   0x08003820   0x00000002   Data   RW          619    .data               flag_bit.o
    0x2000003a   0x08003822   0x00000002   Data   RW          620    .data               flag_bit.o
    0x2000003c   0x08003824   0x00000002   Data   RW          621    .data               flag_bit.o
    0x2000003e   0x08003826   0x00000001   Data   RW          622    .data               flag_bit.o
    0x2000003f   0x08003827   0x00000001   PAD
    0x20000040   0x08003828   0x00000004   Data   RW          623    .data               flag_bit.o
    0x20000044   0x0800382c   0x00000004   Data   RW          624    .data               flag_bit.o
    0x20000048   0x08003830   0x00000004   Data   RW          625    .data               flag_bit.o
    0x2000004c   0x08003834   0x00000001   Data   RW          626    .data               flag_bit.o
    0x2000004d   0x08003835   0x00000001   Data   RW          627    .data               flag_bit.o
    0x2000004e   0x08003836   0x00000001   Data   RW          628    .data               flag_bit.o
    0x2000004f   0x08003837   0x00000001   PAD
    0x20000050   0x08003838   0x00000002   Data   RW          629    .data               flag_bit.o
    0x20000052   0x0800383a   0x00000002   PAD
    0x20000054   0x0800383c   0x00000004   Data   RW          630    .data               flag_bit.o
    0x20000058   0x08003840   0x00000001   Data   RW          631    .data               flag_bit.o
    0x20000059   0x08003841   0x00000001   Data   RW          632    .data               flag_bit.o
    0x2000005a   0x08003842   0x00000002   Data   RW          633    .data               flag_bit.o
    0x2000005c   0x08003844   0x00000002   Data   RW          655    .data               led.o
    0x2000005e   0x08003846   0x00000008   Data   RW          768    .data               key.o
    0x20000066   0x0800384e   0x00000004   Data   RW          801    .data               buzzer.o
    0x2000006a   0x08003852   0x00000002   PAD
    0x2000006c        -       0x000000f0   Zero   RW          287    .bss                ws2812.o
    0x2000015c        -       0x00000100   Zero   RW          360    .bss                vesc_uasrt.o
    0x2000025c        -       0x0000012c   Zero   RW          361    .bss                vesc_uasrt.o
    0x20000388        -       0x00000060   Zero   RW         2654    .bss                c_p.l(libspace.o)
    0x200003e8        -       0x00000200   Zero   RW            2    HEAP                keil_startup_hk32f030m.o
    0x200005e8        -       0x00000200   Zero   RW            1    STACK               keil_startup_hk32f030m.o


==============================================================================

Image component sizes


      Code (inc. data)   RO Data    RW Data    ZI Data      Debug   Object Name

       272         20          0          0          0       1277   adc.o
       108         12          0          4          0       1867   buzzer.o
        44          6        512          0          0       1344   crc.o
         0          0          0         51          0       1540   flag_bit.o
       174         10          0          0          0       7419   hk32f030m_adc.o
       170          0          0          0          0       2239   hk32f030m_gpio.o
       294         70          0          1          0       3493   hk32f030m_it.o
        80          8          0          0          0       1272   hk32f030m_misc.o
       336         48         40          0          0       4849   hk32f030m_rcc.o
       342         42          0          0          0       6699   hk32f030m_tim.o
       234         14          0          0          0       4860   hk32f030m_usart.o
        96         16          0          0          0       1493   io_ws2812.o
        56         26        192          0       1024        836   keil_startup_hk32f030m.o
       244         24          0          8          0       1612   key.o
       116          4          0          2          0        845   led.o
       152         14          0          0          0        699   led_pwm.o
       108         10          0          0          0     218315   main.o
        76          4          0          0          0        557   power.o
       296         38          0          0          0       3017   system_hk32f030m.o
      5132        618          0         28          0      14803   task.o
        26          0          0          0          0         72   test.o
        84         10          0          0          0        577   time.o
       218         20          0          0          0       2177   usart.o
       452         28          0          1        556       6358   vesc_uasrt.o
       200         18          0          2        240       4860   ws2812.o

    ----------------------------------------------------------------------
      9328       1060        776        108       1820     293080   Object Totals
         0          0         32          0          0          0   (incl. Generated)
        18          0          0         11          0          0   (incl. Padding)

    ----------------------------------------------------------------------

      Code (inc. data)   RO Data    RW Data    ZI Data      Debug   Library Member Name

         8          0          0          0          0         68   __main.o
         0          0          0          0          0          0   __rtentry.o
        12          0          0          0          0          0   __rtentry2.o
         6          0          0          0          0          0   __rtentry4.o
        60          8          0          0          0          0   __scatter.o
        26          0          0          0          0          0   __scatter_copy.o
        28          0          0          0          0          0   __scatter_zi.o
       346          0          0          0          0         92   aeabi_sdiv.o
        16          0          0          0          0         68   exit.o
         6          0          0          0          0        136   heapauxi.o
         0          0          0          0          0          0   indicate_semi.o
         2          0          0          0          0          0   libinit.o
         2          0          0          0          0          0   libinit2.o
         2          0          0          0          0          0   libshutdown.o
         2          0          0          0          0          0   libshutdown2.o
         8          4          0          0         96         68   libspace.o
       186          0          0          0          0        144   rt_memcpy.o
         2          0          0          0          0          0   rtexit.o
        10          0          0          0          0          0   rtexit2.o
        12          4          0          0          0         60   sys_exit.o
        62          0          0          0          0         80   sys_stackheap_outer.o
         2          0          0          0          0         68   use_no_semi.o
        46          0          0          0          0         60   cmpret.o
       124          4          0          0          0         72   d2f.o
       856         20          0          0          0        208   daddsub.o
       144          4          0          0          0         76   dcmpin.o
        72          4          0          0          0         68   dfixui.o
        88          0          0          0          0         92   dflti.o
       100          4          0          0          0         92   dlef.o
       584         26          0          0          0         84   dmul.o
        20          6          0          0          0         68   dnan2.o
       104          4          0          0          0        104   drlef.o
        84          4          0          0          0         60   f2d.o
       348          8          0          0          0        160   faddsub.o
       352         10         64          0          0         92   fdiv.o
        48          0          0          0          0         60   ffixui.o
        94          0          0          0          0         92   fflti.o
       176          4          0          0          0         80   fmul.o
        94          0          0          0          0         68   retnan.o
         0          0          0          0          0          0   usenofp.o

    ----------------------------------------------------------------------
      4144        114         64          0         96       2320   Library Totals
        12          0          0          0          0          0   (incl. Padding)

    ----------------------------------------------------------------------

      Code (inc. data)   RO Data    RW Data    ZI Data      Debug   Library Name

       798         16          0          0         96        784   c_p.l
      3334         98         64          0          0       1536   fz_ps.l

    ----------------------------------------------------------------------
      4144        114         64          0         96       2320   Library Totals

    ----------------------------------------------------------------------

==============================================================================


      Code (inc. data)   RO Data    RW Data    ZI Data      Debug   

     13472       1174        840        108       1916     290632   Grand Totals
     13472       1174        840        108       1916     290632   ELF Image Totals
     13472       1174        840        108          0          0   ROM Totals

==============================================================================

    Total RO  Size (Code + RO Data)                14312 (  13.98kB)
    Total RW  Size (RW Data + ZI Data)              2024 (   1.98kB)
    Total ROM Size (Code + RO Data + RW Data)      14420 (  14.08kB)

==============================================================================

