Component: ARM Compiler 5.06 update 6 (build 750) Tool: armlink [4d35ed]

==============================================================================

Section Cross References

    keil_startup_hk32f030m.o(RESET) refers to keil_startup_hk32f030m.o(STACK) for __initial_sp
    keil_startup_hk32f030m.o(RESET) refers to keil_startup_hk32f030m.o(.text) for Reset_Handler
    keil_startup_hk32f030m.o(RESET) refers to hk32f030m_it.o(i.NMI_Handler) for NMI_Handler
    keil_startup_hk32f030m.o(RESET) refers to hk32f030m_it.o(i.HardFault_Handler) for HardFault_Handler
    keil_startup_hk32f030m.o(RESET) refers to hk32f030m_it.o(i.SVC_Handler) for SVC_Handler
    keil_startup_hk32f030m.o(RESET) refers to hk32f030m_it.o(i.PendSV_Handler) for PendSV_Handler
    keil_startup_hk32f030m.o(RESET) refers to hk32f030m_it.o(i.SysTick_Handler) for SysTick_Handler
    keil_startup_hk32f030m.o(RESET) refers to hk32f030m_it.o(i.TIM6_IRQHandler) for TIM6_IRQHandler
    keil_startup_hk32f030m.o(RESET) refers to hk32f030m_it.o(i.USART1_IRQHandler) for USART1_IRQHandler
    keil_startup_hk32f030m.o(.text) refers to system_hk32f030m.o(i.SystemInit) for SystemInit
    keil_startup_hk32f030m.o(.text) refers to entry.o(.ARM.Collect$$$$00000000) for __main
    main.o(i.main) refers to led.o(i.LED_Init) for LED_Init
    main.o(i.main) refers to buzzer.o(i.Buzzer_Init) for Buzzer_Init
    main.o(i.main) refers to adc.o(i.ADC1_Init) for ADC1_Init
    main.o(i.main) refers to time.o(i.Time6_Init) for Time6_Init
    main.o(i.main) refers to ws2812.o(i.WS2812_Init) for WS2812_Init
    main.o(i.main) refers to power.o(i.Power_Init) for Power_Init
    main.o(i.main) refers to key.o(i.KEY_Init) for KEY_Init
    main.o(i.main) refers to usart.o(i.USART1_Init) for USART1_Init
    main.o(i.main) refers to led_pwm.o(i.LED_PWM_Init) for LED_PWM_Init
    main.o(i.main) refers to iwdg.o(i.IWDG_Init) for IWDG_Init
    main.o(i.main) refers to task.o(i.LED_Task) for LED_Task
    main.o(i.main) refers to task.o(i.KEY1_Task) for KEY1_Task
    main.o(i.main) refers to task.o(i.WS2812_Task) for WS2812_Task
    main.o(i.main) refers to task.o(i.Power_Task) for Power_Task
    main.o(i.main) refers to task.o(i.Flashlight_Task) for Flashlight_Task
    main.o(i.main) refers to task.o(i.Flashlight_Detection) for Flashlight_Detection
    main.o(i.main) refers to task.o(i.Buzzer_Task) for Buzzer_Task
    main.o(i.main) refers to task.o(i.Usart_Task) for Usart_Task
    main.o(i.main) refers to task.o(i.ADC_Task) for ADC_Task
    main.o(i.main) refers to task.o(i.Conditional_Judgment) for Conditional_Judgment
    main.o(i.main) refers to hk32f030m_iwdg.o(i.IWDG_ReloadCounter) for IWDG_ReloadCounter
    main.o(i.main) refers to flag_bit.o(.data) for Power_On_Delay_1ms
    main.o(i.main) refers to key.o(.data) for KEY1_State
    hk32f030m_it.o(i.TIM6_IRQHandler) refers to hk32f030m_tim.o(i.TIM_GetITStatus) for TIM_GetITStatus
    hk32f030m_it.o(i.TIM6_IRQHandler) refers to hk32f030m_tim.o(i.TIM_ClearITPendingBit) for TIM_ClearITPendingBit
    hk32f030m_it.o(i.TIM6_IRQHandler) refers to key.o(i.KEY1_Scan) for KEY1_Scan
    hk32f030m_it.o(i.TIM6_IRQHandler) refers to buzzer.o(i.Buzzer_Scan) for Buzzer_Scan
    hk32f030m_it.o(i.TIM6_IRQHandler) refers to led.o(.data) for LED_Counter
    hk32f030m_it.o(i.TIM6_IRQHandler) refers to ws2812.o(.data) for WS2812_Counter
    hk32f030m_it.o(i.TIM6_IRQHandler) refers to flag_bit.o(.data) for VESC_Boot_Time
    hk32f030m_it.o(i.USART1_IRQHandler) refers to hk32f030m_usart.o(i.USART_ClearFlag) for USART_ClearFlag
    hk32f030m_it.o(i.USART1_IRQHandler) refers to hk32f030m_usart.o(i.USART_ReceiveData) for USART_ReceiveData
    hk32f030m_it.o(i.USART1_IRQHandler) refers to hk32f030m_it.o(.data) for count
    hk32f030m_it.o(i.USART1_IRQHandler) refers to vesc_uasrt.o(.bss) for VESC_RX_Buff
    hk32f030m_it.o(i.USART1_IRQHandler) refers to vesc_uasrt.o(.data) for VESC_RX_Flag
    system_hk32f030m.o(i.SetSysClock) refers to system_hk32f030m.o(i.SetSysClockToHSI_32M) for SetSysClockToHSI_32M
    system_hk32f030m.o(i.SystemCoreClockUpdate) refers to uidiv.o(.text) for __aeabi_uidivmod
    system_hk32f030m.o(i.SystemCoreClockUpdate) refers to system_hk32f030m.o(.data) for SystemCoreClock
    system_hk32f030m.o(i.SystemCoreClockUpdate) refers to hk32f030m_rcc.o(.constdata) for AHBPrescTable
    system_hk32f030m.o(i.SystemInit) refers to system_hk32f030m.o(i.SetSysClock) for SetSysClock
    ws2812.o(i.WS2812_Init) refers to io_ws2812.o(i.IO_WS2812_Init) for IO_WS2812_Init
    ws2812.o(i.WS2812_Init) refers to ws2812.o(i.WS2812_Set_Colour) for WS2812_Set_Colour
    ws2812.o(i.WS2812_Init) refers to ws2812.o(i.WS2812_Refresh) for WS2812_Refresh
    ws2812.o(i.WS2812_Init) refers to ws2812.o(.bss) for WS2812_Buff
    ws2812.o(i.WS2812_Left) refers to ws2812.o(.bss) for WS2812_Buff
    ws2812.o(i.WS2812_Refresh) refers to io_ws2812.o(i.WS2812_0_Code) for WS2812_0_Code
[...]
    entry.o(.ARM.Collect$$$$00000000) refers (Special) to entry5.o(.ARM.Collect$$$$00000004) for _main_scatterload
    entry.o(.ARM.Collect$$$$00000000) refers (Special) to entry2.o(.ARM.Collect$$$$00000001) for _main_stk
    fadd.o(.text) refers (Special) to iusefp.o(.text) for __I$use$fp
    fadd.o(.text) refers to fepilogue.o(.text) for _float_epilogue
    fmul.o(.text) refers (Special) to iusefp.o(.text) for __I$use$fp
    fdiv.o(.text) refers (Special) to iusefp.o(.text) for __I$use$fp
    fdiv.o(.text) refers to fepilogue.o(.text) for _float_round
    dadd.o(.text) refers (Special) to iusefp.o(.text) for __I$use$fp
    dadd.o(.text) refers to llshl.o(.text) for __aeabi_llsl
    dadd.o(.text) refers to llsshr.o(.text) for __aeabi_lasr
    dadd.o(.text) refers to depilogue.o(.text) for _double_epilogue
    dmul.o(.text) refers (Special) to iusefp.o(.text) for __I$use$fp
    dmul.o(.text) refers to depilogue.o(.text) for _double_epilogue
    fflti.o(.text) refers (Special) to iusefp.o(.text) for __I$use$fp
    fflti.o(.text) refers to fepilogue.o(.text) for _float_epilogue
    dfltui.o(.text) refers (Special) to iusefp.o(.text) for __I$use$fp
    dfltui.o(.text) refers to depilogue.o(.text) for _double_epilogue
    ffixui.o(.text) refers (Special) to iusefp.o(.text) for __I$use$fp
    dfixui.o(.text) refers (Special) to iusefp.o(.text) for __I$use$fp
    dfixui.o(.text) refers to llushr.o(.text) for __aeabi_llsr
    f2d.o(.text) refers (Special) to iusefp.o(.text) for __I$use$fp
    cdcmple.o(.text) refers (Special) to iusefp.o(.text) for __I$use$fp
    cdrcmple.o(.text) refers (Special) to iusefp.o(.text) for __I$use$fp
    d2f.o(.text) refers (Special) to iusefp.o(.text) for __I$use$fp
    d2f.o(.text) refers to fepilogue.o(.text) for _float_round
    cfcmple.o(.text) refers (Special) to iusefp.o(.text) for __I$use$fp
    cfrcmple.o(.text) refers (Special) to iusefp.o(.text) for __I$use$fp
    entry2.o(.ARM.Collect$$$$00000001) refers to entry2.o(.ARM.Collect$$$$00002712) for __lit__00000000
    entry2.o(.ARM.Collect$$$$00002712) refers to keil_startup_hk32f030m.o(STACK) for __initial_sp
    entry2.o(__vectab_stack_and_reset_area) refers to keil_startup_hk32f030m.o(STACK) for __initial_sp
    entry2.o(__vectab_stack_and_reset_area) refers to entry.o(.ARM.Collect$$$$00000000) for __main
    entry5.o(.ARM.Collect$$$$00000004) refers to init.o(.text) for __scatterload
    entry9a.o(.ARM.Collect$$$$0000000B) refers to main.o(i.main) for main
    entry9b.o(.ARM.Collect$$$$0000000C) refers to main.o(i.main) for main
    depilogue.o(.text) refers to depilogue.o(i.__ARM_clz) for __ARM_clz
    depilogue.o(.text) refers to llshl.o(.text) for __aeabi_llsl
    depilogue.o(.text) refers to llushr.o(.text) for __aeabi_llsr
    init.o(.text) refers to entry5.o(.ARM.Collect$$$$00000004) for __main_after_scatterload


==============================================================================

Removing Unused input sections from the image.

    Removing keil_startup_hk32f030m.o(HEAP), (512 bytes).
    Removing main.o(.rev16_text), (4 bytes).
    Removing main.o(.revsh_text), (4 bytes).
    Removing main.o(.data), (2 bytes).
    Removing hk32f030m_it.o(.rev16_text), (4 bytes).
    Removing hk32f030m_it.o(.revsh_text), (4 bytes).
    Removing system_hk32f030m.o(.rev16_text), (4 bytes).
    Removing system_hk32f030m.o(.revsh_text), (4 bytes).
    Removing system_hk32f030m.o(i.SystemCoreClockUpdate), (120 bytes).
    Removing system_hk32f030m.o(.data), (4 bytes).
    Removing ws2812.o(.rev16_text), (4 bytes).
    Removing ws2812.o(.revsh_text), (4 bytes).
    Removing ws2812.o(i.WS2812_Left), (108 bytes).
    Removing vesc_uasrt.o(.rev16_text), (4 bytes).
    Removing vesc_uasrt.o(.revsh_text), (4 bytes).
    Removing vesc_uasrt.o(i.buffer_get_uint16), (28 bytes).
    Removing vesc_uasrt.o(i.buffer_get_uint32), (48 bytes).
    Removing test.o(.rev16_text), (4 bytes).
    Removing test.o(.revsh_text), (4 bytes).
    Removing test.o(i.Test_ADC), (336 bytes).
    Removing test.o(i.Test_Charge), (256 bytes).
    Removing test.o(i.Test_LED), (280 bytes).
    Removing test.o(i.Test_Task), (56 bytes).
    Removing test.o(i.Test_USART), (164 bytes).
    Removing test.o(.data), (26 bytes).
    Removing task.o(.rev16_text), (4 bytes).
    Removing task.o(.revsh_text), (4 bytes).
    Removing task.o(i.Charge_Task), (180 bytes).
    Removing flag_bit.o(.rev16_text), (4 bytes).
    Removing flag_bit.o(.revsh_text), (4 bytes).
    Removing led.o(.rev16_text), (4 bytes).
    Removing led.o(.revsh_text), (4 bytes).
    Removing time.o(.rev16_text), (4 bytes).
    Removing time.o(.revsh_text), (4 bytes).
    Removing spi.o(.rev16_text), (4 bytes).
    Removing spi.o(.revsh_text), (4 bytes).
    Removing spi.o(i.SPI1_Send_Byte), (24 bytes).
    Removing spi.o(i.SPI_Config), (124 bytes).
    Removing power.o(.rev16_text), (4 bytes).
    Removing power.o(.revsh_text), (4 bytes).
    Removing led_pwm.o(.rev16_text), (4 bytes).
    Removing led_pwm.o(.revsh_text), (4 bytes).
    Removing key.o(.rev16_text), (4 bytes).
    Removing key.o(.revsh_text), (4 bytes).
    Removing buzzer.o(.rev16_text), (4 bytes).
    Removing buzzer.o(.revsh_text), (4 bytes).
    Removing usart.o(.rev16_text), (4 bytes).
    Removing usart.o(.revsh_text), (4 bytes).
    Removing adc.o(.rev16_text), (4 bytes).
    Removing adc.o(.revsh_text), (4 bytes).
    Removing io_ws2812.o(.rev16_text), (4 bytes).
    Removing io_ws2812.o(.revsh_text), (4 bytes).
    Removing io_ws2812.o(i.IO_WS2812_Init_In), (52 bytes).
    Removing iwdg.o(.rev16_text), (4 bytes).
    Removing iwdg.o(.revsh_text), (4 bytes).
    Removing hk32f030m_adc.o(.rev16_text), (4 bytes).
    Removing hk32f030m_adc.o(.revsh_text), (4 bytes).
    Removing hk32f030m_adc.o(i.ADC_AWDWakeup_Cmd), (50 bytes).
    Removing hk32f030m_adc.o(i.ADC_AnalogWatchdogCmd), (28 bytes).
    Removing hk32f030m_adc.o(i.ADC_AnalogWatchdogSingleChannelCmd), (28 bytes).
    Removing hk32f030m_adc.o(i.ADC_AnalogWatchdogSingleChannelConfig), (28 bytes).
    Removing hk32f030m_adc.o(i.ADC_AnalogWatchdogThresholdsConfig), (8 bytes).
    Removing hk32f030m_adc.o(i.ADC_AutoPowerOffCmd), (28 bytes).
    Removing hk32f030m_adc.o(i.ADC_ClearITPendingBit), (4 bytes).
    Removing hk32f030m_adc.o(i.ADC_ClockModeConfig), (4 bytes).
    Removing hk32f030m_adc.o(i.ADC_ContinuousModeCmd), (28 bytes).
    Removing hk32f030m_adc.o(i.ADC_Diff_Func), (48 bytes).
    Removing hk32f030m_adc.o(i.ADC_DiscModeCmd), (28 bytes).
    Removing hk32f030m_adc.o(i.ADC_GetCalibrationFactor), (60 bytes).
    Removing hk32f030m_adc.o(i.ADC_GetITStatus), (34 bytes).
    Removing hk32f030m_adc.o(i.ADC_ITConfig), (20 bytes).
    Removing hk32f030m_adc.o(i.ADC_InterDelay_Func), (48 bytes).
    Removing hk32f030m_adc.o(i.ADC_JitterCmd), (20 bytes).
    Removing hk32f030m_adc.o(i.ADC_OverrunModeCmd), (28 bytes).
    Removing hk32f030m_adc.o(i.ADC_VrefintCmd), (52 bytes).
    Removing hk32f030m_adc.o(i.ADC_WaitModeCmd), (28 bytes).
    Removing hk32f030m_gpio.o(.rev16_text), (4 bytes).
    Removing hk32f030m_gpio.o(.revsh_text), (4 bytes).
    Removing hk32f030m_gpio.o(i.GPIO_DeInit), (120 bytes).
    Removing hk32f030m_gpio.o(i.GPIO_IOMUX_ChangePin), (100 bytes).
    Removing hk32f030m_gpio.o(i.GPIO_IOMUX_PinAFConfig), (152 bytes).
    Removing hk32f030m_gpio.o(i.GPIO_IOMUX_SetTIM2CN1_Source), (12 bytes).
    Removing hk32f030m_gpio.o(i.GPIO_PinLockConfig), (34 bytes).
    Removing hk32f030m_gpio.o(i.GPIO_ReadInputData), (8 bytes).
    Removing hk32f030m_gpio.o(i.GPIO_ReadInputDataBit), (20 bytes).
    Removing hk32f030m_gpio.o(i.GPIO_ReadOutputData), (8 bytes).
    Removing hk32f030m_gpio.o(i.GPIO_ReadOutputDataBit), (20 bytes).
    Removing hk32f030m_gpio.o(i.GPIO_ResetBits), (4 bytes).
    Removing hk32f030m_gpio.o(i.GPIO_SetBits), (4 bytes).
    Removing hk32f030m_gpio.o(i.GPIO_StructInit), (24 bytes).
    Removing hk32f030m_gpio.o(i.GPIO_Toggle), (8 bytes).
    Removing hk32f030m_gpio.o(i.GPIO_Write), (4 bytes).
    Removing hk32f030m_gpio.o(i.GPIO_WriteBit), (12 bytes).
    Removing hk32f030m_iwdg.o(.rev16_text), (4 bytes).
    Removing hk32f030m_iwdg.o(.revsh_text), (4 bytes).
    Removing hk32f030m_iwdg.o(i.IWDG_GetFlagStatus), (28 bytes).
    Removing hk32f030m_iwdg.o(i.IWDG_SetWindowValue), (12 bytes).
    Removing hk32f030m_misc.o(.rev16_text), (4 bytes).
    Removing hk32f030m_misc.o(.revsh_text), (4 bytes).
    Removing hk32f030m_misc.o(i.NVIC_SystemLPConfig), (32 bytes).
    Removing hk32f030m_misc.o(i.SysTick_CLKSourceConfig), (36 bytes).
    Removing hk32f030m_rcc.o(.rev16_text), (4 bytes).
    Removing hk32f030m_rcc.o(.revsh_text), (4 bytes).
    Removing hk32f030m_rcc.o(i.RCC_ADCCLKConfig), (76 bytes).
    Removing hk32f030m_rcc.o(i.RCC_AHBPeriphResetCmd), (32 bytes).
    Removing hk32f030m_rcc.o(i.RCC_APB1PeriphResetCmd), (32 bytes).
    Removing hk32f030m_rcc.o(i.RCC_AdjustHSICalibrationValue), (32 bytes).
    Removing hk32f030m_rcc.o(i.RCC_ClearFlag), (20 bytes).
    Removing hk32f030m_rcc.o(i.RCC_ClearITPendingBit), (12 bytes).
    Removing hk32f030m_rcc.o(i.RCC_ClockSecuritySystemCmd), (40 bytes).
    Removing hk32f030m_rcc.o(i.RCC_DeInit), (52 bytes).
    Removing hk32f030m_rcc.o(i.RCC_EXTCmd), (108 bytes).
    Removing hk32f030m_rcc.o(i.RCC_GetFlagStatus), (56 bytes).
    Removing hk32f030m_rcc.o(i.RCC_GetITStatus), (28 bytes).
    Removing hk32f030m_rcc.o(i.RCC_GetSYSCLKSource), (16 bytes).
    Removing hk32f030m_rcc.o(i.RCC_HCLKConfig), (32 bytes).
    Removing hk32f030m_rcc.o(i.RCC_HSICmd), (36 bytes).
    Removing hk32f030m_rcc.o(i.RCC_I2CCLKConfig), (28 bytes).
    Removing hk32f030m_rcc.o(i.RCC_ITConfig), (32 bytes).
    Removing hk32f030m_rcc.o(i.RCC_LSICmd), (36 bytes).
    Removing hk32f030m_rcc.o(i.RCC_MCOConfig), (36 bytes).
    Removing hk32f030m_rcc.o(i.RCC_PCLKConfig), (36 bytes).
    Removing hk32f030m_rcc.o(i.RCC_SYSCLKConfig), (28 bytes).
    Removing hk32f030m_rcc.o(i.RCC_USARTCLKConfig), (28 bytes).
    Removing hk32f030m_rcc.o(i.RCC_WaitForStartUp), (64 bytes).
    Removing hk32f030m_spi.o(.rev16_text), (4 bytes).
    Removing hk32f030m_spi.o(.revsh_text), (4 bytes).
    Removing hk32f030m_spi.o(i.I2S_Cmd), (32 bytes).
    Removing hk32f030m_spi.o(i.I2S_Init), (232 bytes).
    Removing hk32f030m_spi.o(i.I2S_StructInit), (20 bytes).
    Removing hk32f030m_spi.o(i.SPI_BiDirectionalLineConfig), (32 bytes).
    Removing hk32f030m_spi.o(i.SPI_CRCLengthConfig), (20 bytes).
    Removing hk32f030m_spi.o(i.SPI_CalculateCRC), (32 bytes).
    Removing hk32f030m_spi.o(i.SPI_Cmd), (28 bytes).
    Removing hk32f030m_spi.o(i.SPI_DataSizeConfig), (28 bytes).
    Removing hk32f030m_spi.o(i.SPI_GetCRC), (20 bytes).
    Removing hk32f030m_spi.o(i.SPI_GetCRCPolynomial), (8 bytes).
    Removing hk32f030m_spi.o(i.SPI_GetReceptionFIFOStatus), (12 bytes).
    Removing hk32f030m_spi.o(i.SPI_GetTransmissionFIFOStatus), (12 bytes).
    Removing hk32f030m_spi.o(i.SPI_I2S_ClearFlag), (8 bytes).
    Removing hk32f030m_spi.o(i.SPI_I2S_DeInit), (32 bytes).
    Removing hk32f030m_spi.o(i.SPI_I2S_GetFlagStatus), (20 bytes).
    Removing hk32f030m_spi.o(i.SPI_I2S_GetITStatus), (56 bytes).
    Removing hk32f030m_spi.o(i.SPI_I2S_ITConfig), (38 bytes).
    Removing hk32f030m_spi.o(i.SPI_I2S_ReceiveData16), (8 bytes).
    Removing hk32f030m_spi.o(i.SPI_I2S_SendData16), (4 bytes).
    Removing hk32f030m_spi.o(i.SPI_Init), (96 bytes).
    Removing hk32f030m_spi.o(i.SPI_NSSInternalSoftwareConfig), (32 bytes).
    Removing hk32f030m_spi.o(i.SPI_NSSPulseModeCmd), (28 bytes).
    Removing hk32f030m_spi.o(i.SPI_ReceiveData8), (12 bytes).
    Removing hk32f030m_spi.o(i.SPI_RxFIFOThresholdConfig), (20 bytes).
    Removing hk32f030m_spi.o(i.SPI_SSOutputCmd), (28 bytes).
    Removing hk32f030m_spi.o(i.SPI_SendData8), (10 bytes).
    Removing hk32f030m_spi.o(i.SPI_StructInit), (30 bytes).
    Removing hk32f030m_spi.o(i.SPI_TIModeCmd), (28 bytes).
    Removing hk32f030m_spi.o(i.SPI_TransmitCRC), (12 bytes).
    Removing hk32f030m_syscfg.o(.rev16_text), (4 bytes).
    Removing hk32f030m_syscfg.o(.revsh_text), (4 bytes).
    Removing hk32f030m_syscfg.o(i.SYSCFG_DeInit), (20 bytes).
    Removing hk32f030m_syscfg.o(i.SYSCFG_EXTILineConfig), (64 bytes).
    Removing hk32f030m_syscfg.o(i.SYSCFG_Lockup_Tim1BreakConfig), (36 bytes).
    Removing hk32f030m_syscfg.o(i.SYSCFG_MemoryRemapConfig), (40 bytes).
    Removing hk32f030m_tim.o(.rev16_text), (4 bytes).
    Removing hk32f030m_tim.o(.revsh_text), (4 bytes).
    Removing hk32f030m_tim.o(i.TI1_Config), (60 bytes).
    Removing hk32f030m_tim.o(i.TI2_Config), (80 bytes).
    Removing hk32f030m_tim.o(i.TI3_Config), (76 bytes).
    Removing hk32f030m_tim.o(i.TI4_Config), (84 bytes).
    Removing hk32f030m_tim.o(i.TIM_ARRPreloadConfig), (28 bytes).
    Removing hk32f030m_tim.o(i.TIM_BDTRConfig), (30 bytes).
    Removing hk32f030m_tim.o(i.TIM_BDTRStructInit), (18 bytes).
    Removing hk32f030m_tim.o(i.TIM_CCPreloadControl), (28 bytes).
    Removing hk32f030m_tim.o(i.TIM_CCxCmd), (34 bytes).
    Removing hk32f030m_tim.o(i.TIM_CCxNCmd), (34 bytes).
    Removing hk32f030m_tim.o(i.TIM_ClearFlag), (8 bytes).
    Removing hk32f030m_tim.o(i.TIM_ClearOC1Ref), (28 bytes).
    Removing hk32f030m_tim.o(i.TIM_ClearOC2Ref), (22 bytes).
    Removing hk32f030m_tim.o(i.TIM_ClearOC3Ref), (28 bytes).
    Removing hk32f030m_tim.o(i.TIM_ClearOC4Ref), (22 bytes).
    Removing hk32f030m_tim.o(i.TIM_CounterModeConfig), (28 bytes).
    Removing hk32f030m_tim.o(i.TIM_DeInit), (88 bytes).
    Removing hk32f030m_tim.o(i.TIM_ETRClockMode1Config), (52 bytes).
    Removing hk32f030m_tim.o(i.TIM_ETRClockMode2Config), (34 bytes).
    Removing hk32f030m_tim.o(i.TIM_ETRConfig), (26 bytes).
    Removing hk32f030m_tim.o(i.TIM_EncoderInterfaceConfig), (72 bytes).
    Removing hk32f030m_tim.o(i.TIM_ForcedOC1Config), (28 bytes).
    Removing hk32f030m_tim.o(i.TIM_ForcedOC2Config), (28 bytes).
    Removing hk32f030m_tim.o(i.TIM_ForcedOC3Config), (28 bytes).
    Removing hk32f030m_tim.o(i.TIM_ForcedOC4Config), (28 bytes).
    Removing hk32f030m_tim.o(i.TIM_GenerateEvent), (4 bytes).
    Removing hk32f030m_tim.o(i.TIM_GetCapture1), (6 bytes).
    Removing hk32f030m_tim.o(i.TIM_GetCapture2), (6 bytes).
    Removing hk32f030m_tim.o(i.TIM_GetCapture3), (6 bytes).
    Removing hk32f030m_tim.o(i.TIM_GetCapture4), (6 bytes).
    Removing hk32f030m_tim.o(i.TIM_GetCounter), (6 bytes).
    Removing hk32f030m_tim.o(i.TIM_GetFlagStatus), (20 bytes).
    Removing hk32f030m_tim.o(i.TIM_GetPrescaler), (8 bytes).
    Removing hk32f030m_tim.o(i.TIM_ICInit), (112 bytes).
    Removing hk32f030m_tim.o(i.TIM_ICStructInit), (18 bytes).
    Removing hk32f030m_tim.o(i.TIM_ITRxExternalClockConfig), (24 bytes).
    Removing hk32f030m_tim.o(i.TIM_InternalClockConfig), (16 bytes).
    Removing hk32f030m_tim.o(i.TIM_OC1FastConfig), (28 bytes).
    Removing hk32f030m_tim.o(i.TIM_OC1Init), (120 bytes).
    Removing hk32f030m_tim.o(i.TIM_OC1NPolarityConfig), (28 bytes).
    Removing hk32f030m_tim.o(i.TIM_OC1PolarityConfig), (28 bytes).
    Removing hk32f030m_tim.o(i.TIM_OC1PreloadConfig), (28 bytes).
    Removing hk32f030m_tim.o(i.TIM_OC2FastConfig), (28 bytes).
    Removing hk32f030m_tim.o(i.TIM_OC2NPolarityConfig), (28 bytes).
    Removing hk32f030m_tim.o(i.TIM_OC2PolarityConfig), (28 bytes).
    Removing hk32f030m_tim.o(i.TIM_OC2PreloadConfig), (28 bytes).
    Removing hk32f030m_tim.o(i.TIM_OC3FastConfig), (28 bytes).
    Removing hk32f030m_tim.o(i.TIM_OC3Init), (160 bytes).
    Removing hk32f030m_tim.o(i.TIM_OC3NPolarityConfig), (28 bytes).
    Removing hk32f030m_tim.o(i.TIM_OC3PolarityConfig), (28 bytes).
    Removing hk32f030m_tim.o(i.TIM_OC3PreloadConfig), (28 bytes).
    Removing hk32f030m_tim.o(i.TIM_OC4FastConfig), (28 bytes).
    Removing hk32f030m_tim.o(i.TIM_OC4Init), (120 bytes).
    Removing hk32f030m_tim.o(i.TIM_OC4PolarityConfig), (28 bytes).
    Removing hk32f030m_tim.o(i.TIM_OC4PreloadConfig), (28 bytes).
    Removing hk32f030m_tim.o(i.TIM_OCStructInit), (20 bytes).
    Removing hk32f030m_tim.o(i.TIM_PWMIConfig), (124 bytes).
    Removing hk32f030m_tim.o(i.TIM_PrescalerConfig), (6 bytes).
    Removing hk32f030m_tim.o(i.TIM_SelectCOM), (28 bytes).
    Removing hk32f030m_tim.o(i.TIM_SelectHallSensor), (28 bytes).
    Removing hk32f030m_tim.o(i.TIM_SelectInputTrigger), (28 bytes).
    Removing hk32f030m_tim.o(i.TIM_SelectMasterSlaveMode), (20 bytes).
    Removing hk32f030m_tim.o(i.TIM_SelectOCREFClear), (20 bytes).
    Removing hk32f030m_tim.o(i.TIM_SelectOCxM), (86 bytes).
    Removing hk32f030m_tim.o(i.TIM_SelectOnePulseMode), (20 bytes).
    Removing hk32f030m_tim.o(i.TIM_SelectOutputTrigger), (20 bytes).
    Removing hk32f030m_tim.o(i.TIM_SelectSlaveMode), (20 bytes).
    Removing hk32f030m_tim.o(i.TIM_SetAutoreload), (4 bytes).
    Removing hk32f030m_tim.o(i.TIM_SetClockDivision), (20 bytes).
    Removing hk32f030m_tim.o(i.TIM_SetCompare1), (4 bytes).
    Removing hk32f030m_tim.o(i.TIM_SetCompare3), (4 bytes).
    Removing hk32f030m_tim.o(i.TIM_SetCompare4), (4 bytes).
    Removing hk32f030m_tim.o(i.TIM_SetCounter), (4 bytes).
    Removing hk32f030m_tim.o(i.TIM_SetIC1Prescaler), (20 bytes).
    Removing hk32f030m_tim.o(i.TIM_SetIC2Prescaler), (24 bytes).
    Removing hk32f030m_tim.o(i.TIM_SetIC3Prescaler), (20 bytes).
    Removing hk32f030m_tim.o(i.TIM_SetIC4Prescaler), (24 bytes).
    Removing hk32f030m_tim.o(i.TIM_TIxExternalClockConfig), (58 bytes).
    Removing hk32f030m_tim.o(i.TIM_TimeBaseStructInit), (18 bytes).
    Removing hk32f030m_tim.o(i.TIM_UpdateDisableConfig), (28 bytes).
    Removing hk32f030m_tim.o(i.TIM_UpdateRequestConfig), (28 bytes).
    Removing hk32f030m_usart.o(.rev16_text), (4 bytes).
    Removing hk32f030m_usart.o(.revsh_text), (4 bytes).
    Removing hk32f030m_usart.o(i.USART_AddressDetectionConfig), (16 bytes).
    Removing hk32f030m_usart.o(i.USART_AutoBaudRateCmd), (28 bytes).
    Removing hk32f030m_usart.o(i.USART_AutoBaudRateConfig), (18 bytes).
    Removing hk32f030m_usart.o(i.USART_ClearITPendingBit), (18 bytes).
    Removing hk32f030m_usart.o(i.USART_ClockInit), (36 bytes).
    Removing hk32f030m_usart.o(i.USART_ClockStructInit), (12 bytes).
    Removing hk32f030m_usart.o(i.USART_DECmd), (28 bytes).
    Removing hk32f030m_usart.o(i.USART_DEPolarityConfig), (18 bytes).
    Removing hk32f030m_usart.o(i.USART_DataInvCmd), (28 bytes).
    Removing hk32f030m_usart.o(i.USART_DeInit), (36 bytes).
    Removing hk32f030m_usart.o(i.USART_DirectionModeCmd), (20 bytes).
    Removing hk32f030m_usart.o(i.USART_GetFlagStatus), (20 bytes).
    Removing hk32f030m_usart.o(i.USART_GetITStatus), (78 bytes).
    Removing hk32f030m_usart.o(i.USART_HalfDuplexCmd), (24 bytes).
    Removing hk32f030m_usart.o(i.USART_InvPinCmd), (20 bytes).
    Removing hk32f030m_usart.o(i.USART_IrDACmd), (24 bytes).
    Removing hk32f030m_usart.o(i.USART_IrDAConfig), (16 bytes).
    Removing hk32f030m_usart.o(i.USART_LINBreakDetectLengthConfig), (16 bytes).
    Removing hk32f030m_usart.o(i.USART_LINCmd), (28 bytes).
    Removing hk32f030m_usart.o(i.USART_MSBFirstCmd), (28 bytes).
    Removing hk32f030m_usart.o(i.USART_MuteModeCmd), (28 bytes).
    Removing hk32f030m_usart.o(i.USART_MuteModeWakeUpConfig), (18 bytes).
    Removing hk32f030m_usart.o(i.USART_OneBitMethodCmd), (28 bytes).
    Removing hk32f030m_usart.o(i.USART_OverSampling8Cmd), (28 bytes).
    Removing hk32f030m_usart.o(i.USART_OverrunDetectionConfig), (18 bytes).
    Removing hk32f030m_usart.o(i.USART_ReceiverTimeOutCmd), (28 bytes).
    Removing hk32f030m_usart.o(i.USART_RequestCmd), (20 bytes).
    Removing hk32f030m_usart.o(i.USART_STOPModeCmd), (24 bytes).
    Removing hk32f030m_usart.o(i.USART_SWAPPinCmd), (28 bytes).
    Removing hk32f030m_usart.o(i.USART_SendData), (8 bytes).
    Removing hk32f030m_usart.o(i.USART_SetAddress), (18 bytes).
    Removing hk32f030m_usart.o(i.USART_SetAutoRetryCount), (20 bytes).
    Removing hk32f030m_usart.o(i.USART_SetBlockLength), (18 bytes).
    Removing hk32f030m_usart.o(i.USART_SetDEAssertionTime), (20 bytes).
    Removing hk32f030m_usart.o(i.USART_SetDEDeassertionTime), (20 bytes).
    Removing hk32f030m_usart.o(i.USART_SetGuardTime), (16 bytes).
    Removing hk32f030m_usart.o(i.USART_SetPrescaler), (18 bytes).
    Removing hk32f030m_usart.o(i.USART_SetReceiverTimeOut), (16 bytes).
    Removing hk32f030m_usart.o(i.USART_SmartCardCmd), (24 bytes).
    Removing hk32f030m_usart.o(i.USART_SmartCardNACKCmd), (24 bytes).
    Removing hk32f030m_usart.o(i.USART_StopModeWakeUpSourceConfig), (18 bytes).
    Removing hk32f030m_usart.o(i.USART_StructInit), (24 bytes).

289 unused section(s) (total 9412 bytes) removed from the image.

==============================================================================

Image Symbol Table

    Local Symbols

    Symbol Name                              Value     Ov Type        Size  Object(Section)

    ../clib/microlib/division.c              0x00000000   Number         0  uidiv.o ABSOLUTE
    ../clib/microlib/init/entry.s            0x00000000   Number         0  entry5.o ABSOLUTE
    ../clib/microlib/init/entry.s            0x00000000   Number         0  entry11b.o ABSOLUTE
    ../clib/microlib/init/entry.s            0x00000000   Number         0  entry11a.o ABSOLUTE
    ../clib/microlib/init/entry.s            0x00000000   Number         0  entry9b.o ABSOLUTE
    ../clib/microlib/init/entry.s            0x00000000   Number         0  entry10b.o ABSOLUTE
    ../clib/microlib/init/entry.s            0x00000000   Number         0  entry2.o ABSOLUTE
    ../clib/microlib/init/entry.s            0x00000000   Number         0  entry10a.o ABSOLUTE
    ../clib/microlib/init/entry.s            0x00000000   Number         0  entry9a.o ABSOLUTE
    ../clib/microlib/init/entry.s            0x00000000   Number         0  entry8b.o ABSOLUTE
    ../clib/microlib/init/entry.s            0x00000000   Number         0  entry8a.o ABSOLUTE
    ../clib/microlib/init/entry.s            0x00000000   Number         0  entry7b.o ABSOLUTE
    ../clib/microlib/init/entry.s            0x00000000   Number         0  entry7a.o ABSOLUTE
    ../clib/microlib/init/entry.s            0x00000000   Number         0  entry.o ABSOLUTE
    ../clib/microlib/longlong.c              0x00000000   Number         0  llsshr.o ABSOLUTE
    ../clib/microlib/longlong.c              0x00000000   Number         0  llushr.o ABSOLUTE
    ../clib/microlib/longlong.c              0x00000000   Number         0  llshl.o ABSOLUTE
    ../clib/microlib/string/memcpy.c         0x00000000   Number         0  memcpyb.o ABSOLUTE
    ../clib/microlib/string/memcpy.c         0x00000000   Number         0  memcpya.o ABSOLUTE
    ../clib/microlib/stubs.s                 0x00000000   Number         0  iusefp.o ABSOLUTE
    ../fplib/microlib/d2f.c                  0x00000000   Number         0  d2f.o ABSOLUTE
    ../fplib/microlib/f2d.c                  0x00000000   Number         0  f2d.o ABSOLUTE
    ../fplib/microlib/fpadd.c                0x00000000   Number         0  fadd.o ABSOLUTE
    ../fplib/microlib/fpadd.c                0x00000000   Number         0  dadd.o ABSOLUTE
    ../fplib/microlib/fpdiv.c                0x00000000   Number         0  fdiv.o ABSOLUTE
    ../fplib/microlib/fpepilogue.c           0x00000000   Number         0  depilogue.o ABSOLUTE
    ../fplib/microlib/fpepilogue.c           0x00000000   Number         0  fepilogue.o ABSOLUTE
    ../fplib/microlib/fpfix.c                0x00000000   Number         0  ffixui.o ABSOLUTE
    ../fplib/microlib/fpfix.c                0x00000000   Number         0  dfixui.o ABSOLUTE
    ../fplib/microlib/fpflt.c                0x00000000   Number         0  dfltui.o ABSOLUTE
    ../fplib/microlib/fpflt.c                0x00000000   Number         0  fflti.o ABSOLUTE
    ../fplib/microlib/fpmul.c                0x00000000   Number         0  fmul.o ABSOLUTE
    ../fplib/microlib/fpmul.c                0x00000000   Number         0  dmul.o ABSOLUTE
    ..\..\Code\App\crc.c                     0x00000000   Number         0  crc.o ABSOLUTE
    ..\..\Code\App\flag_bit.c                0x00000000   Number         0  flag_bit.o ABSOLUTE
    ..\..\Code\App\task.c                    0x00000000   Number         0  task.o ABSOLUTE
    ..\..\Code\App\test.c                    0x00000000   Number         0  test.o ABSOLUTE
    ..\..\Code\App\vesc_uasrt.c              0x00000000   Number         0  vesc_uasrt.o ABSOLUTE
    ..\..\Code\App\ws2812.c                  0x00000000   Number         0  ws2812.o ABSOLUTE
    ..\..\Code\Drive\adc.c                   0x00000000   Number         0  adc.o ABSOLUTE
    ..\..\Code\Drive\buzzer.c                0x00000000   Number         0  buzzer.o ABSOLUTE
    ..\..\Code\Drive\io_ws2812.c             0x00000000   Number         0  io_ws2812.o ABSOLUTE
    ..\..\Code\Drive\iwdg.c                  0x00000000   Number         0  iwdg.o ABSOLUTE
    ..\..\Code\Drive\key.c                   0x00000000   Number         0  key.o ABSOLUTE
    ..\..\Code\Drive\led.c                   0x00000000   Number         0  led.o ABSOLUTE
    ..\..\Code\Drive\led_pwm.c               0x00000000   Number         0  led_pwm.o ABSOLUTE
    ..\..\Code\Drive\power.c                 0x00000000   Number         0  power.o ABSOLUTE
    ..\..\Code\Drive\spi.c                   0x00000000   Number         0  spi.o ABSOLUTE
    ..\..\Code\Drive\time.c                  0x00000000   Number         0  time.o ABSOLUTE
    ..\..\Code\Drive\usart.c                 0x00000000   Number         0  usart.o ABSOLUTE
    ..\..\Code\User\hk32f030m_it.c           0x00000000   Number         0  hk32f030m_it.o ABSOLUTE
    ..\..\Code\User\main.c                   0x00000000   Number         0  main.o ABSOLUTE
    ..\..\Library\HK32F030Mxx_Library_V1.1.6\HK32F030M\CMSIS\HK32F030M\Source\ARM\KEIL_Startup_hk32f030m.s 0x00000000   Number         0  keil_startup_hk32f030m.o ABSOLUTE
    ..\..\Library\HK32F030Mxx_Library_V1.1.6\HK32F030M\CMSIS\HK32F030M\Source\system_hk32f030m.c 0x00000000   Number         0  system_hk32f030m.o ABSOLUTE
    ..\..\Library\HK32F030Mxx_Library_V1.1.6\HK32F030M\HK32F030M_Lib\src\hk32f030m_adc.c 0x00000000   Number         0  hk32f030m_adc.o ABSOLUTE
    ..\..\Library\HK32F030Mxx_Library_V1.1.6\HK32F030M\HK32F030M_Lib\src\hk32f030m_gpio.c 0x00000000   Number         0  hk32f030m_gpio.o ABSOLUTE
    ..\..\Library\HK32F030Mxx_Library_V1.1.6\HK32F030M\HK32F030M_Lib\src\hk32f030m_iwdg.c 0x00000000   Number         0  hk32f030m_iwdg.o ABSOLUTE
    ..\..\Library\HK32F030Mxx_Library_V1.1.6\HK32F030M\HK32F030M_Lib\src\hk32f030m_misc.c 0x00000000   Number         0  hk32f030m_misc.o ABSOLUTE
    ..\..\Library\HK32F030Mxx_Library_V1.1.6\HK32F030M\HK32F030M_Lib\src\hk32f030m_rcc.c 0x00000000   Number         0  hk32f030m_rcc.o ABSOLUTE
    ..\..\Library\HK32F030Mxx_Library_V1.1.6\HK32F030M\HK32F030M_Lib\src\hk32f030m_spi.c 0x00000000   Number         0  hk32f030m_spi.o ABSOLUTE
    ..\..\Library\HK32F030Mxx_Library_V1.1.6\HK32F030M\HK32F030M_Lib\src\hk32f030m_syscfg.c 0x00000000   Number         0  hk32f030m_syscfg.o ABSOLUTE
    ..\..\Library\HK32F030Mxx_Library_V1.1.6\HK32F030M\HK32F030M_Lib\src\hk32f030m_tim.c 0x00000000   Number         0  hk32f030m_tim.o ABSOLUTE
    ..\..\Library\HK32F030Mxx_Library_V1.1.6\HK32F030M\HK32F030M_Lib\src\hk32f030m_usart.c 0x00000000   Number         0  hk32f030m_usart.o ABSOLUTE
    ..\\..\\Code\\App\\flag_bit.c            0x00000000   Number         0  flag_bit.o ABSOLUTE
    ..\\..\\Code\\App\\task.c                0x00000000   Number         0  task.o ABSOLUTE
    ..\\..\\Code\\App\\test.c                0x00000000   Number         0  test.o ABSOLUTE
    ..\\..\\Code\\App\\vesc_uasrt.c          0x00000000   Number         0  vesc_uasrt.o ABSOLUTE
    ..\\..\\Code\\App\\ws2812.c              0x00000000   Number         0  ws2812.o ABSOLUTE
    ..\\..\\Code\\Drive\\adc.c               0x00000000   Number         0  adc.o ABSOLUTE
    ..\\..\\Code\\Drive\\buzzer.c            0x00000000   Number         0  buzzer.o ABSOLUTE
    ..\\..\\Code\\Drive\\io_ws2812.c         0x00000000   Number         0  io_ws2812.o ABSOLUTE
    ..\\..\\Code\\Drive\\iwdg.c              0x00000000   Number         0  iwdg.o ABSOLUTE
    ..\\..\\Code\\Drive\\key.c               0x00000000   Number         0  key.o ABSOLUTE
    ..\\..\\Code\\Drive\\led.c               0x00000000   Number         0  led.o ABSOLUTE
    ..\\..\\Code\\Drive\\led_pwm.c           0x00000000   Number         0  led_pwm.o ABSOLUTE
    ..\\..\\Code\\Drive\\power.c             0x00000000   Number         0  power.o ABSOLUTE
    ..\\..\\Code\\Drive\\spi.c               0x00000000   Number         0  spi.o ABSOLUTE
    ..\\..\\Code\\Drive\\time.c              0x00000000   Number         0  time.o ABSOLUTE
    ..\\..\\Code\\Drive\\usart.c             0x00000000   Number         0  usart.o ABSOLUTE
    ..\\..\\Code\\User\\hk32f030m_it.c       0x00000000   Number         0  hk32f030m_it.o ABSOLUTE
    ..\\..\\Code\\User\\main.c               0x00000000   Number         0  main.o ABSOLUTE
    ..\\..\\Library\\HK32F030Mxx_Library_V1.1.6\\HK32F030M\\CMSIS\\HK32F030M\\Source\\system_hk32f030m.c 0x00000000   Number         0  system_hk32f030m.o ABSOLUTE
    ..\\..\\Library\\HK32F030Mxx_Library_V1.1.6\\HK32F030M\\HK32F030M_Lib\\src\\hk32f030m_adc.c 0x00000000   Number         0  hk32f030m_adc.o ABSOLUTE
    ..\\..\\Library\\HK32F030Mxx_Library_V1.1.6\\HK32F030M\\HK32F030M_Lib\\src\\hk32f030m_gpio.c 0x00000000   Number         0  hk32f030m_gpio.o ABSOLUTE
    ..\\..\\Library\\HK32F030Mxx_Library_V1.1.6\\HK32F030M\\HK32F030M_Lib\\src\\hk32f030m_iwdg.c 0x00000000   Number         0  hk32f030m_iwdg.o ABSOLUTE
    ..\\..\\Library\\HK32F030Mxx_Library_V1.1.6\\HK32F030M\\HK32F030M_Lib\\src\\hk32f030m_misc.c 0x00000000   Number         0  hk32f030m_misc.o ABSOLUTE
    ..\\..\\Library\\HK32F030Mxx_Library_V1.1.6\\HK32F030M\\HK32F030M_Lib\\src\\hk32f030m_rcc.c 0x00000000   Number         0  hk32f030m_rcc.o ABSOLUTE
    ..\\..\\Library\\HK32F030Mxx_Library_V1.1.6\\HK32F030M\\HK32F030M_Lib\\src\\hk32f030m_spi.c 0x00000000   Number         0  hk32f030m_spi.o ABSOLUTE
    ..\\..\\Library\\HK32F030Mxx_Library_V1.1.6\\HK32F030M\\HK32F030M_Lib\\src\\hk32f030m_syscfg.c 0x00000000   Number         0  hk32f030m_syscfg.o ABSOLUTE
    ..\\..\\Library\\HK32F030Mxx_Library_V1.1.6\\HK32F030M\\HK32F030M_Lib\\src\\hk32f030m_tim.c 0x00000000   Number         0  hk32f030m_tim.o ABSOLUTE
    ..\\..\\Library\\HK32F030Mxx_Library_V1.1.6\\HK32F030M\\HK32F030M_Lib\\src\\hk32f030m_usart.c 0x00000000   Number         0  hk32f030m_usart.o ABSOLUTE
    cdcmple.s                                0x00000000   Number         0  cdcmple.o ABSOLUTE
    cdrcmple.s                               0x00000000   Number         0  cdrcmple.o ABSOLUTE
    cfcmple.s                                0x00000000   Number         0  cfcmple.o ABSOLUTE
    cfrcmple.s                               0x00000000   Number         0  cfrcmple.o ABSOLUTE
    dc.s                                     0x00000000   Number         0  dc.o ABSOLUTE
    handlers.s                               0x00000000   Number         0  handlers.o ABSOLUTE
    init.s                                   0x00000000   Number         0  init.o ABSOLUTE
    RESET                                    0x08000000   Section      192  keil_startup_hk32f030m.o(RESET)
    .ARM.Collect$$$$00000000                 0x080000c0   Section        0  entry.o(.ARM.Collect$$$$00000000)
    .ARM.Collect$$$$00000001                 0x080000c0   Section        4  entry2.o(.ARM.Collect$$$$00000001)
    .ARM.Collect$$$$00000004                 0x080000c4   Section        4  entry5.o(.ARM.Collect$$$$00000004)
    .ARM.Collect$$$$00000008                 0x080000c8   Section        0  entry7b.o(.ARM.Collect$$$$00000008)
    .ARM.Collect$$$$0000000A                 0x080000c8   Section        0  entry8b.o(.ARM.Collect$$$$0000000A)
    .ARM.Collect$$$$0000000B                 0x080000c8   Section        8  entry9a.o(.ARM.Collect$$$$0000000B)
    .ARM.Collect$$$$0000000D                 0x080000d0   Section        0  entry10a.o(.ARM.Collect$$$$0000000D)
    .ARM.Collect$$$$0000000F                 0x080000d0   Section        0  entry11a.o(.ARM.Collect$$$$0000000F)
    .ARM.Collect$$$$00002712                 0x080000d0   Section        4  entry2.o(.ARM.Collect$$$$00002712)
    __lit__00000000                          0x080000d0   Data           4  entry2.o(.ARM.Collect$$$$00002712)
    .text                                    0x080000d4   Section       28  keil_startup_hk32f030m.o(.text)
    .text                                    0x080000f0   Section        0  uidiv.o(.text)
    .text                                    0x0800011c   Section        0  memcpya.o(.text)
    .text                                    0x08000140   Section        0  fadd.o(.text)
    .text                                    0x080001f2   Section        0  fmul.o(.text)
    .text                                    0x0800026c   Section        0  fdiv.o(.text)
    .text                                    0x080002e8   Section        0  dadd.o(.text)
    .text                                    0x0800044c   Section        0  dmul.o(.text)
    .text                                    0x0800051c   Section        0  fflti.o(.text)
    .text                                    0x08000534   Section        0  dfltui.o(.text)
    .text                                    0x08000550   Section        0  ffixui.o(.text)
    .text                                    0x08000578   Section        0  dfixui.o(.text)
    .text                                    0x080005b4   Section        0  f2d.o(.text)
    .text                                    0x080005dc   Section       40  cdcmple.o(.text)
    .text                                    0x08000604   Section       40  cdrcmple.o(.text)
    .text                                    0x0800062c   Section        0  d2f.o(.text)
    .text                                    0x08000664   Section       20  cfcmple.o(.text)
    .text                                    0x08000678   Section       20  cfrcmple.o(.text)
    .text                                    0x0800068c   Section        0  llshl.o(.text)
    .text                                    0x080006ac   Section        0  llushr.o(.text)
    .text                                    0x080006ce   Section        0  llsshr.o(.text)
    .text                                    0x080006f4   Section        0  iusefp.o(.text)
    .text                                    0x080006f4   Section        0  fepilogue.o(.text)
    .text                                    0x08000776   Section        0  depilogue.o(.text)
    .text                                    0x08000834   Section       36  init.o(.text)
    i.ADC1_Init                              0x08000858   Section        0  adc.o(i.ADC1_Init)
    i.ADC_ChannelConfig                      0x080008f8   Section        0  hk32f030m_adc.o(i.ADC_ChannelConfig)
    i.ADC_ClearFlag                          0x0800090c   Section        0  hk32f030m_adc.o(i.ADC_ClearFlag)
    i.ADC_Cmd                                0x08000910   Section        0  hk32f030m_adc.o(i.ADC_Cmd)
    i.ADC_DeInit                             0x08000928   Section        0  hk32f030m_adc.o(i.ADC_DeInit)
    i.ADC_GetConversionValue                 0x08000948   Section        0  hk32f030m_adc.o(i.ADC_GetConversionValue)
    i.ADC_GetFlagStatus                      0x08000950   Section        0  hk32f030m_adc.o(i.ADC_GetFlagStatus)
    i.ADC_Init                               0x08000980   Section        0  hk32f030m_adc.o(i.ADC_Init)
    i.ADC_StartOfConversion                  0x080009a8   Section        0  hk32f030m_adc.o(i.ADC_StartOfConversion)
    i.ADC_StopOfConversion                   0x080009b2   Section        0  hk32f030m_adc.o(i.ADC_StopOfConversion)
    i.ADC_StructInit                         0x080009bc   Section        0  hk32f030m_adc.o(i.ADC_StructInit)
    i.ADC_Task                               0x080009cc   Section        0  task.o(i.ADC_Task)
    i.Buzzer_Init                            0x08000aa4   Section        0  buzzer.o(i.Buzzer_Init)
    i.Buzzer_Ring                            0x08000ad8   Section        0  buzzer.o(i.Buzzer_Ring)
    i.Buzzer_Scan                            0x08000ae4   Section        0  buzzer.o(i.Buzzer_Scan)
    i.Buzzer_Task                            0x08000b2c   Section        0  task.o(i.Buzzer_Task)
    i.Conditional_Judgment                   0x08000c8c   Section        0  task.o(i.Conditional_Judgment)
    i.Flashlight_Bright                      0x080013e0   Section        0  task.o(i.Flashlight_Bright)
    i.Flashlight_Detection                   0x08001628   Section        0  task.o(i.Flashlight_Detection)
    i.Flashlight_Task                        0x080017ac   Section        0  task.o(i.Flashlight_Task)
    i.GPIO_Init                              0x080018c8   Section        0  hk32f030m_gpio.o(i.GPIO_Init)
    i.GPIO_PinAFConfig                       0x0800196e   Section        0  hk32f030m_gpio.o(i.GPIO_PinAFConfig)
    i.Get_Vesc_Pack_Data                     0x080019b2   Section        0  vesc_uasrt.o(i.Get_Vesc_Pack_Data)
    i.HardFault_Handler                      0x080019c2   Section        0  hk32f030m_it.o(i.HardFault_Handler)
    i.IO_WS2812_Init                         0x080019c8   Section        0  io_ws2812.o(i.IO_WS2812_Init)
    i.IWDG_Enable                            0x080019fc   Section        0  hk32f030m_iwdg.o(i.IWDG_Enable)
    i.IWDG_Init                              0x08001a0c   Section        0  iwdg.o(i.IWDG_Init)
    i.IWDG_ReloadCounter                     0x08001a30   Section        0  hk32f030m_iwdg.o(i.IWDG_ReloadCounter)
    i.IWDG_SetPrescaler                      0x08001a40   Section        0  hk32f030m_iwdg.o(i.IWDG_SetPrescaler)
    i.IWDG_SetReload                         0x08001a4c   Section        0  hk32f030m_iwdg.o(i.IWDG_SetReload)
    i.IWDG_WriteAccessCmd                    0x08001a58   Section        0  hk32f030m_iwdg.o(i.IWDG_WriteAccessCmd)
    i.KEY1_Scan                              0x08001a64   Section        0  key.o(i.KEY1_Scan)
    i.KEY1_Task                              0x08001bc8   Section        0  task.o(i.KEY1_Task)
    i.KEY_Init                               0x08001c70   Section        0  key.o(i.KEY_Init)
    i.LED_Init                               0x08001c98   Section        0  led.o(i.LED_Init)
    i.LED_PWM_Init                           0x08001d20   Section        0  led_pwm.o(i.LED_PWM_Init)
    i.LED_Task                               0x08001dc4   Section        0  task.o(i.LED_Task)
    i.NMI_Handler                            0x08001dec   Section        0  hk32f030m_it.o(i.NMI_Handler)
    i.NVIC_Init                              0x08001df0   Section        0  hk32f030m_misc.o(i.NVIC_Init)
    i.PendSV_Handler                         0x08001e60   Section        0  hk32f030m_it.o(i.PendSV_Handler)
    i.Power_Display                          0x08001e64   Section        0  task.o(i.Power_Display)
    i.Power_Init                             0x080020b0   Section        0  power.o(i.Power_Init)
    i.Power_Task                             0x080020e4   Section        0  task.o(i.Power_Task)
    i.Protocol_Parse                         0x08002194   Section        0  vesc_uasrt.o(i.Protocol_Parse)
    i.RCC_AHBPeriphClockCmd                  0x080022b8   Section        0  hk32f030m_rcc.o(i.RCC_AHBPeriphClockCmd)
    i.RCC_APB1PeriphClockCmd                 0x080022d8   Section        0  hk32f030m_rcc.o(i.RCC_APB1PeriphClockCmd)
    i.RCC_APB2PeriphClockCmd                 0x080022f8   Section        0  hk32f030m_rcc.o(i.RCC_APB2PeriphClockCmd)
    i.RCC_APB2PeriphResetCmd                 0x08002318   Section        0  hk32f030m_rcc.o(i.RCC_APB2PeriphResetCmd)
    i.RCC_GetClocksFreq                      0x08002338   Section        0  hk32f030m_rcc.o(i.RCC_GetClocksFreq)
    i.Read_ADC_Value                         0x08002464   Section        0  adc.o(i.Read_ADC_Value)
    i.SVC_Handler                            0x080024e0   Section        0  hk32f030m_it.o(i.SVC_Handler)
    i.Send_Pack_Data                         0x080024e4   Section        0  vesc_uasrt.o(i.Send_Pack_Data)
    i.SetSysClock                            0x08002578   Section        0  system_hk32f030m.o(i.SetSysClock)
    SetSysClock                              0x08002579   Thumb Code    70  system_hk32f030m.o(i.SetSysClock)
    i.SetSysClockToHSI_32M                   0x080025cc   Section        0  system_hk32f030m.o(i.SetSysClockToHSI_32M)
    SetSysClockToHSI_32M                     0x080025cd   Thumb Code   220  system_hk32f030m.o(i.SetSysClockToHSI_32M)
    i.SysTick_Handler                        0x080026b4   Section        0  hk32f030m_it.o(i.SysTick_Handler)
    i.SystemInit                             0x080026b8   Section        0  system_hk32f030m.o(i.SystemInit)
    i.TIM6_IRQHandler                        0x080026fc   Section        0  hk32f030m_it.o(i.TIM6_IRQHandler)
    i.TIM_ClearITPendingBit                  0x080027d8   Section        0  hk32f030m_tim.o(i.TIM_ClearITPendingBit)
    i.TIM_Cmd                                0x080027e0   Section        0  hk32f030m_tim.o(i.TIM_Cmd)
    i.TIM_CtrlPWMOutputs                     0x080027fc   Section        0  hk32f030m_tim.o(i.TIM_CtrlPWMOutputs)
    i.TIM_GetITStatus                        0x08002816   Section        0  hk32f030m_tim.o(i.TIM_GetITStatus)
    i.TIM_ITConfig                           0x0800283c   Section        0  hk32f030m_tim.o(i.TIM_ITConfig)
    i.TIM_OC2Init                            0x08002858   Section        0  hk32f030m_tim.o(i.TIM_OC2Init)
    i.TIM_SetCompare2                        0x08002900   Section        0  hk32f030m_tim.o(i.TIM_SetCompare2)
    i.TIM_TimeBaseInit                       0x08002904   Section        0  hk32f030m_tim.o(i.TIM_TimeBaseInit)
    i.Time6_Init                             0x08002958   Section        0  time.o(i.Time6_Init)
    i.USART1_IRQHandler                      0x080029a8   Section        0  hk32f030m_it.o(i.USART1_IRQHandler)
    i.USART1_Init                            0x08002a30   Section        0  usart.o(i.USART1_Init)
    i.USART1_Send_Byte                       0x08002aec   Section        0  usart.o(i.USART1_Send_Byte)
    i.USART1_Send_Bytes                      0x08002b04   Section        0  usart.o(i.USART1_Send_Bytes)
    i.USART_ClearFlag                        0x08002b1e   Section        0  hk32f030m_usart.o(i.USART_ClearFlag)
    i.USART_Cmd                              0x08002b22   Section        0  hk32f030m_usart.o(i.USART_Cmd)
    i.USART_ITConfig                         0x08002b3a   Section        0  hk32f030m_usart.o(i.USART_ITConfig)
    i.USART_Init                             0x08002b7c   Section        0  hk32f030m_usart.o(i.USART_Init)
    i.USART_ReceiveData                      0x08002c54   Section        0  hk32f030m_usart.o(i.USART_ReceiveData)
    i.Usart_Task                             0x08002c60   Section        0  task.o(i.Usart_Task)
    i.WS2812                                 0x08002d4c   Section        0  task.o(i.WS2812)
    i.WS2812_0_Code                          0x08002e2c   Section        0  io_ws2812.o(i.WS2812_0_Code)
    i.WS2812_1_Code                          0x08002e40   Section        0  io_ws2812.o(i.WS2812_1_Code)
    i.WS2812_Boot                            0x08002e5c   Section        0  task.o(i.WS2812_Boot)
    i.WS2812_Cal_Bri                         0x080030ec   Section        0  task.o(i.WS2812_Cal_Bri)
    i.WS2812_Charge                          0x08003130   Section        0  task.o(i.WS2812_Charge)
    i.WS2812_Init                            0x08003388   Section        0  ws2812.o(i.WS2812_Init)
    i.WS2812_Refresh                         0x080033c4   Section        0  ws2812.o(i.WS2812_Refresh)
    i.WS2812_Set_Colour                      0x08003410   Section        0  ws2812.o(i.WS2812_Set_Colour)
    i.WS2812_Task                            0x080034ac   Section        0  task.o(i.WS2812_Task)
    i.__ARM_clz                              0x080035b0   Section        0  depilogue.o(i.__ARM_clz)
    i.__ARM_common_switch8                   0x080035de   Section        0  test.o(i.__ARM_common_switch8)
    i.__scatterload_copy                     0x080035fa   Section       14  handlers.o(i.__scatterload_copy)
    i.__scatterload_null                     0x08003608   Section        2  handlers.o(i.__scatterload_null)
    i.__scatterload_zeroinit                 0x0800360a   Section       14  handlers.o(i.__scatterload_zeroinit)
    i.buffer_get_float16                     0x08003618   Section        0  vesc_uasrt.o(i.buffer_get_float16)
    i.buffer_get_float32                     0x08003638   Section        0  vesc_uasrt.o(i.buffer_get_float32)
    i.buffer_get_int16                       0x08003658   Section        0  vesc_uasrt.o(i.buffer_get_int16)
    i.buffer_get_int32                       0x08003674   Section        0  vesc_uasrt.o(i.buffer_get_int32)
    i.crc16                                  0x080036a4   Section        0  crc.o(i.crc16)
    i.delay                                  0x080036d0   Section        0  ws2812.o(i.delay)
    i.main                                   0x080036e0   Section        0  main.o(i.main)
    .constdata                               0x08003778   Section      512  crc.o(.constdata)
    .constdata                               0x08003978   Section       40  hk32f030m_rcc.o(.constdata)
    .data                                    0x20000000   Section        2  hk32f030m_it.o(.data)
    count                                    0x20000001   Data           1  hk32f030m_it.o(.data)
    .data                                    0x20000002   Section        2  ws2812.o(.data)
    .data                                    0x20000004   Section        1  vesc_uasrt.o(.data)
    .data                                    0x20000008   Section       32  task.o(.data)
    cnt                                      0x2000000b   Data           1  task.o(.data)
    power_flag_last                          0x2000000c   Data           1  task.o(.data)
    power_step                               0x2000000d   Data           1  task.o(.data)
    charge_step                              0x2000000e   Data           1  task.o(.data)
    flashlight_bright_step                   0x2000000f   Data           1  task.o(.data)
    flashlight_flag_last                     0x20000010   Data           1  task.o(.data)
    lock                                     0x20000011   Data           1  task.o(.data)
    gear_position_last                       0x20000012   Data           1  task.o(.data)
    lock                                     0x20000013   Data           1  task.o(.data)
    buzzer_step                              0x20000014   Data           1  task.o(.data)
    gear_position_last                       0x20000015   Data           1  task.o(.data)
    ring_frequency                           0x20000016   Data           1  task.o(.data)
    sound_frequency                          0x20000018   Data           2  task.o(.data)
    usart_step                               0x2000001a   Data           1  task.o(.data)
    adc_step                                 0x2000001b   Data           1  task.o(.data)
    adc_charge_sum_ave                       0x2000001c   Data           2  task.o(.data)
    adc1_val_sum_ave                         0x2000001e   Data           2  task.o(.data)
    adc2_val_sum_ave                         0x20000020   Data           2  task.o(.data)
    battery_voltage_last                     0x20000024   Data           4  task.o(.data)
    .data                                    0x20000028   Section       58  flag_bit.o(.data)
    .data                                    0x20000062   Section        2  led.o(.data)
    .data                                    0x20000064   Section        8  key.o(.data)
    key1_st                                  0x20000065   Data           1  key.o(.data)
    key1_cnt                                 0x20000066   Data           2  key.o(.data)
    key1_cnt_2                               0x20000068   Data           2  key.o(.data)
    key1_num                                 0x2000006a   Data           2  key.o(.data)
    .data                                    0x2000006c   Section        3  buzzer.o(.data)
    buzzer_lock                              0x2000006e   Data           1  buzzer.o(.data)
    .bss                                     0x20000070   Section      240  ws2812.o(.bss)
    .bss                                     0x20000160   Section      556  vesc_uasrt.o(.bss)
    STACK                                    0x20000390   Section      512  keil_startup_hk32f030m.o(STACK)

    Global Symbols

    Symbol Name                              Value     Ov Type        Size  Object(Section)

    BuildAttributes$$THM_ISAv3M$S$PE$A:L22$X:L11$S22$IEEE1$IW$USESV6$~STKCKD$USESV7$~SHL$OTIME$ROPI$EBA8$MICROLIB$REQ8$PRES8$EABIv2 0x00000000   Number         0  anon$$obj.o ABSOLUTE
    __ARM_use_no_argv                        0x00000000   Number         0  main.o ABSOLUTE
    __cpp_initialize__aeabi_                  - Undefined Weak Reference
    __cxa_finalize                            - Undefined Weak Reference
    __decompress                              - Undefined Weak Reference
    _clock_init                               - Undefined Weak Reference
    _microlib_exit                            - Undefined Weak Reference
    __Vectors_Size                           0x000000c0   Number         0  keil_startup_hk32f030m.o ABSOLUTE
    __Vectors                                0x08000000   Data           4  keil_startup_hk32f030m.o(RESET)
    __Vectors_End                            0x080000c0   Data           0  keil_startup_hk32f030m.o(RESET)
    __main                                   0x080000c1   Thumb Code     0  entry.o(.ARM.Collect$$$$00000000)
    _main_stk                                0x080000c1   Thumb Code     0  entry2.o(.ARM.Collect$$$$00000001)
    _main_scatterload                        0x080000c5   Thumb Code     0  entry5.o(.ARM.Collect$$$$00000004)
    __main_after_scatterload                 0x080000c9   Thumb Code     0  entry5.o(.ARM.Collect$$$$00000004)
    _main_clock                              0x080000c9   Thumb Code     0  entry7b.o(.ARM.Collect$$$$00000008)
    _main_cpp_init                           0x080000c9   Thumb Code     0  entry8b.o(.ARM.Collect$$$$0000000A)
    _main_init                               0x080000c9   Thumb Code     0  entry9a.o(.ARM.Collect$$$$0000000B)
    __rt_final_cpp                           0x080000d1   Thumb Code     0  entry10a.o(.ARM.Collect$$$$0000000D)
    __rt_final_exit                          0x080000d1   Thumb Code     0  entry11a.o(.ARM.Collect$$$$0000000F)
    Reset_Handler                            0x080000d5   Thumb Code     8  keil_startup_hk32f030m.o(.text)
    ADC1_IRQHandler                          0x080000e7   Thumb Code     0  keil_startup_hk32f030m.o(.text)
    EXTI0_IRQHandler                         0x080000e7   Thumb Code     0  keil_startup_hk32f030m.o(.text)
    EXTI11_IRQHandler                        0x080000e7   Thumb Code     0  keil_startup_hk32f030m.o(.text)
    EXTI1_IRQHandler                         0x080000e7   Thumb Code     0  keil_startup_hk32f030m.o(.text)
    EXTI2_IRQHandler                         0x080000e7   Thumb Code     0  keil_startup_hk32f030m.o(.text)
    EXTI3_IRQHandler                         0x080000e7   Thumb Code     0  keil_startup_hk32f030m.o(.text)
    EXTI4_IRQHandler                         0x080000e7   Thumb Code     0  keil_startup_hk32f030m.o(.text)
    EXTI5_IRQHandler                         0x080000e7   Thumb Code     0  keil_startup_hk32f030m.o(.text)
    EXTI6_IRQHandler                         0x080000e7   Thumb Code     0  keil_startup_hk32f030m.o(.text)
    EXTI7_IRQHandler                         0x080000e7   Thumb Code     0  keil_startup_hk32f030m.o(.text)
    FLASH_IRQHandler                         0x080000e7   Thumb Code     0  keil_startup_hk32f030m.o(.text)
    I2C1_IRQHandler                          0x080000e7   Thumb Code     0  keil_startup_hk32f030m.o(.text)
    RCC_IRQHandler                           0x080000e7   Thumb Code     0  keil_startup_hk32f030m.o(.text)
    SPI1_IRQHandler                          0x080000e7   Thumb Code     0  keil_startup_hk32f030m.o(.text)
    TIM1_BRK_IRQHandler                      0x080000e7   Thumb Code     0  keil_startup_hk32f030m.o(.text)
    TIM1_CC_IRQHandler                       0x080000e7   Thumb Code     0  keil_startup_hk32f030m.o(.text)
    TIM1_UP_TRG_COM_IRQHandler               0x080000e7   Thumb Code     0  keil_startup_hk32f030m.o(.text)
    TIM2_IRQHandler                          0x080000e7   Thumb Code     0  keil_startup_hk32f030m.o(.text)
    WWDG_IRQHandler                          0x080000e7   Thumb Code     0  keil_startup_hk32f030m.o(.text)
    __aeabi_uidiv                            0x080000f1   Thumb Code     0  uidiv.o(.text)
    __aeabi_uidivmod                         0x080000f1   Thumb Code    44  uidiv.o(.text)
    __aeabi_memcpy                           0x0800011d   Thumb Code    36  memcpya.o(.text)
    __aeabi_memcpy4                          0x0800011d   Thumb Code     0  memcpya.o(.text)
    __aeabi_memcpy8                          0x0800011d   Thumb Code     0  memcpya.o(.text)
    __aeabi_fadd                             0x08000141   Thumb Code   162  fadd.o(.text)
    __aeabi_fsub                             0x080001e3   Thumb Code     8  fadd.o(.text)
    __aeabi_frsub                            0x080001eb   Thumb Code     8  fadd.o(.text)
    __aeabi_fmul                             0x080001f3   Thumb Code   122  fmul.o(.text)
    __aeabi_fdiv                             0x0800026d   Thumb Code   124  fdiv.o(.text)
    __aeabi_dadd                             0x080002e9   Thumb Code   328  dadd.o(.text)
    __aeabi_dsub                             0x08000431   Thumb Code    12  dadd.o(.text)
    __aeabi_drsub                            0x0800043d   Thumb Code    12  dadd.o(.text)
    __aeabi_dmul                             0x0800044d   Thumb Code   202  dmul.o(.text)
    __aeabi_i2f                              0x0800051d   Thumb Code    22  fflti.o(.text)
    __aeabi_ui2d                             0x08000535   Thumb Code    24  dfltui.o(.text)
    __aeabi_f2uiz                            0x08000551   Thumb Code    40  ffixui.o(.text)
    __aeabi_d2uiz                            0x08000579   Thumb Code    50  dfixui.o(.text)
    __aeabi_f2d                              0x080005b5   Thumb Code    40  f2d.o(.text)
    __aeabi_cdcmpeq                          0x080005dd   Thumb Code     0  cdcmple.o(.text)
    __aeabi_cdcmple                          0x080005dd   Thumb Code    38  cdcmple.o(.text)
    __aeabi_cdrcmple                         0x08000605   Thumb Code    38  cdrcmple.o(.text)
    __aeabi_d2f                              0x0800062d   Thumb Code    56  d2f.o(.text)
    __aeabi_cfcmpeq                          0x08000665   Thumb Code     0  cfcmple.o(.text)
    __aeabi_cfcmple                          0x08000665   Thumb Code    20  cfcmple.o(.text)
    __aeabi_cfrcmple                         0x08000679   Thumb Code    20  cfrcmple.o(.text)
    __aeabi_llsl                             0x0800068d   Thumb Code    32  llshl.o(.text)
    _ll_shift_l                              0x0800068d   Thumb Code     0  llshl.o(.text)
    __aeabi_llsr                             0x080006ad   Thumb Code    34  llushr.o(.text)
    _ll_ushift_r                             0x080006ad   Thumb Code     0  llushr.o(.text)
    __aeabi_lasr                             0x080006cf   Thumb Code    38  llsshr.o(.text)
    _ll_sshift_r                             0x080006cf   Thumb Code     0  llsshr.o(.text)
    __I$use$fp                               0x080006f5   Thumb Code     0  iusefp.o(.text)
    _float_round                             0x080006f5   Thumb Code    16  fepilogue.o(.text)
    _float_epilogue                          0x08000705   Thumb Code   114  fepilogue.o(.text)
    _double_round                            0x08000777   Thumb Code    26  depilogue.o(.text)
    _double_epilogue                         0x08000791   Thumb Code   164  depilogue.o(.text)
    __scatterload                            0x08000835   Thumb Code    28  init.o(.text)
    __scatterload_rt2                        0x08000835   Thumb Code     0  init.o(.text)
    ADC1_Init                                0x08000859   Thumb Code   148  adc.o(i.ADC1_Init)
    ADC_ChannelConfig                        0x080008f9   Thumb Code    20  hk32f030m_adc.o(i.ADC_ChannelConfig)
    ADC_ClearFlag                            0x0800090d   Thumb Code     4  hk32f030m_adc.o(i.ADC_ClearFlag)
    ADC_Cmd                                  0x08000911   Thumb Code    24  hk32f030m_adc.o(i.ADC_Cmd)
    ADC_DeInit                               0x08000929   Thumb Code    28  hk32f030m_adc.o(i.ADC_DeInit)
    ADC_GetConversionValue                   0x08000949   Thumb Code     8  hk32f030m_adc.o(i.ADC_GetConversionValue)
    ADC_GetFlagStatus                        0x08000951   Thumb Code    48  hk32f030m_adc.o(i.ADC_GetFlagStatus)
    ADC_Init                                 0x08000981   Thumb Code    36  hk32f030m_adc.o(i.ADC_Init)
    ADC_StartOfConversion                    0x080009a9   Thumb Code    10  hk32f030m_adc.o(i.ADC_StartOfConversion)
    ADC_StopOfConversion                     0x080009b3   Thumb Code    10  hk32f030m_adc.o(i.ADC_StopOfConversion)
    ADC_StructInit                           0x080009bd   Thumb Code    14  hk32f030m_adc.o(i.ADC_StructInit)
    ADC_Task                                 0x080009cd   Thumb Code   166  task.o(i.ADC_Task)
    Buzzer_Init                              0x08000aa5   Thumb Code    52  buzzer.o(i.Buzzer_Init)
    Buzzer_Ring                              0x08000ad9   Thumb Code     6  buzzer.o(i.Buzzer_Ring)
    Buzzer_Scan                              0x08000ae5   Thumb Code    64  buzzer.o(i.Buzzer_Scan)
    Buzzer_Task                              0x08000b2d   Thumb Code   302  task.o(i.Buzzer_Task)
    Conditional_Judgment                     0x08000c8d   Thumb Code  1734  task.o(i.Conditional_Judgment)
    Flashlight_Bright                        0x080013e1   Thumb Code   524  task.o(i.Flashlight_Bright)
    Flashlight_Detection                     0x08001629   Thumb Code   334  task.o(i.Flashlight_Detection)
    Flashlight_Task                          0x080017ad   Thumb Code   246  task.o(i.Flashlight_Task)
    GPIO_Init                                0x080018c9   Thumb Code   166  hk32f030m_gpio.o(i.GPIO_Init)
    GPIO_PinAFConfig                         0x0800196f   Thumb Code    68  hk32f030m_gpio.o(i.GPIO_PinAFConfig)
    Get_Vesc_Pack_Data                       0x080019b3   Thumb Code    16  vesc_uasrt.o(i.Get_Vesc_Pack_Data)
    HardFault_Handler                        0x080019c3   Thumb Code     4  hk32f030m_it.o(i.HardFault_Handler)
    IO_WS2812_Init                           0x080019c9   Thumb Code    48  io_ws2812.o(i.IO_WS2812_Init)
    IWDG_Enable                              0x080019fd   Thumb Code     8  hk32f030m_iwdg.o(i.IWDG_Enable)
    IWDG_Init                                0x08001a0d   Thumb Code    32  iwdg.o(i.IWDG_Init)
    IWDG_ReloadCounter                       0x08001a31   Thumb Code     8  hk32f030m_iwdg.o(i.IWDG_ReloadCounter)
    IWDG_SetPrescaler                        0x08001a41   Thumb Code     6  hk32f030m_iwdg.o(i.IWDG_SetPrescaler)
    IWDG_SetReload                           0x08001a4d   Thumb Code     6  hk32f030m_iwdg.o(i.IWDG_SetReload)
    IWDG_WriteAccessCmd                      0x08001a59   Thumb Code     6  hk32f030m_iwdg.o(i.IWDG_WriteAccessCmd)
    KEY1_Scan                                0x08001a65   Thumb Code   326  key.o(i.KEY1_Scan)
    KEY1_Task                                0x08001bc9   Thumb Code   144  task.o(i.KEY1_Task)
    KEY_Init                                 0x08001c71   Thumb Code    36  key.o(i.KEY_Init)
    LED_Init                                 0x08001c99   Thumb Code   130  led.o(i.LED_Init)
    LED_PWM_Init                             0x08001d21   Thumb Code   150  led_pwm.o(i.LED_PWM_Init)
    LED_Task                                 0x08001dc5   Thumb Code    36  task.o(i.LED_Task)
    NMI_Handler                              0x08001ded   Thumb Code     2  hk32f030m_it.o(i.NMI_Handler)
    NVIC_Init                                0x08001df1   Thumb Code   106  hk32f030m_misc.o(i.NVIC_Init)
    PendSV_Handler                           0x08001e61   Thumb Code     2  hk32f030m_it.o(i.PendSV_Handler)
    Power_Display                            0x08001e65   Thumb Code   580  task.o(i.Power_Display)
    Power_Init                               0x080020b1   Thumb Code    52  power.o(i.Power_Init)
    Power_Task                               0x080020e5   Thumb Code   144  task.o(i.Power_Task)
    Protocol_Parse                           0x08002195   Thumb Code   272  vesc_uasrt.o(i.Protocol_Parse)
    RCC_AHBPeriphClockCmd                    0x080022b9   Thumb Code    28  hk32f030m_rcc.o(i.RCC_AHBPeriphClockCmd)
    RCC_APB1PeriphClockCmd                   0x080022d9   Thumb Code    28  hk32f030m_rcc.o(i.RCC_APB1PeriphClockCmd)
    RCC_APB2PeriphClockCmd                   0x080022f9   Thumb Code    28  hk32f030m_rcc.o(i.RCC_APB2PeriphClockCmd)
    RCC_APB2PeriphResetCmd                   0x08002319   Thumb Code    28  hk32f030m_rcc.o(i.RCC_APB2PeriphResetCmd)
    RCC_GetClocksFreq                        0x08002339   Thumb Code   272  hk32f030m_rcc.o(i.RCC_GetClocksFreq)
    Read_ADC_Value                           0x08002465   Thumb Code   118  adc.o(i.Read_ADC_Value)
    SVC_Handler                              0x080024e1   Thumb Code     2  hk32f030m_it.o(i.SVC_Handler)
    Send_Pack_Data                           0x080024e5   Thumb Code   144  vesc_uasrt.o(i.Send_Pack_Data)
    SysTick_Handler                          0x080026b5   Thumb Code     2  hk32f030m_it.o(i.SysTick_Handler)
    SystemInit                               0x080026b9   Thumb Code    54  system_hk32f030m.o(i.SystemInit)
    TIM6_IRQHandler                          0x080026fd   Thumb Code   162  hk32f030m_it.o(i.TIM6_IRQHandler)
    TIM_ClearITPendingBit                    0x080027d9   Thumb Code     8  hk32f030m_tim.o(i.TIM_ClearITPendingBit)
    TIM_Cmd                                  0x080027e1   Thumb Code    24  hk32f030m_tim.o(i.TIM_Cmd)
    TIM_CtrlPWMOutputs                       0x080027fd   Thumb Code    26  hk32f030m_tim.o(i.TIM_CtrlPWMOutputs)
    TIM_GetITStatus                          0x08002817   Thumb Code    38  hk32f030m_tim.o(i.TIM_GetITStatus)
    TIM_ITConfig                             0x0800283d   Thumb Code    26  hk32f030m_tim.o(i.TIM_ITConfig)
    TIM_OC2Init                              0x08002859   Thumb Code   142  hk32f030m_tim.o(i.TIM_OC2Init)
    TIM_SetCompare2                          0x08002901   Thumb Code     4  hk32f030m_tim.o(i.TIM_SetCompare2)
    TIM_TimeBaseInit                         0x08002905   Thumb Code    68  hk32f030m_tim.o(i.TIM_TimeBaseInit)
    Time6_Init                               0x08002959   Thumb Code    70  time.o(i.Time6_Init)
    USART1_IRQHandler                        0x080029a9   Thumb Code   114  hk32f030m_it.o(i.USART1_IRQHandler)
    USART1_Init                              0x08002a31   Thumb Code   170  usart.o(i.USART1_Init)
    USART1_Send_Byte                         0x08002aed   Thumb Code    20  usart.o(i.USART1_Send_Byte)
    USART1_Send_Bytes                        0x08002b05   Thumb Code    26  usart.o(i.USART1_Send_Bytes)
    USART_ClearFlag                          0x08002b1f   Thumb Code     4  hk32f030m_usart.o(i.USART_ClearFlag)
    USART_Cmd                                0x08002b23   Thumb Code    24  hk32f030m_usart.o(i.USART_Cmd)
    USART_ITConfig                           0x08002b3b   Thumb Code    66  hk32f030m_usart.o(i.USART_ITConfig)
    USART_Init                               0x08002b7d   Thumb Code   204  hk32f030m_usart.o(i.USART_Init)
    USART_ReceiveData                        0x08002c55   Thumb Code    10  hk32f030m_usart.o(i.USART_ReceiveData)
    Usart_Task                               0x08002c61   Thumb Code   202  task.o(i.Usart_Task)
    WS2812                                   0x08002d4d   Thumb Code   216  task.o(i.WS2812)
    WS2812_0_Code                            0x08002e2d   Thumb Code    14  io_ws2812.o(i.WS2812_0_Code)
    WS2812_1_Code                            0x08002e41   Thumb Code    24  io_ws2812.o(i.WS2812_1_Code)
    WS2812_Boot                              0x08002e5d   Thumb Code   636  task.o(i.WS2812_Boot)
    WS2812_Cal_Bri                           0x080030ed   Thumb Code    62  task.o(i.WS2812_Cal_Bri)
    WS2812_Charge                            0x08003131   Thumb Code   592  task.o(i.WS2812_Charge)
    WS2812_Init                              0x08003389   Thumb Code    56  ws2812.o(i.WS2812_Init)
    WS2812_Refresh                           0x080033c5   Thumb Code    66  ws2812.o(i.WS2812_Refresh)
    WS2812_Set_Colour                        0x08003411   Thumb Code   150  ws2812.o(i.WS2812_Set_Colour)
    WS2812_Task                              0x080034ad   Thumb Code   228  task.o(i.WS2812_Task)
    __ARM_clz                                0x080035b1   Thumb Code    46  depilogue.o(i.__ARM_clz)
    __ARM_common_switch8                     0x080035df   Thumb Code    28  test.o(i.__ARM_common_switch8)
    __scatterload_copy                       0x080035fb   Thumb Code    14  handlers.o(i.__scatterload_copy)
    __scatterload_null                       0x08003609   Thumb Code     2  handlers.o(i.__scatterload_null)
    __scatterload_zeroinit                   0x0800360b   Thumb Code    14  handlers.o(i.__scatterload_zeroinit)
    buffer_get_float16                       0x08003619   Thumb Code    32  vesc_uasrt.o(i.buffer_get_float16)
    buffer_get_float32                       0x08003639   Thumb Code    32  vesc_uasrt.o(i.buffer_get_float32)
    buffer_get_int16                         0x08003659   Thumb Code    28  vesc_uasrt.o(i.buffer_get_int16)
    buffer_get_int32                         0x08003675   Thumb Code    48  vesc_uasrt.o(i.buffer_get_int32)
    crc16                                    0x080036a5   Thumb Code    40  crc.o(i.crc16)
    delay                                    0x080036d1   Thumb Code    14  ws2812.o(i.delay)
    main                                     0x080036e1   Thumb Code   130  main.o(i.main)
    crc16_tab                                0x08003778   Data         512  crc.o(.constdata)
    AHBPrescTable                            0x08003978   Data          32  hk32f030m_rcc.o(.constdata)
    APBPrescTable                            0x08003998   Data           8  hk32f030m_rcc.o(.constdata)
    Region$$Table$$Base                      0x080039a0   Number         0  anon$$obj.o(Region$$Table)
    Region$$Table$$Limit                     0x080039c0   Number         0  anon$$obj.o(Region$$Table)
    Val                                      0x20000000   Data           1  hk32f030m_it.o(.data)
    WS2812_Counter                           0x20000002   Data           2  ws2812.o(.data)
    VESC_RX_Flag                             0x20000004   Data           1  vesc_uasrt.o(.data)
    brightness                               0x20000008   Data           1  task.o(.data)
    val                                      0x20000009   Data           1  task.o(.data)
    flashlight_flag_last_2                   0x2000000a   Data           1  task.o(.data)
    Power_Flag                               0x20000028   Data           1  flag_bit.o(.data)
    Charge_Flag                              0x20000029   Data           1  flag_bit.o(.data)
    Flashlight_Flag                          0x2000002a   Data           1  flag_bit.o(.data)
    Brightness_Flag                          0x2000002b   Data           1  flag_bit.o(.data)
    WS2812_Display_Flag                      0x2000002c   Data           1  flag_bit.o(.data)
    WS2812_Flag                              0x2000002d   Data           1  flag_bit.o(.data)
    Power_Display_Flag                       0x2000002e   Data           1  flag_bit.o(.data)
    Buzzer_Flag                              0x2000002f   Data           1  flag_bit.o(.data)
    Usart_Flag                               0x20000030   Data           1  flag_bit.o(.data)
    VESC_Boot_Time                           0x20000032   Data           2  flag_bit.o(.data)
    Buzzer_Time                              0x20000034   Data           2  flag_bit.o(.data)
    Charge_Time                              0x20000036   Data           2  flag_bit.o(.data)
    Flashlight_Time                          0x20000038   Data           2  flag_bit.o(.data)
    Power_Time                               0x2000003a   Data           2  flag_bit.o(.data)
    Usart_Time                               0x2000003c   Data           2  flag_bit.o(.data)
    ADC_Time                                 0x2000003e   Data           2  flag_bit.o(.data)
    Shutdown_Time_S                          0x20000040   Data           2  flag_bit.o(.data)
    Shutdown_Time_M                          0x20000042   Data           1  flag_bit.o(.data)
    ADC1_Val                                 0x20000044   Data           4  flag_bit.o(.data)
    ADC2_Val                                 0x20000048   Data           4  flag_bit.o(.data)
    Charge_Voltage                           0x2000004c   Data           4  flag_bit.o(.data)
    Gear_Position                            0x20000050   Data           1  flag_bit.o(.data)
    WS2812_Measure                           0x20000051   Data           1  flag_bit.o(.data)
    Buzzer_Frequency                         0x20000052   Data           1  flag_bit.o(.data)
    Flashlight_Detection_Time                0x20000054   Data           2  flag_bit.o(.data)
    Charge_Current                           0x20000058   Data           4  flag_bit.o(.data)
    V_I                                      0x2000005c   Data           1  flag_bit.o(.data)
    Shutdown_Cnt                             0x2000005d   Data           1  flag_bit.o(.data)
    Charger_Detection_1ms                    0x2000005e   Data           2  flag_bit.o(.data)
    Power_On_Delay_1ms                       0x20000060   Data           2  flag_bit.o(.data)
    LED_Counter                              0x20000062   Data           2  led.o(.data)
    KEY1_State                               0x20000064   Data           1  key.o(.data)
    Buzzer_Counter                           0x2000006c   Data           2  buzzer.o(.data)
    WS2812_Buff                              0x20000070   Data         240  ws2812.o(.bss)
    VESC_RX_Buff                             0x20000160   Data         256  vesc_uasrt.o(.bss)
    data                                     0x20000260   Data          44  vesc_uasrt.o(.bss)
    protocol_buff                            0x2000028c   Data         256  vesc_uasrt.o(.bss)
    __initial_sp                             0x20000590   Data           0  keil_startup_hk32f030m.o(STACK)



==============================================================================

Memory Map of the image

  Image Entry point : 0x080000c1

  Load Region LR_IROM1 (Base: 0x08000000, Size: 0x00003a30, Max: 0x00004000, ABSOLUTE)

    Execution Region ER_IROM1 (Exec base: 0x08000000, Load base: 0x08000000, Size: 0x000039c0, Max: 0x00004000, ABSOLUTE)

    Exec Addr    Load Addr    Size         Type   Attr      Idx    E Section Name        Object

    0x08000000   0x08000000   0x000000c0   Data   RO            3    RESET               keil_startup_hk32f030m.o
    0x080000c0   0x080000c0   0x00000000   Code   RO         2567  * .ARM.Collect$$$$00000000  mc_p.l(entry.o)
    0x080000c0   0x080000c0   0x00000004   Code   RO         2606    .ARM.Collect$$$$00000001  mc_p.l(entry2.o)
    0x080000c4   0x080000c4   0x00000004   Code   RO         2609    .ARM.Collect$$$$00000004  mc_p.l(entry5.o)
    0x080000c8   0x080000c8   0x00000000   Code   RO         2611    .ARM.Collect$$$$00000008  mc_p.l(entry7b.o)
    0x080000c8   0x080000c8   0x00000000   Code   RO         2613    .ARM.Collect$$$$0000000A  mc_p.l(entry8b.o)
    0x080000c8   0x080000c8   0x00000008   Code   RO         2614    .ARM.Collect$$$$0000000B  mc_p.l(entry9a.o)
    0x080000d0   0x080000d0   0x00000000   Code   RO         2616    .ARM.Collect$$$$0000000D  mc_p.l(entry10a.o)
    0x080000d0   0x080000d0   0x00000000   Code   RO         2618    .ARM.Collect$$$$0000000F  mc_p.l(entry11a.o)
    0x080000d0   0x080000d0   0x00000004   Code   RO         2607    .ARM.Collect$$$$00002712  mc_p.l(entry2.o)
    0x080000d4   0x080000d4   0x0000001c   Code   RO            4    .text               keil_startup_hk32f030m.o
    0x080000f0   0x080000f0   0x0000002c   Code   RO         2570    .text               mc_p.l(uidiv.o)
    0x0800011c   0x0800011c   0x00000024   Code   RO         2572    .text               mc_p.l(memcpya.o)
    0x08000140   0x08000140   0x000000b2   Code   RO         2576    .text               mf_p.l(fadd.o)
    0x080001f2   0x080001f2   0x0000007a   Code   RO         2578    .text               mf_p.l(fmul.o)
    0x0800026c   0x0800026c   0x0000007c   Code   RO         2580    .text               mf_p.l(fdiv.o)
    0x080002e8   0x080002e8   0x00000164   Code   RO         2582    .text               mf_p.l(dadd.o)
    0x0800044c   0x0800044c   0x000000d0   Code   RO         2584    .text               mf_p.l(dmul.o)
    0x0800051c   0x0800051c   0x00000016   Code   RO         2586    .text               mf_p.l(fflti.o)
    0x08000532   0x08000532   0x00000002   PAD
    0x08000534   0x08000534   0x0000001c   Code   RO         2588    .text               mf_p.l(dfltui.o)
    0x08000550   0x08000550   0x00000028   Code   RO         2590    .text               mf_p.l(ffixui.o)
    0x08000578   0x08000578   0x0000003c   Code   RO         2592    .text               mf_p.l(dfixui.o)
    0x080005b4   0x080005b4   0x00000028   Code   RO         2594    .text               mf_p.l(f2d.o)
    0x080005dc   0x080005dc   0x00000028   Code   RO         2596    .text               mf_p.l(cdcmple.o)
    0x08000604   0x08000604   0x00000028   Code   RO         2598    .text               mf_p.l(cdrcmple.o)
    0x0800062c   0x0800062c   0x00000038   Code   RO         2600    .text               mf_p.l(d2f.o)
    0x08000664   0x08000664   0x00000014   Code   RO         2602    .text               mf_p.l(cfcmple.o)
    0x08000678   0x08000678   0x00000014   Code   RO         2604    .text               mf_p.l(cfrcmple.o)
    0x0800068c   0x0800068c   0x00000020   Code   RO         2620    .text               mc_p.l(llshl.o)
    0x080006ac   0x080006ac   0x00000022   Code   RO         2622    .text               mc_p.l(llushr.o)
    0x080006ce   0x080006ce   0x00000026   Code   RO         2624    .text               mc_p.l(llsshr.o)
    0x080006f4   0x080006f4   0x00000000   Code   RO         2626    .text               mc_p.l(iusefp.o)
    0x080006f4   0x080006f4   0x00000082   Code   RO         2627    .text               mf_p.l(fepilogue.o)
    0x08000776   0x08000776   0x000000be   Code   RO         2629    .text               mf_p.l(depilogue.o)
    0x08000834   0x08000834   0x00000024   Code   RO         2633    .text               mc_p.l(init.o)
    0x08000858   0x08000858   0x000000a0   Code   RO          844    i.ADC1_Init         adc.o
    0x080008f8   0x080008f8   0x00000014   Code   RO          934    i.ADC_ChannelConfig  hk32f030m_adc.o
    0x0800090c   0x0800090c   0x00000004   Code   RO          935    i.ADC_ClearFlag     hk32f030m_adc.o
    0x08000910   0x08000910   0x00000018   Code   RO          938    i.ADC_Cmd           hk32f030m_adc.o
    0x08000928   0x08000928   0x00000020   Code   RO          940    i.ADC_DeInit        hk32f030m_adc.o
    0x08000948   0x08000948   0x00000008   Code   RO          944    i.ADC_GetConversionValue  hk32f030m_adc.o
    0x08000950   0x08000950   0x00000030   Code   RO          945    i.ADC_GetFlagStatus  hk32f030m_adc.o
    0x08000980   0x08000980   0x00000028   Code   RO          948    i.ADC_Init          hk32f030m_adc.o
    0x080009a8   0x080009a8   0x0000000a   Code   RO          952    i.ADC_StartOfConversion  hk32f030m_adc.o
    0x080009b2   0x080009b2   0x0000000a   Code   RO          953    i.ADC_StopOfConversion  hk32f030m_adc.o
    0x080009bc   0x080009bc   0x0000000e   Code   RO          954    i.ADC_StructInit    hk32f030m_adc.o
    0x080009ca   0x080009ca   0x00000002   PAD
    0x080009cc   0x080009cc   0x000000d8   Code   RO          493    i.ADC_Task          task.o
    0x08000aa4   0x08000aa4   0x00000034   Code   RO          777    i.Buzzer_Init       buzzer.o
    0x08000ad8   0x08000ad8   0x0000000c   Code   RO          778    i.Buzzer_Ring       buzzer.o
    0x08000ae4   0x08000ae4   0x00000048   Code   RO          779    i.Buzzer_Scan       buzzer.o
    0x08000b2c   0x08000b2c   0x00000160   Code   RO          494    i.Buzzer_Task       task.o
    0x08000c8c   0x08000c8c   0x00000754   Code   RO          496    i.Conditional_Judgment  task.o
    0x080013e0   0x080013e0   0x00000248   Code   RO          497    i.Flashlight_Bright  task.o
    0x08001628   0x08001628   0x00000184   Code   RO          498    i.Flashlight_Detection  task.o
    0x080017ac   0x080017ac   0x0000011c   Code   RO          499    i.Flashlight_Task   task.o
    0x080018c8   0x080018c8   0x000000a6   Code   RO         1120    i.GPIO_Init         hk32f030m_gpio.o
    0x0800196e   0x0800196e   0x00000044   Code   RO         1121    i.GPIO_PinAFConfig  hk32f030m_gpio.o
    0x080019b2   0x080019b2   0x00000010   Code   RO          359    i.Get_Vesc_Pack_Data  vesc_uasrt.o
    0x080019c2   0x080019c2   0x00000004   Code   RO          185    i.HardFault_Handler  hk32f030m_it.o
    0x080019c6   0x080019c6   0x00000002   PAD
    0x080019c8   0x080019c8   0x00000034   Code   RO          870    i.IO_WS2812_Init    io_ws2812.o
    0x080019fc   0x080019fc   0x00000010   Code   RO         1232    i.IWDG_Enable       hk32f030m_iwdg.o
    0x08001a0c   0x08001a0c   0x00000024   Code   RO          908    i.IWDG_Init         iwdg.o
    0x08001a30   0x08001a30   0x00000010   Code   RO         1234    i.IWDG_ReloadCounter  hk32f030m_iwdg.o
    0x08001a40   0x08001a40   0x0000000c   Code   RO         1235    i.IWDG_SetPrescaler  hk32f030m_iwdg.o
    0x08001a4c   0x08001a4c   0x0000000c   Code   RO         1236    i.IWDG_SetReload    hk32f030m_iwdg.o
    0x08001a58   0x08001a58   0x0000000c   Code   RO         1238    i.IWDG_WriteAccessCmd  hk32f030m_iwdg.o
    0x08001a64   0x08001a64   0x00000164   Code   RO          745    i.KEY1_Scan         key.o
    0x08001bc8   0x08001bc8   0x000000a8   Code   RO          500    i.KEY1_Task         task.o
    0x08001c70   0x08001c70   0x00000028   Code   RO          746    i.KEY_Init          key.o
    0x08001c98   0x08001c98   0x00000088   Code   RO          633    i.LED_Init          led.o
    0x08001d20   0x08001d20   0x000000a4   Code   RO          725    i.LED_PWM_Init      led_pwm.o
    0x08001dc4   0x08001dc4   0x00000028   Code   RO          501    i.LED_Task          task.o
    0x08001dec   0x08001dec   0x00000002   Code   RO          186    i.NMI_Handler       hk32f030m_it.o
    0x08001dee   0x08001dee   0x00000002   PAD
    0x08001df0   0x08001df0   0x00000070   Code   RO         1288    i.NVIC_Init         hk32f030m_misc.o
    0x08001e60   0x08001e60   0x00000002   Code   RO          187    i.PendSV_Handler    hk32f030m_it.o
    0x08001e62   0x08001e62   0x00000002   PAD
    0x08001e64   0x08001e64   0x0000024c   Code   RO          502    i.Power_Display     task.o
    0x080020b0   0x080020b0   0x00000034   Code   RO          705    i.Power_Init        power.o
    0x080020e4   0x080020e4   0x000000b0   Code   RO          503    i.Power_Task        task.o
    0x08002194   0x08002194   0x00000124   Code   RO          360    i.Protocol_Parse    vesc_uasrt.o
    0x080022b8   0x080022b8   0x00000020   Code   RO         1321    i.RCC_AHBPeriphClockCmd  hk32f030m_rcc.o
    0x080022d8   0x080022d8   0x00000020   Code   RO         1323    i.RCC_APB1PeriphClockCmd  hk32f030m_rcc.o
    0x080022f8   0x080022f8   0x00000020   Code   RO         1325    i.RCC_APB2PeriphClockCmd  hk32f030m_rcc.o
    0x08002318   0x08002318   0x00000020   Code   RO         1326    i.RCC_APB2PeriphResetCmd  hk32f030m_rcc.o
    0x08002338   0x08002338   0x0000012c   Code   RO         1333    i.RCC_GetClocksFreq  hk32f030m_rcc.o
    0x08002464   0x08002464   0x0000007c   Code   RO          845    i.Read_ADC_Value    adc.o
    0x080024e0   0x080024e0   0x00000002   Code   RO          188    i.SVC_Handler       hk32f030m_it.o
    0x080024e2   0x080024e2   0x00000002   PAD
    0x080024e4   0x080024e4   0x00000094   Code   RO          361    i.Send_Pack_Data    vesc_uasrt.o
    0x08002578   0x08002578   0x00000054   Code   RO          247    i.SetSysClock       system_hk32f030m.o
    0x080025cc   0x080025cc   0x000000e8   Code   RO          248    i.SetSysClockToHSI_32M  system_hk32f030m.o
    0x080026b4   0x080026b4   0x00000002   Code   RO          189    i.SysTick_Handler   hk32f030m_it.o
    0x080026b6   0x080026b6   0x00000002   PAD
    0x080026b8   0x080026b8   0x00000044   Code   RO          250    i.SystemInit        system_hk32f030m.o
    0x080026fc   0x080026fc   0x000000dc   Code   RO          190    i.TIM6_IRQHandler   hk32f030m_it.o
    0x080027d8   0x080027d8   0x00000008   Code   RO         1740    i.TIM_ClearITPendingBit  hk32f030m_tim.o
    0x080027e0   0x080027e0   0x0000001c   Code   RO         1745    i.TIM_Cmd           hk32f030m_tim.o
    0x080027fc   0x080027fc   0x0000001a   Code   RO         1747    i.TIM_CtrlPWMOutputs  hk32f030m_tim.o
    0x08002816   0x08002816   0x00000026   Code   RO         1764    i.TIM_GetITStatus   hk32f030m_tim.o
    0x0800283c   0x0800283c   0x0000001a   Code   RO         1768    i.TIM_ITConfig      hk32f030m_tim.o
    0x08002856   0x08002856   0x00000002   PAD
    0x08002858   0x08002858   0x000000a8   Code   RO         1777    i.TIM_OC2Init       hk32f030m_tim.o
    0x08002900   0x08002900   0x00000004   Code   RO         1805    i.TIM_SetCompare2   hk32f030m_tim.o
    0x08002904   0x08002904   0x00000054   Code   RO         1814    i.TIM_TimeBaseInit  hk32f030m_tim.o
    0x08002958   0x08002958   0x00000050   Code   RO          659    i.Time6_Init        time.o
    0x080029a8   0x080029a8   0x00000088   Code   RO          191    i.USART1_IRQHandler  hk32f030m_it.o
    0x08002a30   0x08002a30   0x000000bc   Code   RO          812    i.USART1_Init       usart.o
    0x08002aec   0x08002aec   0x00000018   Code   RO          813    i.USART1_Send_Byte  usart.o
    0x08002b04   0x08002b04   0x0000001a   Code   RO          814    i.USART1_Send_Bytes  usart.o
    0x08002b1e   0x08002b1e   0x00000004   Code   RO         2276    i.USART_ClearFlag   hk32f030m_usart.o
    0x08002b22   0x08002b22   0x00000018   Code   RO         2280    i.USART_Cmd         hk32f030m_usart.o
    0x08002b3a   0x08002b3a   0x00000042   Code   RO         2289    i.USART_ITConfig    hk32f030m_usart.o
    0x08002b7c   0x08002b7c   0x000000d8   Code   RO         2290    i.USART_Init        hk32f030m_usart.o
    0x08002c54   0x08002c54   0x0000000a   Code   RO         2302    i.USART_ReceiveData  hk32f030m_usart.o
    0x08002c5e   0x08002c5e   0x00000002   PAD
    0x08002c60   0x08002c60   0x000000ec   Code   RO          504    i.Usart_Task        task.o
    0x08002d4c   0x08002d4c   0x000000e0   Code   RO          505    i.WS2812            task.o
    0x08002e2c   0x08002e2c   0x00000014   Code   RO          872    i.WS2812_0_Code     io_ws2812.o
    0x08002e40   0x08002e40   0x0000001c   Code   RO          873    i.WS2812_1_Code     io_ws2812.o
    0x08002e5c   0x08002e5c   0x00000290   Code   RO          506    i.WS2812_Boot       task.o
    0x080030ec   0x080030ec   0x00000044   Code   RO          507    i.WS2812_Cal_Bri    task.o
    0x08003130   0x08003130   0x00000258   Code   RO          508    i.WS2812_Charge     task.o
    0x08003388   0x08003388   0x0000003c   Code   RO          290    i.WS2812_Init       ws2812.o
    0x080033c4   0x080033c4   0x0000004c   Code   RO          292    i.WS2812_Refresh    ws2812.o
    0x08003410   0x08003410   0x0000009c   Code   RO          293    i.WS2812_Set_Colour  ws2812.o
    0x080034ac   0x080034ac   0x00000104   Code   RO          509    i.WS2812_Task       task.o
    0x080035b0   0x080035b0   0x0000002e   Code   RO         2631    i.__ARM_clz         mf_p.l(depilogue.o)
    0x080035de   0x080035de   0x0000001c   Code   RO          483    i.__ARM_common_switch8  test.o
    0x080035fa   0x080035fa   0x0000000e   Code   RO         2637    i.__scatterload_copy  mc_p.l(handlers.o)
    0x08003608   0x08003608   0x00000002   Code   RO         2638    i.__scatterload_null  mc_p.l(handlers.o)
    0x0800360a   0x0800360a   0x0000000e   Code   RO         2639    i.__scatterload_zeroinit  mc_p.l(handlers.o)
    0x08003618   0x08003618   0x00000020   Code   RO          362    i.buffer_get_float16  vesc_uasrt.o
    0x08003638   0x08003638   0x00000020   Code   RO          363    i.buffer_get_float32  vesc_uasrt.o
    0x08003658   0x08003658   0x0000001c   Code   RO          364    i.buffer_get_int16  vesc_uasrt.o
    0x08003674   0x08003674   0x00000030   Code   RO          365    i.buffer_get_int32  vesc_uasrt.o
    0x080036a4   0x080036a4   0x0000002c   Code   RO          342    i.crc16             crc.o
    0x080036d0   0x080036d0   0x0000000e   Code   RO          294    i.delay             ws2812.o
    0x080036de   0x080036de   0x00000002   PAD
    0x080036e0   0x080036e0   0x00000098   Code   RO           12    i.main              main.o
    0x08003778   0x08003778   0x00000200   Data   RO          343    .constdata          crc.o
    0x08003978   0x08003978   0x00000028   Data   RO         1347    .constdata          hk32f030m_rcc.o
    0x080039a0   0x080039a0   0x00000020   Data   RO         2635    Region$$Table       anon$$obj.o


    Execution Region RW_IRAM1 (Exec base: 0x20000000, Load base: 0x080039c0, Size: 0x00000590, Max: 0x00000800, ABSOLUTE)

    Exec Addr    Load Addr    Size         Type   Attr      Idx    E Section Name        Object

    0x20000000   0x080039c0   0x00000002   Data   RW          192    .data               hk32f030m_it.o
    0x20000002   0x080039c2   0x00000002   Data   RW          296    .data               ws2812.o
    0x20000004   0x080039c4   0x00000001   Data   RW          369    .data               vesc_uasrt.o
    0x20000005   0x080039c5   0x00000003   PAD
    0x20000008   0x080039c8   0x00000020   Data   RW          510    .data               task.o
    0x20000028   0x080039e8   0x0000003a   Data   RW          612    .data               flag_bit.o
    0x20000062   0x08003a22   0x00000002   Data   RW          634    .data               led.o
    0x20000064   0x08003a24   0x00000008   Data   RW          747    .data               key.o
    0x2000006c   0x08003a2c   0x00000003   Data   RW          780    .data               buzzer.o
    0x2000006f   0x08003a2f   0x00000001   PAD
    0x20000070        -       0x000000f0   Zero   RW          295    .bss                ws2812.o
    0x20000160        -       0x0000022c   Zero   RW          368    .bss                vesc_uasrt.o
    0x2000038c   0x08003a2f   0x00000004   PAD
    0x20000390        -       0x00000200   Zero   RW            1    STACK               keil_startup_hk32f030m.o


==============================================================================

Image component sizes


      Code (inc. data)   RO Data    RW Data    ZI Data      Debug   Object Name

       284         18          0          0          0       1289   adc.o
       136         14          0          3          0       1835   buzzer.o
        44          4        512          0          0       1312   crc.o
         0          0          0         58          0       1595   flag_bit.o
       210          8          0          0          0       7431   hk32f030m_adc.o
       234          0          0          0          0       2243   hk32f030m_gpio.o
       368         80          0          2          0       3771   hk32f030m_it.o
        68         34          0          0          0       3074   hk32f030m_iwdg.o
       112          6          0          0          0       1212   hk32f030m_misc.o
       428         44         40          0          0       4721   hk32f030m_rcc.o
       382         46          0          0          0       6499   hk32f030m_tim.o
       320         12          0          0          0       4764   hk32f030m_usart.o
       100         14          0          0          0       1509   io_ws2812.o
        36          4          0          0          0        488   iwdg.o
        28          8        192          0        512        824   keil_startup_hk32f030m.o
       396         42          0          8          0       1568   key.o
       136          6          0          2          0        861   led.o
       164         14          0          0          0        699   led_pwm.o
       152         22          0          0          0     218391   main.o
        52          0          0          0          0        537   power.o
       384         40          0          0          0       2949   system_hk32f030m.o
      6716        762          0         32          0      14062   task.o
        28          0          0          0          0         76   test.o
        80         10          0          0          0        573   time.o
       238         22          0          0          0       2197   usart.o
       596         24          0          1        556       6454   vesc_uasrt.o
       306         20          0          2        240       4892   ws2812.o

    ----------------------------------------------------------------------
     12016       1254        776        112       1312     295826   Object Totals
         0          0         32          0          0          0   (incl. Generated)
        18          0          0          4          4          0   (incl. Padding)

    ----------------------------------------------------------------------

      Code (inc. data)   RO Data    RW Data    ZI Data      Debug   Library Member Name

         0          0          0          0          0          0   entry.o
         0          0          0          0          0          0   entry10a.o
         0          0          0          0          0          0   entry11a.o
         8          4          0          0          0          0   entry2.o
         4          0          0          0          0          0   entry5.o
         0          0          0          0          0          0   entry7b.o
         0          0          0          0          0          0   entry8b.o
         8          4          0          0          0          0   entry9a.o
        30          0          0          0          0          0   handlers.o
        36          8          0          0          0         68   init.o
         0          0          0          0          0          0   iusefp.o
        32          0          0          0          0         68   llshl.o
        38          0          0          0          0         68   llsshr.o
        34          0          0          0          0         68   llushr.o
        36          0          0          0          0         60   memcpya.o
        44          0          0          0          0         72   uidiv.o
        40          2          0          0          0         68   cdcmple.o
        40          2          0          0          0         68   cdrcmple.o
        20          0          0          0          0         68   cfcmple.o
        20          0          0          0          0         68   cfrcmple.o
        56          0          0          0          0         68   d2f.o
       356          4          0          0          0        140   dadd.o
       236          0          0          0          0        216   depilogue.o
        60         10          0          0          0         68   dfixui.o
        28          4          0          0          0         68   dfltui.o
       208          6          0          0          0         88   dmul.o
        40          0          0          0          0         60   f2d.o
       178          0          0          0          0        108   fadd.o
       124          0          0          0          0         72   fdiv.o
       130          0          0          0          0        144   fepilogue.o
        40          0          0          0          0         60   ffixui.o
        22          0          0          0          0         68   fflti.o
       122          0          0          0          0         72   fmul.o

    ----------------------------------------------------------------------
      1992         44          0          0          0       1908   Library Totals
         2          0          0          0          0          0   (incl. Padding)

    ----------------------------------------------------------------------

      Code (inc. data)   RO Data    RW Data    ZI Data      Debug   Library Name

       270         16          0          0          0        404   mc_p.l
      1720         28          0          0          0       1504   mf_p.l

    ----------------------------------------------------------------------
      1992         44          0          0          0       1908   Library Totals

    ----------------------------------------------------------------------

==============================================================================


      Code (inc. data)   RO Data    RW Data    ZI Data      Debug   

     14008       1298        776        112       1312     292970   Grand Totals
     14008       1298        776        112       1312     292970   ELF Image Totals
     14008       1298        776        112          0          0   ROM Totals

==============================================================================

    Total RO  Size (Code + RO Data)                14784 (  14.44kB)
    Total RW  Size (RW Data + ZI Data)              1424 (   1.39kB)
    Total ROM Size (Code + RO Data + RW Data)      14896 (  14.55kB)

==============================================================================

